Archive member included to satisfy reference by file (symbol)

/opt/devkitpro/libctru/lib/libcitro2d.a(base.o)
                              main.o (C2D_Init)
/opt/devkitpro/libctru/lib/libcitro2d.a(render2d.shbin.o)
                              /opt/devkitpro/libctru/lib/libcitro2d.a(base.o) (render2d_shbin)
/opt/devkitpro/libctru/lib/libcitro3d.a(attribs.o)
                              /opt/devkitpro/libctru/lib/libcitro2d.a(base.o) (AttrInfo_Init)
/opt/devkitpro/libctru/lib/libcitro3d.a(base.o)
                              /opt/devkitpro/libctru/lib/libcitro3d.a(attribs.o) (__C3D_Context)
/opt/devkitpro/libctru/lib/libcitro3d.a(buffers.o)
                              /opt/devkitpro/libctru/lib/libcitro2d.a(base.o) (BufInfo_Init)
/opt/devkitpro/libctru/lib/libcitro3d.a(drawElements.o)
                              /opt/devkitpro/libctru/lib/libcitro2d.a(base.o) (C3D_DrawElements)
/opt/devkitpro/libctru/lib/libcitro3d.a(effect.o)
                              /opt/devkitpro/libctru/lib/libcitro3d.a(base.o) (C3D_DepthMap)
/opt/devkitpro/libctru/lib/libcitro3d.a(framebuffer.o)
                              /opt/devkitpro/libctru/lib/libcitro3d.a(base.o) (C3Di_FrameBufBind)
/opt/devkitpro/libctru/lib/libcitro3d.a(immediate.o)
                              /opt/devkitpro/libctru/lib/libcitro3d.a(base.o) (C3D_ImmSendAttrib)
/opt/devkitpro/libctru/lib/libcitro3d.a(proctex.o)
                              /opt/devkitpro/libctru/lib/libcitro2d.a(base.o) (C3D_ProcTexInit)
/opt/devkitpro/libctru/lib/libcitro3d.a(renderqueue.o)
                              /opt/devkitpro/libctru/lib/libcitro3d.a(base.o) (C3Di_RenderQueueEnableVBlank)
/opt/devkitpro/libctru/lib/libcitro3d.a(texenv.o)
                              /opt/devkitpro/libctru/lib/libcitro2d.a(base.o) (C3D_GetTexEnv)
/opt/devkitpro/libctru/lib/libcitro3d.a(texture.o)
                              /opt/devkitpro/libctru/lib/libcitro2d.a(base.o) (C3D_TexBind)
/opt/devkitpro/libctru/lib/libcitro3d.a(uniforms.o)
                              /opt/devkitpro/libctru/lib/libcitro3d.a(base.o) (C3D_UpdateUniforms)
/opt/devkitpro/libctru/lib/libcitro3d.a(mtx_multiply.o)
                              /opt/devkitpro/libctru/lib/libcitro2d.a(base.o) (Mtx_Multiply)
/opt/devkitpro/libctru/lib/libcitro3d.a(mtx_ortho.o)
                              /opt/devkitpro/libctru/lib/libcitro2d.a(base.o) (Mtx_Ortho)
/opt/devkitpro/libctru/lib/libcitro3d.a(mtx_orthotilt.o)
                              /opt/devkitpro/libctru/lib/libcitro2d.a(base.o) (Mtx_OrthoTilt)
/opt/devkitpro/libctru/lib/libcitro3d.a(mtx_rotatez.o)
                              /opt/devkitpro/libctru/lib/libcitro2d.a(base.o) (Mtx_RotateZ)
/opt/devkitpro/libctru/lib/libcitro3d.a(mtx_scale.o)
                              /opt/devkitpro/libctru/lib/libcitro2d.a(base.o) (Mtx_Scale)
/opt/devkitpro/libctru/lib/libcitro3d.a(mtx_translate.o)
                              /opt/devkitpro/libctru/lib/libcitro2d.a(base.o) (Mtx_Translate)
/opt/devkitpro/libctru/lib/libctru.a(vram.o)
                              /opt/devkitpro/libctru/lib/libcitro3d.a(renderqueue.o) (vramAlloc)
/opt/devkitpro/libctru/lib/libctru.a(linear.o)
                              /opt/devkitpro/libctru/lib/libcitro2d.a(base.o) (linearAlloc)
/opt/devkitpro/libctru/lib/libctru.a(mem_pool.o)
                              /opt/devkitpro/libctru/lib/libctru.a(vram.o) (MemPool::Allocate(MemChunk&, unsigned long, int))
/opt/devkitpro/libctru/lib/libctru.a(os.o)
                              /opt/devkitpro/libctru/lib/libcitro3d.a(buffers.o) (osConvertVirtToPhys)
/opt/devkitpro/libctru/lib/libctru.a(gfx.o)
                              /opt/devkitpro/libctru/lib/libcitro2d.a(base.o) (gfxIsWide)
/opt/devkitpro/libctru/lib/libctru.a(shaderProgram.o)
                              /opt/devkitpro/libctru/lib/libcitro2d.a(base.o) (shaderInstanceGetUniformLocation)
/opt/devkitpro/libctru/lib/libctru.a(shbin.o)
                              /opt/devkitpro/libctru/lib/libcitro2d.a(base.o) (DVLB_ParseFile)
/opt/devkitpro/libctru/lib/libctru.a(gx.o)
                              /opt/devkitpro/libctru/lib/libcitro3d.a(renderqueue.o) (GX_BindQueue)
/opt/devkitpro/libctru/lib/libctru.a(gxqueue.o)
                              /opt/devkitpro/libctru/lib/libcitro3d.a(renderqueue.o) (gxCmdQueueClear)
/opt/devkitpro/libctru/lib/libctru.a(gpu.o)
                              /opt/devkitpro/libctru/lib/libcitro3d.a(base.o) (gpuCmdBufOffset)
/opt/devkitpro/libctru/lib/libctru.a(gspgpu.o)
                              /opt/devkitpro/libctru/lib/libctru.a(gfx.o) (gspInit)
/opt/devkitpro/libctru/lib/libctru.a(ac.o)
                              main.o (acInit)
/opt/devkitpro/libctru/lib/libctru.a(apt.o)
                              /opt/devkitpro/libctru/lib/libcitro3d.a(base.o) (aptHook)
/opt/devkitpro/libctru/lib/libctru.a(cam.o)
                              Camera.o (camInit)
/opt/devkitpro/libctru/lib/libctru.a(hid.o)
                              main.o (hidScanInput)
[...]
Memory Configuration

Name             Origin             Length             Attributes
*default*        0x00000000         0xffffffff

Linker script and memory map

                0x00000000                        __sync_synchronize = __sync_synchronize_dmb
                0x00100000                        PROVIDE (__start__ = 0x100000)
                0x00100000                        . = __start__

.text           0x00100000    0x142ec
 *(.crt0)
 .crt0          0x00100000       0x94 /opt/devkitpro/devkitARM/bin/../lib/gcc/arm-none-eabi/14.2.0/../../../../arm-none-eabi/lib/armv6k/fpu/3dsx_crt0.o
                0x00100000                _start
                0x00100008                __service_ptr
                0x0010000c                __apt_appid
                0x00100010                __heap_size
                0x00100014                __linear_heap_size
                0x00100018                __system_arglist
                0x0010001c                __system_runflags
 *(.init)
 .init          0x00100094        0xc /opt/devkitpro/devkitARM/bin/../lib/gcc/arm-none-eabi/14.2.0/armv6k/fpu/crti.o
                0x00100094                _init
 .init          0x001000a0        0xc /opt/devkitpro/devkitARM/bin/../lib/gcc/arm-none-eabi/14.2.0/armv6k/fpu/crtn.o
                0x001000ac                        . = ALIGN (0x4)
 *(.text)
 .text          0x001000ac      0x1a8 /opt/devkitpro/devkitARM/bin/../lib/gcc/arm-none-eabi/14.2.0/armv6k/fpu/libgcc.a(libunwind.o)
                0x001000ac                __restore_core_regs
                0x001000ac                restore_core_regs
                0x001000c0                __gnu_Unwind_Restore_VFP
                0x001000c8                __gnu_Unwind_Save_VFP
                0x001000d0                __gnu_Unwind_Restore_VFP_D
                0x001000d8                __gnu_Unwind_Save_VFP_D
                0x001000e0                __gnu_Unwind_Restore_VFP_D_16_to_31
                0x001000e8                __gnu_Unwind_Save_VFP_D_16_to_31
                0x001000f0                __gnu_Unwind_Restore_WMMXD
                0x00100134                __gnu_Unwind_Save_WMMXD
                0x00100178                __gnu_Unwind_Restore_WMMXC
                0x0010018c                __gnu_Unwind_Save_WMMXC
                0x001001a0                ___Unwind_RaiseException
                0x001001a0                _Unwind_RaiseException
                0x001001c4                ___Unwind_Resume
                0x001001c4                _Unwind_Resume
                0x001001e8                _Unwind_Resume_or_Rethrow
                0x001001e8                ___Unwind_Resume_or_Rethrow
                0x0010020c                ___Unwind_ForcedUnwind
                0x0010020c                _Unwind_ForcedUnwind
                0x00100230                _Unwind_Backtrace
                0x00100230                ___Unwind_Backtrace
 .text          0x00100254        0x4 /opt/devkitpro/devkitARM/bin/../lib/gcc/arm-none-eabi/14.2.0/armv6k/fpu/libgcc.a(_dvmd_tls.o)
                0x00100254                __aeabi_ldiv0
                0x00100254                __aeabi_idiv0
 *fill*         0x00100258        0x8 
 .text          0x00100260      0x390 /opt/devkitpro/devkitARM/bin/../lib/gcc/arm-none-eabi/14.2.0/../../../../arm-none-eabi/lib/armv6k/fpu/libg.a(libc_a-strcmp.o)
                0x00100268                strcmp
 .text          0x001005f0      0x20c /opt/devkitpro/devkitARM/bin/../lib/gcc/arm-none-eabi/14.2.0/armv6k/fpu/libgcc.a(_udivsi3.o)
                0x001005f0                __udivsi3
                0x001005f0                __aeabi_uidiv
                0x001007dc                __aeabi_uidivmod
 *(.text.*)
 .text.__do_global_dtors_aux
                0x001007fc       0x40 /opt/devkitpro/devkitARM/bin/../lib/gcc/arm-none-eabi/14.2.0/armv6k/fpu/crtbegin.o
 .text.frame_dummy
                0x0010083c       0x2c /opt/devkitpro/devkitARM/bin/../lib/gcc/arm-none-eabi/14.2.0/armv6k/fpu/crtbegin.o
 .text.startup.main
                0x00100868      0x168 main.o
                0x00100868                main
 .text._ZN11CameraModel20setCameraContextPairEm
                0x001009d0      0x28c Camera.o
                0x001009d0                CameraModel::setCameraContextPair(unsigned long)
 .text._ZN11CameraModel10initCameraEm9CAMU_Size
                0x00100c5c       0x80 Camera.o
                0x00100c5c                CameraModel::initCamera(unsigned long, CAMU_Size)
 *fill*         0x00100cdc        0x4 
 .text._ZN10CameraView21CameraSelectionButtonEiim
                0x00100ce0      0x108 Camera.o
                0x00100ce0                CameraView::CameraSelectionButton(int, int, unsigned long)
 .text._ZN16CameraController12selectCameraEv
                0x00100de8       0x68 Camera.o
                0x00100de8                CameraController::selectCamera()
 .text.C2Di_FrameEndHook
                0x00100e50       0x44 /opt/devkitpro/libctru/lib/libcitro2d.a(base.o)
 *fill*         0x00100e94        0x4 
 .text.C2D_Init
                0x00100e98      0x36c /opt/devkitpro/libctru/lib/libcitro2d.a(base.o)
                0x00100e98                C2D_Init
 .text.C2D_Prepare
                0x00101204       0xb8 /opt/devkitpro/libctru/lib/libcitro2d.a(base.o)
                0x00101204                C2D_Prepare
 .text.C2D_Flush
                0x001012bc       0x48 /opt/devkitpro/libctru/lib/libcitro2d.a(base.o)
                0x001012bc                C2D_Flush
 .text.C2D_SceneSize
                0x00101304      0x104 /opt/devkitpro/libctru/lib/libcitro2d.a(base.o)
                0x00101304                C2D_SceneSize
 .text.C2D_CreateScreenTarget
                0x00101408       0x58 /opt/devkitpro/libctru/lib/libcitro2d.a(base.o)
                0x00101408                C2D_CreateScreenTarget
 .text.C2D_TargetClear
                0x00101460       0x64 /opt/devkitpro/libctru/lib/libcitro2d.a(base.o)
                0x00101460                C2D_TargetClear
 .text.C2Di_AppendQuad
                0x001014c4       0x58 /opt/devkitpro/libctru/lib/libcitro2d.a(base.o)
                0x001014c4                C2Di_AppendQuad
 .text.C2Di_Update
                0x0010151c      0x550 /opt/devkitpro/libctru/lib/libcitro2d.a(base.o)
                0x0010151c                C2Di_Update
 .text.C2D_DrawEllipse
                0x00101a6c      0x16c /opt/devkitpro/libctru/lib/libcitro2d.a(base.o)
                0x00101a6c                C2D_DrawEllipse
 .text.AttrInfo_Init
                0x00101bd8       0x28 /opt/devkitpro/libctru/lib/libcitro3d.a(attribs.o)
                0x00101bd8                AttrInfo_Init
 .text.AttrInfo_AddLoader
                0x00101c00       0x94 /opt/devkitpro/libctru/lib/libcitro3d.a(attribs.o)
                0x00101c00                AttrInfo_AddLoader
 .text.C3D_SetAttrInfo
                0x00101c94       0x54 /opt/devkitpro/libctru/lib/libcitro3d.a(attribs.o)
                0x00101c94                C3D_SetAttrInfo
 .text.C3Di_AttrInfoBind
                0x00101ce8       0x80 /opt/devkitpro/libctru/lib/libcitro3d.a(attribs.o)
                0x00101ce8                C3Di_AttrInfoBind
 .text.C3Di_LightEnvUpdate
                0x00101d68        0x4 /opt/devkitpro/libctru/lib/libcitro3d.a(base.o)
                0x00101d68                C3Di_LightEnvUpdate
 .text.C3Di_LightEnvDirty
                0x00101d6c        0x4 /opt/devkitpro/libctru/lib/libcitro3d.a(base.o)
                0x00101d6c                C3Di_LightEnvDirty
 .text.C3Di_AptEventHook
                0x00101d70       0xb4 /opt/devkitpro/libctru/lib/libcitro3d.a(base.o)
 .text.C3Di_GasUpdate
                0x00101e24        0x4 /opt/devkitpro/libctru/lib/libcitro3d.a(base.o)
                0x00101e24                C3Di_GasUpdate
 .text.C3D_Init
                0x00101e28      0x1d0 /opt/devkitpro/libctru/lib/libcitro3d.a(base.o)
                0x00101e28                C3D_Init
 .text.C3D_SetViewport
                0x00101ff8       0x98 /opt/devkitpro/libctru/lib/libcitro3d.a(base.o)
                0x00101ff8                C3D_SetViewport
 .text.C3Di_UpdateContext
                0x00102090      0x4e4 /opt/devkitpro/libctru/lib/libcitro3d.a(base.o)
                0x00102090                C3Di_UpdateContext
 .text.C3Di_SplitFrame
                0x00102574       0xe0 /opt/devkitpro/libctru/lib/libcitro3d.a(base.o)
                0x00102574                C3Di_SplitFrame
 .text.C3D_BindProgram
                0x00102654      0x1b4 /opt/devkitpro/libctru/lib/libcitro3d.a(base.o)
                0x00102654                C3D_BindProgram
 .text.BufInfo_Init
                0x00102808       0x24 /opt/devkitpro/libctru/lib/libcitro3d.a(buffers.o)
                0x00102808                BufInfo_Init
 .text.BufInfo_Add
                0x0010282c       0x80 /opt/devkitpro/libctru/lib/libcitro3d.a(buffers.o)
                0x0010282c                BufInfo_Add
 .text.C3D_SetBufInfo
                0x001028ac       0x3c /opt/devkitpro/libctru/lib/libcitro3d.a(buffers.o)
                0x001028ac                C3D_SetBufInfo
 .text.C3Di_BufInfoBind
                0x001028e8       0x48 /opt/devkitpro/libctru/lib/libcitro3d.a(buffers.o)
                0x001028e8                C3Di_BufInfoBind
 .text.C3D_DrawElements
                0x00102930      0x21c /opt/devkitpro/libctru/lib/libcitro3d.a(drawElements.o)
                0x00102930                C3D_DrawElements
 .text.C3D_DepthMap
                0x00102b4c       0x40 /opt/devkitpro/libctru/lib/libcitro3d.a(effect.o)
                0x00102b4c                C3D_DepthMap
 .text.C3D_CullFace
                0x00102b8c       0x1c /opt/devkitpro/libctru/lib/libcitro3d.a(effect.o)
                0x00102b8c                C3D_CullFace
 .text.C3D_StencilTest
                0x00102ba8       0x40 /opt/devkitpro/libctru/lib/libcitro3d.a(effect.o)
                0x00102ba8                C3D_StencilTest
 .text.C3D_StencilOp
                0x00102be8       0x24 /opt/devkitpro/libctru/lib/libcitro3d.a(effect.o)
                0x00102be8                C3D_StencilOp
 .text.C3D_BlendingColor
                0x00102c0c       0x1c /opt/devkitpro/libctru/lib/libcitro3d.a(effect.o)
                0x00102c0c                C3D_BlendingColor
 .text.C3D_EarlyDepthTest
                0x00102c28       0x24 /opt/devkitpro/libctru/lib/libcitro3d.a(effect.o)
                0x00102c28                C3D_EarlyDepthTest
 .text.C3D_DepthTest
                0x00102c4c       0x2c /opt/devkitpro/libctru/lib/libcitro3d.a(effect.o)
                0x00102c4c                C3D_DepthTest
 .text.C3D_AlphaTest
                0x00102c78       0x2c /opt/devkitpro/libctru/lib/libcitro3d.a(effect.o)
                0x00102c78                C3D_AlphaTest
 .text.C3D_AlphaBlend
                0x00102ca4       0x50 /opt/devkitpro/libctru/lib/libcitro3d.a(effect.o)
                0x00102ca4                C3D_AlphaBlend
 .text.C3D_FragOpMode
                0x00102cf4       0x30 /opt/devkitpro/libctru/lib/libcitro3d.a(effect.o)
                0x00102cf4                C3D_FragOpMode
 .text.C3D_FragOpShadow
                0x00102d24       0x44 /opt/devkitpro/libctru/lib/libcitro3d.a(effect.o)
                0x00102d24                C3D_FragOpShadow
 .text.C3Di_EffectBind
                0x00102d68      0x1ac /opt/devkitpro/libctru/lib/libcitro3d.a(effect.o)
                0x00102d68                C3Di_EffectBind
 .text.C3D_CalcColorBufSize
                0x00102f14       0x1c /opt/devkitpro/libctru/lib/libcitro3d.a(framebuffer.o)
                0x00102f14                C3D_CalcColorBufSize
 .text.C3D_CalcDepthBufSize
                0x00102f30       0x1c /opt/devkitpro/libctru/lib/libcitro3d.a(framebuffer.o)
                0x00102f30                C3D_CalcDepthBufSize
 .text.C3D_SetFrameBuf
                0x00102f4c       0x44 /opt/devkitpro/libctru/lib/libcitro3d.a(framebuffer.o)
                0x00102f4c                C3D_SetFrameBuf
 .text.C3Di_FrameBufBind
                0x00102f90      0x16c /opt/devkitpro/libctru/lib/libcitro3d.a(framebuffer.o)
                0x00102f90                C3Di_FrameBufBind
 .text.C3D_FrameBufClear
                0x001030fc       0xcc /opt/devkitpro/libctru/lib/libcitro3d.a(framebuffer.o)
                0x001030fc                C3D_FrameBufClear
 .text.C3D_FrameBufTransfer
                0x001031c8       0x44 /opt/devkitpro/libctru/lib/libcitro3d.a(framebuffer.o)
                0x001031c8                C3D_FrameBufTransfer
 .text.C3D_ImmSendAttrib
                0x0010320c       0xa8 /opt/devkitpro/libctru/lib/libcitro3d.a(immediate.o)
                0x0010320c                C3D_ImmSendAttrib
 .text.C3D_ProcTexInit
                0x001032b4       0x70 /opt/devkitpro/libctru/lib/libcitro3d.a(proctex.o)
                0x001032b4                C3D_ProcTexInit
 .text.C3D_ProcTexBind
                0x00103324       0x54 /opt/devkitpro/libctru/lib/libcitro3d.a(proctex.o)
                0x00103324                C3D_ProcTexBind
 .text.C3D_ProcTexLutBind
                0x00103378       0x5c /opt/devkitpro/libctru/lib/libcitro3d.a(proctex.o)
                0x00103378                C3D_ProcTexLutBind
 .text.ProcTexLut_FromArray
                0x001033d4       0x9c /opt/devkitpro/libctru/lib/libcitro3d.a(proctex.o)
                0x001033d4                ProcTexLut_FromArray
 .text.C3Di_ProcTexUpdate
                0x00103470      0x180 /opt/devkitpro/libctru/lib/libcitro3d.a(proctex.o)
                0x00103470                C3Di_ProcTexUpdate
 .text.C3Di_ProcTexDirty
                0x001035f0       0x68 /opt/devkitpro/libctru/lib/libcitro3d.a(proctex.o)
                0x001035f0                C3Di_ProcTexDirty
 .text.onVBlank0
                0x00103658       0x4c /opt/devkitpro/libctru/lib/libcitro3d.a(renderqueue.o)
 .text.onVBlank1
                0x001036a4       0x4c /opt/devkitpro/libctru/lib/libcitro3d.a(renderqueue.o)
 .text.onQueueFinish
                0x001036f0       0xf4 /opt/devkitpro/libctru/lib/libcitro3d.a(renderqueue.o)
 .text.C3Di_RenderQueueEnableVBlank
                0x001037e4       0x38 /opt/devkitpro/libctru/lib/libcitro3d.a(renderqueue.o)
                0x001037e4                C3Di_RenderQueueEnableVBlank
 .text.C3Di_RenderQueueDisableVBlank
                0x0010381c       0x30 /opt/devkitpro/libctru/lib/libcitro3d.a(renderqueue.o)
                0x0010381c                C3Di_RenderQueueDisableVBlank
 .text.C3Di_RenderQueueInit
                0x0010384c       0x5c /opt/devkitpro/libctru/lib/libcitro3d.a(renderqueue.o)
                0x0010384c                C3Di_RenderQueueInit
 .text.C3Di_RenderQueueWaitDone
                0x001038a8       0x34 /opt/devkitpro/libctru/lib/libcitro3d.a(renderqueue.o)
                0x001038a8                C3Di_RenderQueueWaitDone
 .text.C3D_FrameBegin
                0x001038dc       0xe4 /opt/devkitpro/libctru/lib/libcitro3d.a(renderqueue.o)
                0x001038dc                C3D_FrameBegin
 .text.C3D_FrameDrawOn
                0x001039c0       0x48 /opt/devkitpro/libctru/lib/libcitro3d.a(renderqueue.o)
                0x001039c0                C3D_FrameDrawOn
 .text.C3D_FrameSplit
                0x00103a08       0x58 /opt/devkitpro/libctru/lib/libcitro3d.a(renderqueue.o)
                0x00103a08                C3D_FrameSplit
 .text.C3D_FrameEnd
                0x00103a60      0x1d0 /opt/devkitpro/libctru/lib/libcitro3d.a(renderqueue.o)
                0x00103a60                C3D_FrameEnd
 .text.C3D_FrameEndHook
                0x00103c30       0x1c /opt/devkitpro/libctru/lib/libcitro3d.a(renderqueue.o)
                0x00103c30                C3D_FrameEndHook
 .text.C3D_RenderTargetCreate
                0x00103c4c      0x170 /opt/devkitpro/libctru/lib/libcitro3d.a(renderqueue.o)
                0x00103c4c                C3D_RenderTargetCreate
 .text.C3D_RenderTargetSetOutput
                0x00103dbc       0xa8 /opt/devkitpro/libctru/lib/libcitro3d.a(renderqueue.o)
                0x00103dbc                C3D_RenderTargetSetOutput
 .text.C3D_GetTexEnv
                0x00103e64       0x34 /opt/devkitpro/libctru/lib/libcitro3d.a(texenv.o)
                0x00103e64                C3D_GetTexEnv
 .text.C3Di_TexEnvBind
                0x00103e98       0x24 /opt/devkitpro/libctru/lib/libcitro3d.a(texenv.o)
                0x00103e98                C3Di_TexEnvBind
 .text.C3D_TexBind
                0x00103ebc       0x44 /opt/devkitpro/libctru/lib/libcitro3d.a(texture.o)
                0x00103ebc                C3D_TexBind
 .text.C3Di_SetTex
                0x00103f00      0x14c /opt/devkitpro/libctru/lib/libcitro3d.a(texture.o)
                0x00103f00                C3Di_SetTex
 .text.C3D_UpdateUniforms
                0x0010404c      0x29c /opt/devkitpro/libctru/lib/libcitro3d.a(uniforms.o)
                0x0010404c                C3D_UpdateUniforms
 .text.C3Di_DirtyUniforms
                0x001042e8       0xc0 /opt/devkitpro/libctru/lib/libcitro3d.a(uniforms.o)
                0x001042e8                C3Di_DirtyUniforms
 .text.C3Di_LoadShaderUniforms
                0x001043a8       0xd8 /opt/devkitpro/libctru/lib/libcitro3d.a(uniforms.o)
                0x001043a8                C3Di_LoadShaderUniforms
 .text.C3Di_ClearShaderUniforms
                0x00104480       0x28 /opt/devkitpro/libctru/lib/libcitro3d.a(uniforms.o)
                0x00104480                C3Di_ClearShaderUniforms
 .text.Mtx_Ortho
                0x001044a8       0xc8 /opt/devkitpro/libctru/lib/libcitro3d.a(mtx_ortho.o)
                0x001044a8                Mtx_Ortho
 .text.Mtx_OrthoTilt
                0x00104570       0xc8 /opt/devkitpro/libctru/lib/libcitro3d.a(mtx_orthotilt.o)
                0x00104570                Mtx_OrthoTilt
 .text._ZL21addrMapNodeComparatorPK11rbtree_nodeS1_
                0x00104638       0x24 /opt/devkitpro/libctru/lib/libctru.a(vram.o)
 .text._ZL21addrMapNodeDestructorP11rbtree_node
                0x0010465c        0x4 /opt/devkitpro/libctru/lib/libctru.a(vram.o)
 .text.vramMemAlignAt
                0x00104660      0x244 /opt/devkitpro/libctru/lib/libctru.a(vram.o)
                0x00104660                vramMemAlignAt
 .text.vramAlloc
                0x001048a4        0xc /opt/devkitpro/libctru/lib/libctru.a(vram.o)
                0x001048a4                vramAlloc
 .text.vramAllocAt
                0x001048b0        0xc /opt/devkitpro/libctru/lib/libctru.a(vram.o)
                0x001048b0                vramAllocAt
 .text.vramFree
                0x001048bc       0x90 /opt/devkitpro/libctru/lib/libctru.a(vram.o)
                0x001048bc                vramFree
 .text._ZL21addrMapNodeComparatorPK11rbtree_nodeS1_
                0x0010494c       0x24 /opt/devkitpro/libctru/lib/libctru.a(linear.o)
 .text._ZL21addrMapNodeDestructorP11rbtree_node
                0x00104970        0x4 /opt/devkitpro/libctru/lib/libctru.a(linear.o)
 .text.linearMemAlign
                0x00104974      0x120 /opt/devkitpro/libctru/lib/libctru.a(linear.o)
                0x00104974                linearMemAlign
 .text.linearAlloc
                0x00104a94        0x8 /opt/devkitpro/libctru/lib/libctru.a(linear.o)
                0x00104a94                linearAlloc
 .text.linearFree
                0x00104a9c       0x5c /opt/devkitpro/libctru/lib/libctru.a(linear.o)
                0x00104a9c                linearFree
 .text._ZN7MemPool13CoalesceRightEP8MemBlock
                0x00104af8       0x84 /opt/devkitpro/libctru/lib/libctru.a(mem_pool.o)
                0x00104af8                MemPool::CoalesceRight(MemBlock*)
 .text._ZN7MemPool8AllocateER8MemChunkmi
                0x00104b7c      0x150 /opt/devkitpro/libctru/lib/libctru.a(mem_pool.o)
                0x00104b7c                MemPool::Allocate(MemChunk&, unsigned long, int)
 .text._ZN7MemPool10DeallocateERK8MemChunk
                0x00104ccc       0xfc /opt/devkitpro/libctru/lib/libctru.a(mem_pool.o)
                0x00104ccc                MemPool::Deallocate(MemChunk const&)
 .text._ZN7MemPool12GetFreeSpaceEv
                0x00104dc8       0x30 /opt/devkitpro/libctru/lib/libctru.a(mem_pool.o)
                0x00104dc8                MemPool::GetFreeSpace()
 .text.osConvertVirtToPhys
                0x00104df8       0x74 /opt/devkitpro/libctru/lib/libctru.a(os.o)
                0x00104df8                osConvertVirtToPhys
 .text.__ctru_speedup_config
                0x00104e6c       0x34 /opt/devkitpro/libctru/lib/libctru.a(os.o)
                0x00104e6c                __ctru_speedup_config
 .text.gfxPresentFramebuffer
                0x00104ea0       0xd0 /opt/devkitpro/libctru/lib/libctru.a(gfx.o)
 .text.gfxIsWide
                0x00104f70       0x1c /opt/devkitpro/libctru/lib/libctru.a(gfx.o)
                0x00104f70                gfxIsWide
 .text.gfxSetScreenFormat
                0x00104f8c       0xec /opt/devkitpro/libctru/lib/libctru.a(gfx.o)
                0x00104f8c                gfxSetScreenFormat
 .text.gfxSetDoubleBuffering
                0x00105078       0x10 /opt/devkitpro/libctru/lib/libctru.a(gfx.o)
                0x00105078                gfxSetDoubleBuffering
 .text.gfxInit  0x00105088       0xd8 /opt/devkitpro/libctru/lib/libctru.a(gfx.o)
                0x00105088                gfxInit
 .text.gfxInitDefault
                0x00105160       0x10 /opt/devkitpro/libctru/lib/libctru.a(gfx.o)
                0x00105160                gfxInitDefault
 .text.gfxGetFramebuffer
                0x00105170       0xa0 /opt/devkitpro/libctru/lib/libctru.a(gfx.o)
                0x00105170                gfxGetFramebuffer
 .text.gfxScreenSwapBuffers
                0x00105210       0x30 /opt/devkitpro/libctru/lib/libctru.a(gfx.o)
                0x00105210                gfxScreenSwapBuffers
 .text.shaderInstanceInit
                0x00105240      0x1d0 /opt/devkitpro/libctru/lib/libctru.a(shaderProgram.o)
                0x00105240                shaderInstanceInit
 .text.shaderInstanceGetUniformLocation
                0x00105410       0x18 /opt/devkitpro/libctru/lib/libctru.a(shaderProgram.o)
                0x00105410                shaderInstanceGetUniformLocation
 .text.shaderProgramInit
                0x00105428       0x1c /opt/devkitpro/libctru/lib/libctru.a(shaderProgram.o)
                0x00105428                shaderProgramInit
 .text.shaderProgramSetVsh
                0x00105444       0x80 /opt/devkitpro/libctru/lib/libctru.a(shaderProgram.o)
                0x00105444                shaderProgramSetVsh
 .text.shaderProgramConfigure
                0x001054c4      0x8d0 /opt/devkitpro/libctru/lib/libctru.a(shaderProgram.o)
                0x001054c4                shaderProgramConfigure
 .text.DVLE_GenerateOutmap.part.0
                0x00105d94      0x1dc /opt/devkitpro/libctru/lib/libctru.a(shbin.o)
 .text.DVLB_ParseFile
                0x00105f70      0x1b0 /opt/devkitpro/libctru/lib/libctru.a(shbin.o)
                0x00105f70                DVLB_ParseFile
 .text.DVLE_GetUniformRegister
                0x00106120       0x74 /opt/devkitpro/libctru/lib/libctru.a(shbin.o)
                0x00106120                DVLE_GetUniformRegister
 .text.GX_BindQueue
                0x00106194       0x10 /opt/devkitpro/libctru/lib/libctru.a(gx.o)
                0x00106194                GX_BindQueue
 .text.GX_ProcessCommandList
                0x001061a4       0x78 /opt/devkitpro/libctru/lib/libctru.a(gx.o)
                0x001061a4                GX_ProcessCommandList
 .text.GX_MemoryFill
                0x0010621c       0x74 /opt/devkitpro/libctru/lib/libctru.a(gx.o)
                0x0010621c                GX_MemoryFill
 .text.GX_DisplayTransfer
                0x00106290       0x70 /opt/devkitpro/libctru/lib/libctru.a(gx.o)
                0x00106290                GX_DisplayTransfer
 .text.gxCmdQueueDoCommands.part.0
                0x00106300       0x68 /opt/devkitpro/libctru/lib/libctru.a(gxqueue.o)
 .text.gxCmdQueueInterrupt
                0x00106368       0xc8 /opt/devkitpro/libctru/lib/libctru.a(gxqueue.o)
                0x00106368                gxCmdQueueInterrupt
 .text.gxCmdQueueClear
                0x00106430       0x4c /opt/devkitpro/libctru/lib/libctru.a(gxqueue.o)
                0x00106430                gxCmdQueueClear
 .text.gxCmdQueueAdd
                0x0010647c       0xf8 /opt/devkitpro/libctru/lib/libctru.a(gxqueue.o)
                0x0010647c                gxCmdQueueAdd
 .text.gxCmdQueueRun
                0x00106574       0x80 /opt/devkitpro/libctru/lib/libctru.a(gxqueue.o)
                0x00106574                gxCmdQueueRun
 .text.gxCmdQueueStop
                0x001065f4       0x60 /opt/devkitpro/libctru/lib/libctru.a(gxqueue.o)
                0x001065f4                gxCmdQueueStop
 .text.gxCmdQueueWait
                0x00106654       0x8c /opt/devkitpro/libctru/lib/libctru.a(gxqueue.o)
                0x00106654                gxCmdQueueWait
 .text.GPUCMD_Add
                0x001066e0      0x13c /opt/devkitpro/libctru/lib/libctru.a(gpu.o)
                0x001066e0                GPUCMD_Add
 .text.GPUCMD_Split
                0x0010681c       0xb0 /opt/devkitpro/libctru/lib/libctru.a(gpu.o)
                0x0010681c                GPUCMD_Split
 .text.f32tof16
                0x001068cc       0x34 /opt/devkitpro/libctru/lib/libctru.a(gpu.o)
                0x001068cc                f32tof16
 .text.f32tof24
                0x00106900       0x34 /opt/devkitpro/libctru/lib/libctru.a(gpu.o)
                0x00106900                f32tof24
 .text.f32tof31
                0x00106934       0x38 /opt/devkitpro/libctru/lib/libctru.a(gpu.o)
                0x00106934                f32tof31
 .text.gspHardwareInit
                0x0010696c      0xc70 /opt/devkitpro/libctru/lib/libctru.a(gspgpu.o)
 .text.gspInit  0x001075dc      0x248 /opt/devkitpro/libctru/lib/libctru.a(gspgpu.o)
                0x001075dc                gspInit
 .text.gspPresentBuffer
                0x00107824       0xa0 /opt/devkitpro/libctru/lib/libctru.a(gspgpu.o)
                0x00107824                gspPresentBuffer
 .text.gspSetEventCallback
                0x001078c4       0x30 /opt/devkitpro/libctru/lib/libctru.a(gspgpu.o)
                0x001078c4                gspSetEventCallback
 .text.gspWaitForEvent
                0x001078f4       0x44 /opt/devkitpro/libctru/lib/libctru.a(gspgpu.o)
                0x001078f4                gspWaitForEvent
 .text.gspWaitForAnyEvent
                0x00107938       0x4c /opt/devkitpro/libctru/lib/libctru.a(gspgpu.o)
                0x00107938                gspWaitForAnyEvent
 .text.gspEventThreadMain
                0x00107984      0x160 /opt/devkitpro/libctru/lib/libctru.a(gspgpu.o)
 .text.gspSubmitGxCommand
                0x00107ae4      0x130 /opt/devkitpro/libctru/lib/libctru.a(gspgpu.o)
                0x00107ae4                gspSubmitGxCommand
 .text.GSPGPU_FlushDataCache
                0x00107c14       0x50 /opt/devkitpro/libctru/lib/libctru.a(gspgpu.o)
                0x00107c14                GSPGPU_FlushDataCache
 .text.GSPGPU_SetLcdForceBlack
                0x00107c64       0x34 /opt/devkitpro/libctru/lib/libctru.a(gspgpu.o)
                0x00107c64                GSPGPU_SetLcdForceBlack
 .text.GSPGPU_AcquireRight
                0x00107c98       0x68 /opt/devkitpro/libctru/lib/libctru.a(gspgpu.o)
                0x00107c98                GSPGPU_AcquireRight
 .text.GSPGPU_ReleaseRight
                0x00107d00       0x48 /opt/devkitpro/libctru/lib/libctru.a(gspgpu.o)
                0x00107d00                GSPGPU_ReleaseRight
 .text.GSPGPU_ImportDisplayCaptureInfo
                0x00107d48       0x7c /opt/devkitpro/libctru/lib/libctru.a(gspgpu.o)
                0x00107d48                GSPGPU_ImportDisplayCaptureInfo
 .text.GSPGPU_SaveVramSysArea
                0x00107dc4       0x2c /opt/devkitpro/libctru/lib/libctru.a(gspgpu.o)
                0x00107dc4                GSPGPU_SaveVramSysArea
 .text.GSPGPU_RestoreVramSysArea
                0x00107df0       0x2c /opt/devkitpro/libctru/lib/libctru.a(gspgpu.o)
                0x00107df0                GSPGPU_RestoreVramSysArea
 .text.acInit   0x00107e1c       0x8c /opt/devkitpro/libctru/lib/libctru.a(ac.o)
                0x00107e1c                acInit
 .text.aptConvertScreenForCapture
                0x00107ea8      0x1b0 /opt/devkitpro/libctru/lib/libctru.a(apt.o)
 .text.aptDspSleep
                0x00108058        0x8 /opt/devkitpro/libctru/lib/libctru.a(apt.o)
                0x00108058                aptDspSleep
 .text.aptDspWakeup
                0x00108060        0x4 /opt/devkitpro/libctru/lib/libctru.a(apt.o)
                0x00108060                aptDspWakeup
 .text.aptDspCancel
                0x00108064        0x4 /opt/devkitpro/libctru/lib/libctru.a(apt.o)
                0x00108064                aptDspCancel
 .text.aptSendCommand
                0x00108068      0x158 /opt/devkitpro/libctru/lib/libctru.a(apt.o)
                0x00108068                aptSendCommand
 .text.aptExitProcess
                0x001081c0       0x44 /opt/devkitpro/libctru/lib/libctru.a(apt.o)
 .text.aptExit  0x00108204      0x380 /opt/devkitpro/libctru/lib/libctru.a(apt.o)
                0x00108204                aptExit
 .text.aptHandleSleep
                0x00108584       0xd8 /opt/devkitpro/libctru/lib/libctru.a(apt.o)
                0x00108584                aptHandleSleep
 .text.aptHook  0x0010865c       0x30 /opt/devkitpro/libctru/lib/libctru.a(apt.o)
                0x0010865c                aptHook
 .text.APT_SleepIfShellClosed
                0x0010868c       0x84 /opt/devkitpro/libctru/lib/libctru.a(apt.o)
                0x0010868c                APT_SleepIfShellClosed
 .text.aptSetSleepAllowed
                0x00108710       0x78 /opt/devkitpro/libctru/lib/libctru.a(apt.o)
                0x00108710                aptSetSleepAllowed
 .text.APT_UnlockTransition
                0x00108788       0x84 /opt/devkitpro/libctru/lib/libctru.a(apt.o)
                0x00108788                APT_UnlockTransition
 *fill*         0x0010880c        0x4 
 .text.aptEventHandler
                0x00108810      0x478 /opt/devkitpro/libctru/lib/libctru.a(apt.o)
 .text.APT_ReceiveParameter
                0x00108c88       0xb0 /opt/devkitpro/libctru/lib/libctru.a(apt.o)
                0x00108c88                APT_ReceiveParameter
 .text.aptReceiveParameter.constprop.0
                0x00108d38       0xac /opt/devkitpro/libctru/lib/libctru.a(apt.o)
 *fill*         0x00108de4        0x4 
 .text.aptScreenTransfer
                0x00108de8      0x294 /opt/devkitpro/libctru/lib/libctru.a(apt.o)
 .text.aptWaitForWakeUp.isra.0
                0x0010907c      0x2c8 /opt/devkitpro/libctru/lib/libctru.a(apt.o)
 .text.aptJumpToHomeMenu
                0x00109344       0xf4 /opt/devkitpro/libctru/lib/libctru.a(apt.o)
                0x00109344                aptJumpToHomeMenu
 .text.aptMainLoop
                0x00109438       0x48 /opt/devkitpro/libctru/lib/libctru.a(apt.o)
                0x00109438                aptMainLoop
 .text.aptInit  0x00109480      0x22c /opt/devkitpro/libctru/lib/libctru.a(apt.o)
                0x00109480                aptInit
 .text.APT_CheckNew3DS
                0x001096ac       0x7c /opt/devkitpro/libctru/lib/libctru.a(apt.o)
                0x001096ac                APT_CheckNew3DS
 .text.camInit  0x00109728       0xb4 /opt/devkitpro/libctru/lib/libctru.a(cam.o)
                0x00109728                camInit
 .text.CAMU_SetAutoExposure
                0x001097dc       0x38 /opt/devkitpro/libctru/lib/libctru.a(cam.o)
                0x001097dc                CAMU_SetAutoExposure
 .text.CAMU_SetAutoWhiteBalance
                0x00109814       0x38 /opt/devkitpro/libctru/lib/libctru.a(cam.o)
                0x00109814                CAMU_SetAutoWhiteBalance
 .text.CAMU_SetSize
                0x0010984c       0x40 /opt/devkitpro/libctru/lib/libctru.a(cam.o)
                0x0010984c                CAMU_SetSize
 .text.CAMU_SetOutputFormat
                0x0010988c       0x40 /opt/devkitpro/libctru/lib/libctru.a(cam.o)
                0x0010988c                CAMU_SetOutputFormat
 .text.CAMU_SetNoiseFilter
                0x001098cc       0x38 /opt/devkitpro/libctru/lib/libctru.a(cam.o)
                0x001098cc                CAMU_SetNoiseFilter
 .text.hidShouldUseIrrst
                0x00109904       0x24 /opt/devkitpro/libctru/lib/libctru.a(hid.o)
                0x00109904                hidShouldUseIrrst
 .text.hidInit  0x00109928      0x18c /opt/devkitpro/libctru/lib/libctru.a(hid.o)
                0x00109928                hidInit
 .text.hidExit  0x00109ab4       0xe8 /opt/devkitpro/libctru/lib/libctru.a(hid.o)
                0x00109ab4                hidExit
 .text.hidScanInput
                0x00109b9c      0x2a4 /opt/devkitpro/libctru/lib/libctru.a(hid.o)
                0x00109b9c                hidScanInput
 .text.hidKeysHeld
                0x00109e40       0x10 /opt/devkitpro/libctru/lib/libctru.a(hid.o)
                0x00109e40                hidKeysHeld
 .text.hidKeysDown
                0x00109e50       0x10 /opt/devkitpro/libctru/lib/libctru.a(hid.o)
                0x00109e50                hidKeysDown
 .text.hidTouchRead
                0x00109e60       0x18 /opt/devkitpro/libctru/lib/libctru.a(hid.o)
                0x00109e60                hidTouchRead
 .text.ptmSysmInit
                0x00109e78       0x74 /opt/devkitpro/libctru/lib/libctru.a(ptmsysm.o)
                0x00109e78                ptmSysmInit
 .text.ptmSysmExit
                0x00109eec       0x3c /opt/devkitpro/libctru/lib/libctru.a(ptmsysm.o)
                0x00109eec                ptmSysmExit
 .text.PTMSYSM_ConfigureNew3DSCPU
                0x00109f28       0x34 /opt/devkitpro/libctru/lib/libctru.a(ptmsysm.o)
                0x00109f28                PTMSYSM_ConfigureNew3DSCPU
 .text.rbtree_init
                0x00109f5c       0x10 /opt/devkitpro/libctru/lib/libctru.a(rbtree_init.o)
                0x00109f5c                rbtree_init
 .text.do_insert
                0x00109f6c      0x19c /opt/devkitpro/libctru/lib/libctru.a(rbtree_insert.o)
 .text.rbtree_insert
                0x0010a108        0x8 /opt/devkitpro/libctru/lib/libctru.a(rbtree_insert.o)
                0x0010a108                rbtree_insert
 .text.rbtree_rotate
                0x0010a110       0x90 /opt/devkitpro/libctru/lib/libctru.a(rbtree_rotate.o)
                0x0010a110                rbtree_rotate
 .text.rbtree_remove
                0x0010a1a0      0x310 /opt/devkitpro/libctru/lib/libctru.a(rbtree_remove.o)
                0x0010a1a0                rbtree_remove
 .text.rbtree_find
                0x0010a4b0       0x74 /opt/devkitpro/libctru/lib/libctru.a(rbtree_find.o)
                0x0010a4b0                rbtree_find
 *fill*         0x0010a524        0x4 
 .text.__system_allocateHeaps
                0x0010a528      0x1e0 /opt/devkitpro/libctru/lib/libctru.a(allocateHeaps.o)
                0x0010a528                __system_allocateHeaps
 .text.__libctru_init
                0x0010a708       0x38 /opt/devkitpro/libctru/lib/libctru.a(ctru_init.o)
                0x0010a708                __libctru_init
 .text.__system_initArgv
                0x0010a740      0x160 /opt/devkitpro/libctru/lib/libctru.a(initArgv.o)
                0x0010a740                __system_initArgv
 .text.svcControlMemory
                0x0010a8a0       0x20 /opt/devkitpro/libctru/lib/libctru.a(svc.o)
                0x0010a8a0                svcControlMemory
 .text.svcQueryMemory
                0x0010a8c0       0x30 /opt/devkitpro/libctru/lib/libctru.a(svc.o)
                0x0010a8c0                svcQueryMemory
 .text.svcExitProcess
                0x0010a8f0        0x8 /opt/devkitpro/libctru/lib/libctru.a(svc.o)
                0x0010a8f0                svcExitProcess
 .text.svcCreateThread
                0x0010a8f8       0x20 /opt/devkitpro/libctru/lib/libctru.a(svc.o)
                0x0010a8f8                svcCreateThread
 .text.svcExitThread
                0x0010a918        0x8 /opt/devkitpro/libctru/lib/libctru.a(svc.o)
                0x0010a918                svcExitThread
 .text.svcSleepThread
                0x0010a920        0x8 /opt/devkitpro/libctru/lib/libctru.a(svc.o)
                0x0010a920                svcSleepThread
 .text.svcReleaseMutex
                0x0010a928        0x8 /opt/devkitpro/libctru/lib/libctru.a(svc.o)
                0x0010a928                svcReleaseMutex
 .text.svcCreateEvent
                0x0010a930       0x14 /opt/devkitpro/libctru/lib/libctru.a(svc.o)
                0x0010a930                svcCreateEvent
 .text.svcSignalEvent
                0x0010a944        0x8 /opt/devkitpro/libctru/lib/libctru.a(svc.o)
                0x0010a944                svcSignalEvent
 .text.svcClearEvent
                0x0010a94c        0x8 /opt/devkitpro/libctru/lib/libctru.a(svc.o)
                0x0010a94c                svcClearEvent
 .text.svcMapMemoryBlock
                0x0010a954        0x8 /opt/devkitpro/libctru/lib/libctru.a(svc.o)
                0x0010a954                svcMapMemoryBlock
 .text.svcUnmapMemoryBlock
                0x0010a95c        0x8 /opt/devkitpro/libctru/lib/libctru.a(svc.o)
                0x0010a95c                svcUnmapMemoryBlock
 .text.svcCreateAddressArbiter
                0x0010a964       0x14 /opt/devkitpro/libctru/lib/libctru.a(svc.o)
                0x0010a964                svcCreateAddressArbiter
 .text.svcArbitrateAddressNoTimeout
                0x0010a978        0x8 /opt/devkitpro/libctru/lib/libctru.a(svc.o)
                0x0010a978                svcArbitrateAddressNoTimeout
 .text.svcCloseHandle
                0x0010a980        0x8 /opt/devkitpro/libctru/lib/libctru.a(svc.o)
                0x0010a980                svcCloseHandle
 .text.svcWaitSynchronization
                0x0010a988        0x8 /opt/devkitpro/libctru/lib/libctru.a(svc.o)
                0x0010a988                svcWaitSynchronization
 .text.svcWaitSynchronizationN
                0x0010a990       0x28 /opt/devkitpro/libctru/lib/libctru.a(svc.o)
                0x0010a990                svcWaitSynchronizationN
 .text.svcDuplicateHandle
                0x0010a9b8       0x14 /opt/devkitpro/libctru/lib/libctru.a(svc.o)
                0x0010a9b8                svcDuplicateHandle
 .text.svcGetSystemTick
                0x0010a9cc        0x8 /opt/devkitpro/libctru/lib/libctru.a(svc.o)
                0x0010a9cc                svcGetSystemTick
 .text.svcConnectToPort
                0x0010a9d4       0x14 /opt/devkitpro/libctru/lib/libctru.a(svc.o)
                0x0010a9d4                svcConnectToPort
 .text.svcSendSyncRequest
                0x0010a9e8        0x8 /opt/devkitpro/libctru/lib/libctru.a(svc.o)
                0x0010a9e8                svcSendSyncRequest
 .text.svcGetResourceLimit
                0x0010a9f0       0x14 /opt/devkitpro/libctru/lib/libctru.a(svc.o)
                0x0010a9f0                svcGetResourceLimit
 .text.svcGetResourceLimitLimitValues
                0x0010aa04        0x8 /opt/devkitpro/libctru/lib/libctru.a(svc.o)
                0x0010aa04                svcGetResourceLimitLimitValues
 .text.svcGetResourceLimitCurrentValues
                0x0010aa0c        0x8 /opt/devkitpro/libctru/lib/libctru.a(svc.o)
                0x0010aa0c                svcGetResourceLimitCurrentValues
 .text.svcBreak
                0x0010aa14        0x8 /opt/devkitpro/libctru/lib/libctru.a(svc.o)
                0x0010aa14                svcBreak
 .text.initSystem
                0x0010aa1c       0x50 /opt/devkitpro/libctru/lib/libctru.a(stack_adjust.o)
                0x0010aa1c                initSystem
 .text.__ctru_exit
                0x0010aa6c       0x14 /opt/devkitpro/libctru/lib/libctru.a(stack_adjust.o)
                0x0010aa6c                __ctru_exit
 .text.__sync_init
                0x0010aa80        0xc /opt/devkitpro/libctru/lib/libctru.a(synchronization.o)
                0x0010aa80                __sync_init
 .text.__sync_fini
                0x0010aa8c       0x18 /opt/devkitpro/libctru/lib/libctru.a(synchronization.o)
                0x0010aa8c                __sync_fini
 .text.syncArbitrateAddress
                0x0010aaa4       0x2c /opt/devkitpro/libctru/lib/libctru.a(synchronization.o)
                0x0010aaa4                syncArbitrateAddress
 .text.LightLock_Lock
                0x0010aad0       0xb0 /opt/devkitpro/libctru/lib/libctru.a(synchronization.o)
                0x0010aad0                LightLock_Lock
 .text.LightLock_Unlock
                0x0010ab80       0x40 /opt/devkitpro/libctru/lib/libctru.a(synchronization.o)
                0x0010ab80                LightLock_Unlock
 .text.RecursiveLock_Lock
                0x0010abc0       0x30 /opt/devkitpro/libctru/lib/libctru.a(synchronization.o)
                0x0010abc0                RecursiveLock_Lock
 .text.RecursiveLock_Unlock
                0x0010abf0       0x54 /opt/devkitpro/libctru/lib/libctru.a(synchronization.o)
                0x0010abf0                RecursiveLock_Unlock
 .text.LightEvent_Init
                0x0010ac44       0x40 /opt/devkitpro/libctru/lib/libctru.a(synchronization.o)
                0x0010ac44                LightEvent_Init
 .text.LightEvent_Clear
                0x0010ac84       0xa4 /opt/devkitpro/libctru/lib/libctru.a(synchronization.o)
                0x0010ac84                LightEvent_Clear
 .text.LightEvent_Signal
                0x0010ad28       0xc8 /opt/devkitpro/libctru/lib/libctru.a(synchronization.o)
                0x0010ad28                LightEvent_Signal
 .text.LightEvent_TryWait
                0x0010adf0       0x50 /opt/devkitpro/libctru/lib/libctru.a(synchronization.o)
                0x0010adf0                LightEvent_TryWait
 .text.LightEvent_Wait
                0x0010ae40       0xa0 /opt/devkitpro/libctru/lib/libctru.a(synchronization.o)
                0x0010ae40                LightEvent_Wait
 .text.srvInit  0x0010aee0      0x12c /opt/devkitpro/libctru/lib/libctru.a(srv.o)
                0x0010aee0                srvInit
 .text.srvExit  0x0010b00c       0x58 /opt/devkitpro/libctru/lib/libctru.a(srv.o)
                0x0010b00c                srvExit
 .text.srvEnableNotification
                0x0010b064       0x60 /opt/devkitpro/libctru/lib/libctru.a(srv.o)
                0x0010b064                srvEnableNotification
 .text.srvGetServiceHandleDirect
                0x0010b0c4       0xa0 /opt/devkitpro/libctru/lib/libctru.a(srv.o)
                0x0010b0c4                srvGetServiceHandleDirect
 .text.srvGetServiceHandle
                0x0010b164       0x38 /opt/devkitpro/libctru/lib/libctru.a(srv.o)
                0x0010b164                srvGetServiceHandle
 .text.srvSubscribe
                0x0010b19c       0x34 /opt/devkitpro/libctru/lib/libctru.a(srv.o)
                0x0010b19c                srvSubscribe
 .text.srvReceiveNotification
                0x0010b1d0       0x60 /opt/devkitpro/libctru/lib/libctru.a(srv.o)
                0x0010b1d0                srvReceiveNotification
 .text.srvPublishToSubscriber
                0x0010b230       0x38 /opt/devkitpro/libctru/lib/libctru.a(srv.o)
                0x0010b230                srvPublishToSubscriber
 .text.threadCreate
                0x0010b268      0x1d4 /opt/devkitpro/libctru/lib/libctru.a(thread.o)
                0x0010b268                threadCreate
 .text.threadFree
                0x0010b43c       0x2c /opt/devkitpro/libctru/lib/libctru.a(thread.o)
                0x0010b43c                threadFree
 .text.threadJoin
                0x0010b468       0x24 /opt/devkitpro/libctru/lib/libctru.a(thread.o)
                0x0010b468                threadJoin
 .text.threadGetCurrent
                0x0010b48c       0x30 /opt/devkitpro/libctru/lib/libctru.a(thread.o)
                0x0010b48c                threadGetCurrent
 .text.threadExit
                0x0010b4bc       0x40 /opt/devkitpro/libctru/lib/libctru.a(thread.o)
                0x0010b4bc                threadExit
 .text._thread_begin
                0x0010b4fc       0x20 /opt/devkitpro/libctru/lib/libctru.a(thread.o)
 .text.mappableFindAddressWithin
                0x0010b51c       0x90 /opt/devkitpro/libctru/lib/libctru.a(mappable.o)
 .text.mappableInit
                0x0010b5ac       0x28 /opt/devkitpro/libctru/lib/libctru.a(mappable.o)
                0x0010b5ac                mappableInit
 .text.mappableAlloc
                0x0010b5d4       0x80 /opt/devkitpro/libctru/lib/libctru.a(mappable.o)
                0x0010b5d4                mappableAlloc
 .text.mappableFree
                0x0010b654        0x4 /opt/devkitpro/libctru/lib/libctru.a(mappable.o)
                0x0010b654                mappableFree
 .text.irrstInit
                0x0010b658      0x160 /opt/devkitpro/libctru/lib/libctru.a(irrst.o)
                0x0010b658                irrstInit
 .text.irrstExit
                0x0010b7b8       0xcc /opt/devkitpro/libctru/lib/libctru.a(irrst.o)
                0x0010b7b8                irrstExit
 .text.irrstScanInput
                0x0010b884       0xb4 /opt/devkitpro/libctru/lib/libctru.a(irrst.o)
                0x0010b884                irrstScanInput
 .text.irrstKeysHeld
                0x0010b938       0x24 /opt/devkitpro/libctru/lib/libctru.a(irrst.o)
                0x0010b938                irrstKeysHeld
 .text.srvPmGetSessionHandle
                0x0010b95c        0xc /opt/devkitpro/libctru/lib/libctru.a(srvpm.o)
                0x0010b95c                srvPmGetSessionHandle
 .text.rbtree_node_next
                0x0010b968       0x5c /opt/devkitpro/libctru/lib/libctru.a(rbtree_iterator.o)
                0x0010b968                rbtree_node_next
 .text.__appInit
                0x0010b9c4       0x30 /opt/devkitpro/libctru/lib/libctru.a(appInit.o)
                0x0010b9c4                __appInit
 .text.__syscall_getreent
                0x0010b9f4       0x30 /opt/devkitpro/libctru/lib/libctru.a(syscalls.o)
                0x0010b9f4                __syscall_getreent
 .text.__syscall_lock_acquire_recursive
                0x0010ba24        0x4 /opt/devkitpro/libctru/lib/libctru.a(syscalls.o)
                0x0010ba24                __syscall_lock_acquire_recursive
 .text.__syscall_lock_release_recursive
                0x0010ba28        0x4 /opt/devkitpro/libctru/lib/libctru.a(syscalls.o)
                0x0010ba28                __syscall_lock_release_recursive
 .text.__syscall_exit
                0x0010ba2c        0x4 /opt/devkitpro/libctru/lib/libctru.a(syscalls.o)
                0x0010ba2c                __syscall_exit
 .text.initThreadVars
                0x0010ba30       0x50 /opt/devkitpro/libctru/lib/libctru.a(syscalls.o)
                0x0010ba30                initThreadVars
 .text.__system_initSyscalls
                0x0010ba80       0x80 /opt/devkitpro/libctru/lib/libctru.a(syscalls.o)
                0x0010ba80                __system_initSyscalls
 .text.__appExit
                0x0010bb00       0x30 /opt/devkitpro/libctru/lib/libctru.a(appExit.o)
                0x0010bb00                __appExit
 .text.__libctru_exit
                0x0010bb30       0x90 /opt/devkitpro/libctru/lib/libctru.a(ctru_exit.o)
                0x0010bb30                __libctru_exit
 .text.envGetHandle
                0x0010bbc0       0x84 /opt/devkitpro/libctru/lib/libctru.a(env.o)
                0x0010bbc0                envGetHandle
 .text.envDestroyHandles
                0x0010bc44       0x50 /opt/devkitpro/libctru/lib/libctru.a(env.o)
                0x0010bc44                envDestroyHandles
 .text.archive_link
                0x0010bc94       0x14 /opt/devkitpro/libctru/lib/libctru.a(archive_dev.o)
 .text.archive_dirreset
                0x0010bca8       0x14 /opt/devkitpro/libctru/lib/libctru.a(archive_dev.o)
 .text.archive_chmod
                0x0010bcbc       0x14 /opt/devkitpro/libctru/lib/libctru.a(archive_dev.o)
 .text.error_cmp
                0x0010bcd0       0x24 /opt/devkitpro/libctru/lib/libctru.a(archive_dev.o)
 .text.archive_translate_error
                0x0010bcf4       0x50 /opt/devkitpro/libctru/lib/libctru.a(archive_dev.o)
 .text.archive_seek
                0x0010bd44       0xc4 /opt/devkitpro/libctru/lib/libctru.a(archive_dev.o)
 .text._archiveInit.part.0
                0x0010be08       0x78 /opt/devkitpro/libctru/lib/libctru.a(archive_dev.o)
 .text.archiveFindDevice.part.0
                0x0010be80       0xc4 /opt/devkitpro/libctru/lib/libctru.a(archive_dev.o)
 .text.archive_utf16path
                0x0010bf44      0x290 /opt/devkitpro/libctru/lib/libctru.a(archive_dev.o)
 .text._archiveUnmountDeviceStruct.part.0
                0x0010c1d4       0x9c /opt/devkitpro/libctru/lib/libctru.a(archive_dev.o)
 .text.archive_statvfs
                0x0010c270       0x14 /opt/devkitpro/libctru/lib/libctru.a(archive_dev.o)
 .text.archive_fchmod
                0x0010c284       0x14 /opt/devkitpro/libctru/lib/libctru.a(archive_dev.o)
 .text._archiveMountDevice
                0x0010c298      0x168 /opt/devkitpro/libctru/lib/libctru.a(archive_dev.o)
 .text.archive_diropen
                0x0010c400       0xe8 /opt/devkitpro/libctru/lib/libctru.a(archive_dev.o)
 .text.archive_fstat
                0x0010c4e8       0xa4 /opt/devkitpro/libctru/lib/libctru.a(archive_dev.o)
 .text.archive_fsync
                0x0010c58c       0x6c /opt/devkitpro/libctru/lib/libctru.a(archive_dev.o)
 .text.archive_close
                0x0010c5f8       0x6c /opt/devkitpro/libctru/lib/libctru.a(archive_dev.o)
 .text.archive_dirclose
                0x0010c664       0x70 /opt/devkitpro/libctru/lib/libctru.a(archive_dev.o)
 .text.sdmc_statvfs
                0x0010c6d4       0xe4 /opt/devkitpro/libctru/lib/libctru.a(archive_dev.o)
 .text.archive_chdir
                0x0010c7b8       0xec /opt/devkitpro/libctru/lib/libctru.a(archive_dev.o)
 .text.archive_ftruncate
                0x0010c8a4       0x7c /opt/devkitpro/libctru/lib/libctru.a(archive_dev.o)
 .text.archive_read
                0x0010c920       0xac /opt/devkitpro/libctru/lib/libctru.a(archive_dev.o)
 .text.archive_unlink
                0x0010c9cc       0xa4 /opt/devkitpro/libctru/lib/libctru.a(archive_dev.o)
 .text.archive_rmdir
                0x0010ca70       0xbc /opt/devkitpro/libctru/lib/libctru.a(archive_dev.o)
 .text.archive_mkdir
                0x0010cb2c       0xdc /opt/devkitpro/libctru/lib/libctru.a(archive_dev.o)
 .text.archive_stat
                0x0010cc08      0x194 /opt/devkitpro/libctru/lib/libctru.a(archive_dev.o)
 .text.archive_dirnext
                0x0010cd9c      0x15c /opt/devkitpro/libctru/lib/libctru.a(archive_dev.o)
 .text.archive_write
                0x0010cef8      0x124 /opt/devkitpro/libctru/lib/libctru.a(archive_dev.o)
 *fill*         0x0010d01c        0x4 
 .text.archive_open
                0x0010d020      0x210 /opt/devkitpro/libctru/lib/libctru.a(archive_dev.o)
 .text.archive_rename
                0x0010d230      0x268 /opt/devkitpro/libctru/lib/libctru.a(archive_dev.o)
 .text.archiveMountSdmc
                0x0010d498      0x19c /opt/devkitpro/libctru/lib/libctru.a(archive_dev.o)
                0x0010d498                archiveMountSdmc
 .text.archiveUnmountAll
                0x0010d634       0x54 /opt/devkitpro/libctru/lib/libctru.a(archive_dev.o)
                0x0010d634                archiveUnmountAll
 .text.fsInit   0x0010d688       0xd0 /opt/devkitpro/libctru/lib/libctru.a(fs.o)
                0x0010d688                fsInit
 .text.fsExit   0x0010d758       0x3c /opt/devkitpro/libctru/lib/libctru.a(fs.o)
                0x0010d758                fsExit
 .text.fsExemptFromSession
                0x0010d794       0x60 /opt/devkitpro/libctru/lib/libctru.a(fs.o)
                0x0010d794                fsExemptFromSession
 .text.fsUnexemptFromSession
                0x0010d7f4       0x50 /opt/devkitpro/libctru/lib/libctru.a(fs.o)
                0x0010d7f4                fsUnexemptFromSession
 .text.FSUSER_OpenFile
                0x0010d844       0xcc /opt/devkitpro/libctru/lib/libctru.a(fs.o)
                0x0010d844                FSUSER_OpenFile
 .text.FSUSER_DeleteFile
                0x0010d910       0xbc /opt/devkitpro/libctru/lib/libctru.a(fs.o)
                0x0010d910                FSUSER_DeleteFile
 .text.FSUSER_RenameFile
                0x0010d9cc       0xf8 /opt/devkitpro/libctru/lib/libctru.a(fs.o)
                0x0010d9cc                FSUSER_RenameFile
 .text.FSUSER_DeleteDirectory
                0x0010dac4       0xbc /opt/devkitpro/libctru/lib/libctru.a(fs.o)
                0x0010dac4                FSUSER_DeleteDirectory
 .text.FSUSER_CreateFile
                0x0010db80       0xd4 /opt/devkitpro/libctru/lib/libctru.a(fs.o)
                0x0010db80                FSUSER_CreateFile
 .text.FSUSER_CreateDirectory
                0x0010dc54       0xc4 /opt/devkitpro/libctru/lib/libctru.a(fs.o)
                0x0010dc54                FSUSER_CreateDirectory
 .text.FSUSER_RenameDirectory
                0x0010dd18       0xf8 /opt/devkitpro/libctru/lib/libctru.a(fs.o)
                0x0010dd18                FSUSER_RenameDirectory
 .text.FSUSER_OpenDirectory
                0x0010de10       0xb4 /opt/devkitpro/libctru/lib/libctru.a(fs.o)
                0x0010de10                FSUSER_OpenDirectory
 .text.FSUSER_OpenArchive
                0x0010dec4       0x94 /opt/devkitpro/libctru/lib/libctru.a(fs.o)
                0x0010dec4                FSUSER_OpenArchive
 .text.FSUSER_CloseArchive
                0x0010df58       0x8c /opt/devkitpro/libctru/lib/libctru.a(fs.o)
                0x0010df58                FSUSER_CloseArchive
 .text.FSUSER_GetSdmcArchiveResource
                0x0010dfe4       0x74 /opt/devkitpro/libctru/lib/libctru.a(fs.o)
                0x0010dfe4                FSUSER_GetSdmcArchiveResource
 .text.FSUSER_IsSdmcWritable
                0x0010e058       0x64 /opt/devkitpro/libctru/lib/libctru.a(fs.o)
                0x0010e058                FSUSER_IsSdmcWritable
 .text.FSFILE_Read
                0x0010e0bc       0x58 /opt/devkitpro/libctru/lib/libctru.a(fs.o)
                0x0010e0bc                FSFILE_Read
 .text.FSFILE_Write
                0x0010e114       0x60 /opt/devkitpro/libctru/lib/libctru.a(fs.o)
                0x0010e114                FSFILE_Write
 .text.FSFILE_GetSize
                0x0010e174       0x38 /opt/devkitpro/libctru/lib/libctru.a(fs.o)
                0x0010e174                FSFILE_GetSize
 .text.FSFILE_SetSize
                0x0010e1ac       0x28 /opt/devkitpro/libctru/lib/libctru.a(fs.o)
                0x0010e1ac                FSFILE_SetSize
 .text.FSFILE_Close
                0x0010e1d4       0x3c /opt/devkitpro/libctru/lib/libctru.a(fs.o)
                0x0010e1d4                FSFILE_Close
 .text.FSFILE_Flush
                0x0010e210       0x24 /opt/devkitpro/libctru/lib/libctru.a(fs.o)
                0x0010e210                FSFILE_Flush
 .text.FSDIR_Read
                0x0010e234       0x50 /opt/devkitpro/libctru/lib/libctru.a(fs.o)
                0x0010e234                FSDIR_Read
 .text.FSDIR_Close
                0x0010e284       0x3c /opt/devkitpro/libctru/lib/libctru.a(fs.o)
                0x0010e284                FSDIR_Close
 .text.utf16_to_utf8
                0x0010e2c0       0xe8 /opt/devkitpro/libctru/lib/libctru.a(utf16_to_utf8.o)
                0x0010e2c0                utf16_to_utf8
 .text.decode_utf16
                0x0010e3a8       0x64 /opt/devkitpro/libctru/lib/libctru.a(decode_utf16.o)
                0x0010e3a8                decode_utf16
 .text.decode_utf8
                0x0010e40c      0x13c /opt/devkitpro/libctru/lib/libctru.a(decode_utf8.o)
                0x0010e40c                decode_utf8
 .text.utf8_to_utf16
                0x0010e548       0xc0 /opt/devkitpro/libctru/lib/libctru.a(utf8_to_utf16.o)
                0x0010e548                utf8_to_utf16
 .text.__aeabi_read_tp
                0x0010e608        0xc /opt/devkitpro/libctru/lib/libctru.a(readtp.o)
                0x0010e608                __aeabi_read_tp
 .text.encode_utf16
                0x0010e614       0x54 /opt/devkitpro/libctru/lib/libctru.a(encode_utf16.o)
                0x0010e614                encode_utf16
 .text.encode_utf8
                0x0010e668       0xe0 /opt/devkitpro/libctru/lib/libctru.a(encode_utf8.o)
                0x0010e668                encode_utf8
 .text._ZdlPv   0x0010e748        0x4 /opt/devkitpro/devkitARM/bin/../lib/gcc/arm-none-eabi/14.2.0/../../../../arm-none-eabi/lib/armv6k/fpu/libstdc++.a(del_op.o)
                0x0010e748                operator delete(void*)
 .text._Znwj    0x0010e74c       0x5c /opt/devkitpro/devkitARM/bin/../lib/gcc/arm-none-eabi/14.2.0/../../../../arm-none-eabi/lib/armv6k/fpu/libstdc++.a(new_op.o)
                0x0010e74c                operator new(unsigned int)
 .text.unlikely._ZSt17__throw_bad_allocv
                0x0010e7a8       0x2c /opt/devkitpro/devkitARM/bin/../lib/gcc/arm-none-eabi/14.2.0/../../../../arm-none-eabi/lib/armv6k/fpu/libstdc++.a(functexcept.o)
                0x0010e7a8                std::__throw_bad_alloc()
 .text.unlikely._ZSt28__throw_bad_array_new_lengthv
                0x0010e7d4       0x2c /opt/devkitpro/devkitARM/bin/../lib/gcc/arm-none-eabi/14.2.0/../../../../arm-none-eabi/lib/armv6k/fpu/libstdc++.a(functexcept.o)
                0x0010e7d4                std::__throw_bad_array_new_length()
 .text.unlikely._ZSt19__throw_logic_errorPKc
                0x0010e800       0x40 /opt/devkitpro/devkitARM/bin/../lib/gcc/arm-none-eabi/14.2.0/../../../../arm-none-eabi/lib/armv6k/fpu/libstdc++.a(functexcept.o)
                0x0010e800                std::__throw_logic_error(char const*)
 .text.unlikely._ZSt20__throw_length_errorPKc
                0x0010e840       0x40 /opt/devkitpro/devkitARM/bin/../lib/gcc/arm-none-eabi/14.2.0/../../../../arm-none-eabi/lib/armv6k/fpu/libstdc++.a(functexcept.o)
                0x0010e840                std::__throw_length_error(char const*)
 .text._ZNKSt9bad_alloc4whatEv
                0x0010e880        0xc /opt/devkitpro/devkitARM/bin/../lib/gcc/arm-none-eabi/14.2.0/../../../../arm-none-eabi/lib/armv6k/fpu/libstdc++.a(bad_alloc.o)
                0x0010e880                std::bad_alloc::what() const
 .text._ZNSt9bad_allocD2Ev
                0x0010e88c       0x20 /opt/devkitpro/devkitARM/bin/../lib/gcc/arm-none-eabi/14.2.0/../../../../arm-none-eabi/lib/armv6k/fpu/libstdc++.a(bad_alloc.o)
                0x0010e88c                std::bad_alloc::~bad_alloc()
                0x0010e88c                std::bad_alloc::~bad_alloc()
 .text._ZNSt9bad_allocD0Ev
                0x0010e8ac       0x2c /opt/devkitpro/devkitARM/bin/../lib/gcc/arm-none-eabi/14.2.0/../../../../arm-none-eabi/lib/armv6k/fpu/libstdc++.a(bad_alloc.o)
                0x0010e8ac                std::bad_alloc::~bad_alloc()
 .text._ZNKSt20bad_array_new_length4whatEv
                0x0010e8d8        0xc /opt/devkitpro/devkitARM/bin/../lib/gcc/arm-none-eabi/14.2.0/../../../../arm-none-eabi/lib/armv6k/fpu/libstdc++.a(bad_array_new.o)
                0x0010e8d8                std::bad_array_new_length::what() const
 .text._ZNSt20bad_array_new_lengthD2Ev
                0x0010e8e4       0x20 /opt/devkitpro/devkitARM/bin/../lib/gcc/arm-none-eabi/14.2.0/../../../../arm-none-eabi/lib/armv6k/fpu/libstdc++.a(bad_array_new.o)
                0x0010e8e4                std::bad_array_new_length::~bad_array_new_length()
                0x0010e8e4                std::bad_array_new_length::~bad_array_new_length()
 .text._ZNSt20bad_array_new_lengthD0Ev
                0x0010e904       0x2c /opt/devkitpro/devkitARM/bin/../lib/gcc/arm-none-eabi/14.2.0/../../../../arm-none-eabi/lib/armv6k/fpu/libstdc++.a(bad_array_new.o)
                0x0010e904                std::bad_array_new_length::~bad_array_new_length()
 .text._ZdlPvj  0x0010e930        0x4 /opt/devkitpro/devkitARM/bin/../lib/gcc/arm-none-eabi/14.2.0/../../../../arm-none-eabi/lib/armv6k/fpu/libstdc++.a(del_ops.o)
                0x0010e930                operator delete(void*, unsigned int)
 .text._ZNK9__gnu_cxx24__concurrence_lock_error4whatEv
                0x0010e934        0xc /opt/devkitpro/devkitARM/bin/../lib/gcc/arm-none-eabi/14.2.0/../../../../arm-none-eabi/lib/armv6k/fpu/libstdc++.a(eh_alloc.o)
                0x0010e934                __gnu_cxx::__concurrence_lock_error::what() const
 .text._ZNK9__gnu_cxx26__concurrence_unlock_error4whatEv
                0x0010e940        0xc /opt/devkitpro/devkitARM/bin/../lib/gcc/arm-none-eabi/14.2.0/../../../../arm-none-eabi/lib/armv6k/fpu/libstdc++.a(eh_alloc.o)
                0x0010e940                __gnu_cxx::__concurrence_unlock_error::what() const
 .text._ZN9__gnu_cxx24__concurrence_lock_errorD2Ev
                0x0010e94c       0x20 /opt/devkitpro/devkitARM/bin/../lib/gcc/arm-none-eabi/14.2.0/../../../../arm-none-eabi/lib/armv6k/fpu/libstdc++.a(eh_alloc.o)
                0x0010e94c                __gnu_cxx::__concurrence_lock_error::~__concurrence_lock_error()
                0x0010e94c                __gnu_cxx::__concurrence_lock_error::~__concurrence_lock_error()
 .text._ZN9__gnu_cxx24__concurrence_lock_errorD0Ev
                0x0010e96c       0x2c /opt/devkitpro/devkitARM/bin/../lib/gcc/arm-none-eabi/14.2.0/../../../../arm-none-eabi/lib/armv6k/fpu/libstdc++.a(eh_alloc.o)
                0x0010e96c                __gnu_cxx::__concurrence_lock_error::~__concurrence_lock_error()
 .text._ZN9__gnu_cxx26__concurrence_unlock_errorD2Ev
                0x0010e998       0x20 /opt/devkitpro/devkitARM/bin/../lib/gcc/arm-none-eabi/14.2.0/../../../../arm-none-eabi/lib/armv6k/fpu/libstdc++.a(eh_alloc.o)
                0x0010e998                __gnu_cxx::__concurrence_unlock_error::~__concurrence_unlock_error()
                0x0010e998                __gnu_cxx::__concurrence_unlock_error::~__concurrence_unlock_error()
 .text._ZN9__gnu_cxx26__concurrence_unlock_errorD0Ev
                0x0010e9b8       0x2c /opt/devkitpro/devkitARM/bin/../lib/gcc/arm-none-eabi/14.2.0/../../../../arm-none-eabi/lib/armv6k/fpu/libstdc++.a(eh_alloc.o)
                0x0010e9b8                __gnu_cxx::__concurrence_unlock_error::~__concurrence_unlock_error()
 .text.unlikely._ZN9__gnu_cxx30__throw_concurrence_lock_errorEv
                0x0010e9e4       0x2c /opt/devkitpro/devkitARM/bin/../lib/gcc/arm-none-eabi/14.2.0/../../../../arm-none-eabi/lib/armv6k/fpu/libstdc++.a(eh_alloc.o)
                0x0010e9e4                __gnu_cxx::__throw_concurrence_lock_error()
 .text.unlikely._ZN9__gnu_cxx32__throw_concurrence_unlock_errorEv
                0x0010ea10       0x2c /opt/devkitpro/devkitARM/bin/../lib/gcc/arm-none-eabi/14.2.0/../../../../arm-none-eabi/lib/armv6k/fpu/libstdc++.a(eh_alloc.o)
                0x0010ea10                __gnu_cxx::__throw_concurrence_unlock_error()
 .text._ZN12_GLOBAL__N_14pool4freeEPv.constprop.0
                0x0010ea3c      0x128 /opt/devkitpro/devkitARM/bin/../lib/gcc/arm-none-eabi/14.2.0/../../../../arm-none-eabi/lib/armv6k/fpu/libstdc++.a(eh_alloc.o)
 .text._ZN12_GLOBAL__N_14pool8allocateEj.constprop.0
                0x0010eb64       0xd8 /opt/devkitpro/devkitARM/bin/../lib/gcc/arm-none-eabi/14.2.0/../../../../arm-none-eabi/lib/armv6k/fpu/libstdc++.a(eh_alloc.o)
 .text.__cxa_allocate_exception
                0x0010ec3c       0x44 /opt/devkitpro/devkitARM/bin/../lib/gcc/arm-none-eabi/14.2.0/../../../../arm-none-eabi/lib/armv6k/fpu/libstdc++.a(eh_alloc.o)
                0x0010ec3c                __cxa_allocate_exception
 .text.__cxa_free_exception
                0x0010ec80       0x2c /opt/devkitpro/devkitARM/bin/../lib/gcc/arm-none-eabi/14.2.0/../../../../arm-none-eabi/lib/armv6k/fpu/libstdc++.a(eh_alloc.o)
                0x0010ec80                __cxa_free_exception
 .text.startup._GLOBAL__sub_I__ZN9__gnu_cxx9__freeresEv
                0x0010ecac      0x1b0 /opt/devkitpro/devkitARM/bin/../lib/gcc/arm-none-eabi/14.2.0/../../../../arm-none-eabi/lib/armv6k/fpu/libstdc++.a(eh_alloc.o)
 .text.__cxa_end_cleanup
                0x0010ee5c       0x10 /opt/devkitpro/devkitARM/bin/../lib/gcc/arm-none-eabi/14.2.0/../../../../arm-none-eabi/lib/armv6k/fpu/libstdc++.a(eh_arm.o)
                0x0010ee5c                __cxa_end_cleanup
 .text.__cxa_type_match
                0x0010ee6c      0x134 /opt/devkitpro/devkitARM/bin/../lib/gcc/arm-none-eabi/14.2.0/../../../../arm-none-eabi/lib/armv6k/fpu/libstdc++.a(eh_arm.o)
                0x0010ee6c                __cxa_type_match
 .text.__cxa_begin_cleanup
                0x0010efa0       0xb4 /opt/devkitpro/devkitARM/bin/../lib/gcc/arm-none-eabi/14.2.0/../../../../arm-none-eabi/lib/armv6k/fpu/libstdc++.a(eh_arm.o)
                0x0010efa0                __cxa_begin_cleanup
 .text.__gnu_end_cleanup
                0x0010f054       0xb4 /opt/devkitpro/devkitARM/bin/../lib/gcc/arm-none-eabi/14.2.0/../../../../arm-none-eabi/lib/armv6k/fpu/libstdc++.a(eh_arm.o)
                0x0010f054                __gnu_end_cleanup
 .text._ZNSt9exceptionD2Ev
                0x0010f108        0x4 /opt/devkitpro/devkitARM/bin/../lib/gcc/arm-none-eabi/14.2.0/../../../../arm-none-eabi/lib/armv6k/fpu/libstdc++.a(eh_exception.o)
                0x0010f108                std::exception::~exception()
                0x0010f108                std::exception::~exception()
 .text._ZNSt13bad_exceptionD2Ev
                0x0010f10c        0x4 /opt/devkitpro/devkitARM/bin/../lib/gcc/arm-none-eabi/14.2.0/../../../../arm-none-eabi/lib/armv6k/fpu/libstdc++.a(eh_exception.o)
                0x0010f10c                std::bad_exception::~bad_exception()
                0x0010f10c                std::bad_exception::~bad_exception()
 .text._ZNKSt13bad_exception4whatEv
                0x0010f110        0xc /opt/devkitpro/devkitARM/bin/../lib/gcc/arm-none-eabi/14.2.0/../../../../arm-none-eabi/lib/armv6k/fpu/libstdc++.a(eh_exception.o)
                0x0010f110                transaction clone for std::bad_exception::what() const
                0x0010f110                std::bad_exception::what() const
 .text._ZNSt13bad_exceptionD0Ev
                0x0010f11c       0x18 /opt/devkitpro/devkitARM/bin/../lib/gcc/arm-none-eabi/14.2.0/../../../../arm-none-eabi/lib/armv6k/fpu/libstdc++.a(eh_exception.o)
                0x0010f11c                std::bad_exception::~bad_exception()
 .text._ZL15eh_globals_dtorPv
                0x0010f134       0x3c /opt/devkitpro/devkitARM/bin/../lib/gcc/arm-none-eabi/14.2.0/../../../../arm-none-eabi/lib/armv6k/fpu/libstdc++.a(eh_globals.o)
 .text.__cxa_get_globals_fast
                0x0010f170       0x38 /opt/devkitpro/devkitARM/bin/../lib/gcc/arm-none-eabi/14.2.0/../../../../arm-none-eabi/lib/armv6k/fpu/libstdc++.a(eh_globals.o)
                0x0010f170                __cxa_get_globals_fast
 .text.__cxa_get_globals
                0x0010f1a8       0x74 /opt/devkitpro/devkitARM/bin/../lib/gcc/arm-none-eabi/14.2.0/../../../../arm-none-eabi/lib/armv6k/fpu/libstdc++.a(eh_globals.o)
                0x0010f1a8                __cxa_get_globals
 .text.startup._GLOBAL__sub_I__ZN17__eh_globals_init7_S_initE
                0x0010f21c       0x40 /opt/devkitpro/devkitARM/bin/../lib/gcc/arm-none-eabi/14.2.0/../../../../arm-none-eabi/lib/armv6k/fpu/libstdc++.a(eh_globals.o)
 .text.exit._GLOBAL__sub_D__ZN17__eh_globals_init7_S_initE
                0x0010f25c       0x34 /opt/devkitpro/devkitARM/bin/../lib/gcc/arm-none-eabi/14.2.0/../../../../arm-none-eabi/lib/armv6k/fpu/libstdc++.a(eh_globals.o)
 .text._ZL28read_encoded_value_with_basehjPKhPj
                0x0010f290      0x148 /opt/devkitpro/devkitARM/bin/../lib/gcc/arm-none-eabi/14.2.0/../../../../arm-none-eabi/lib/armv6k/fpu/libstdc++.a(eh_personality.o)
 .text._ZL21base_of_encoded_valuehP15_Unwind_Context
                0x0010f3d8       0x58 /opt/devkitpro/devkitARM/bin/../lib/gcc/arm-none-eabi/14.2.0/../../../../arm-none-eabi/lib/armv6k/fpu/libstdc++.a(eh_personality.o)
 .text._ZL17parse_lsda_headerP15_Unwind_ContextPKhP16lsda_header_info
                0x0010f430       0xd8 /opt/devkitpro/devkitARM/bin/../lib/gcc/arm-none-eabi/14.2.0/../../../../arm-none-eabi/lib/armv6k/fpu/libstdc++.a(eh_personality.o)
 .text.__gxx_personality_v0
                0x0010f508      0x6dc /opt/devkitpro/devkitARM/bin/../lib/gcc/arm-none-eabi/14.2.0/../../../../arm-none-eabi/lib/armv6k/fpu/libstdc++.a(eh_personality.o)
                0x0010f508                __gxx_personality_v0
 .text._ZN10__cxxabiv111__terminateEPFvvE
                0x0010fbe4       0x14 /opt/devkitpro/devkitARM/bin/../lib/gcc/arm-none-eabi/14.2.0/../../../../arm-none-eabi/lib/armv6k/fpu/libstdc++.a(eh_terminate.o)
                0x0010fbe4                __cxxabiv1::__terminate(void (*)())
 .text.unlikely._ZSt9terminatev
                0x0010fbf8       0x18 /opt/devkitpro/devkitARM/bin/../lib/gcc/arm-none-eabi/14.2.0/../../../../arm-none-eabi/lib/armv6k/fpu/libstdc++.a(eh_terminate.o)
                0x0010fbf8                std::terminate()
 .text._ZN10__cxxabiv112__unexpectedEPFvvE
                0x0010fc10        0xc /opt/devkitpro/devkitARM/bin/../lib/gcc/arm-none-eabi/14.2.0/../../../../arm-none-eabi/lib/armv6k/fpu/libstdc++.a(eh_terminate.o)
                0x0010fc10                __cxxabiv1::__unexpected(void (*)())
 .text.unlikely._ZSt10unexpectedv
                0x0010fc1c       0x18 /opt/devkitpro/devkitARM/bin/../lib/gcc/arm-none-eabi/14.2.0/../../../../arm-none-eabi/lib/armv6k/fpu/libstdc++.a(eh_terminate.o)
                0x0010fc1c                std::unexpected()
 .text._ZSt13get_terminatev
                0x0010fc34       0x14 /opt/devkitpro/devkitARM/bin/../lib/gcc/arm-none-eabi/14.2.0/../../../../arm-none-eabi/lib/armv6k/fpu/libstdc++.a(eh_terminate.o)
                0x0010fc34                std::get_terminate()
 .text._ZSt14get_unexpectedv
                0x0010fc48       0x14 /opt/devkitpro/devkitARM/bin/../lib/gcc/arm-none-eabi/14.2.0/../../../../arm-none-eabi/lib/armv6k/fpu/libstdc++.a(eh_terminate.o)
                0x0010fc48                std::get_unexpected()
 .text._ZL23__gxx_exception_cleanup19_Unwind_Reason_CodeP21_Unwind_Control_Block
                0x0010fc5c       0x60 /opt/devkitpro/devkitARM/bin/../lib/gcc/arm-none-eabi/14.2.0/../../../../arm-none-eabi/lib/armv6k/fpu/libstdc++.a(eh_throw.o)
 .text.__cxa_init_primary_exception
                0x0010fcbc       0x54 /opt/devkitpro/devkitARM/bin/../lib/gcc/arm-none-eabi/14.2.0/../../../../arm-none-eabi/lib/armv6k/fpu/libstdc++.a(eh_throw.o)
                0x0010fcbc                __cxa_init_primary_exception
 .text.__cxa_throw
                0x0010fd10       0x54 /opt/devkitpro/devkitARM/bin/../lib/gcc/arm-none-eabi/14.2.0/../../../../arm-none-eabi/lib/armv6k/fpu/libstdc++.a(eh_throw.o)
                0x0010fd10                __cxa_throw
 .text.__cxa_rethrow
                0x0010fd64       0xb0 /opt/devkitpro/devkitARM/bin/../lib/gcc/arm-none-eabi/14.2.0/../../../../arm-none-eabi/lib/armv6k/fpu/libstdc++.a(eh_throw.o)
                0x0010fd64                __cxa_rethrow
 .text._ZSt15get_new_handlerv
                0x0010fe14       0x14 /opt/devkitpro/devkitARM/bin/../lib/gcc/arm-none-eabi/14.2.0/../../../../arm-none-eabi/lib/armv6k/fpu/libstdc++.a(new_handler.o)
                0x0010fe14                std::get_new_handler()
 .text._ZN10__cxxabiv120__si_class_type_infoD2Ev
                0x0010fe28       0x20 /opt/devkitpro/devkitARM/bin/../lib/gcc/arm-none-eabi/14.2.0/../../../../arm-none-eabi/lib/armv6k/fpu/libstdc++.a(si_class_type_info.o)
                0x0010fe28                __cxxabiv1::__si_class_type_info::~__si_class_type_info()
                0x0010fe28                __cxxabiv1::__si_class_type_info::~__si_class_type_info()
 .text._ZN10__cxxabiv120__si_class_type_infoD0Ev
                0x0010fe48       0x2c /opt/devkitpro/devkitARM/bin/../lib/gcc/arm-none-eabi/14.2.0/../../../../arm-none-eabi/lib/armv6k/fpu/libstdc++.a(si_class_type_info.o)
                0x0010fe48                __cxxabiv1::__si_class_type_info::~__si_class_type_info()
 .text._ZNK10__cxxabiv120__si_class_type_info12__do_dyncastEiNS_17__class_type_info10__sub_kindEPKS1_PKvS4_S6_RNS1_16__dyncast_resultE
                0x0010fe74      0x138 /opt/devkitpro/devkitARM/bin/../lib/gcc/arm-none-eabi/14.2.0/../../../../arm-none-eabi/lib/armv6k/fpu/libstdc++.a(si_class_type_info.o)
                0x0010fe74                __cxxabiv1::__si_class_type_info::__do_dyncast(int, __cxxabiv1::__class_type_info::__sub_kind, __cxxabiv1::__class_type_info const*, void const*, __cxxabiv1::__class_type_info const*, void const*, __cxxabiv1::__class_type_info::__dyncast_result&) const
 .text._ZNK10__cxxabiv120__si_class_type_info20__do_find_public_srcEiPKvPKNS_17__class_type_infoES2_
                0x0010ffac       0x88 /opt/devkitpro/devkitARM/bin/../lib/gcc/arm-none-eabi/14.2.0/../../../../arm-none-eabi/lib/armv6k/fpu/libstdc++.a(si_class_type_info.o)
                0x0010ffac                __cxxabiv1::__si_class_type_info::__do_find_public_src(int, void const*, __cxxabiv1::__class_type_info const*, void const*) const
 .text._ZNK10__cxxabiv120__si_class_type_info11__do_upcastEPKNS_17__class_type_infoEPKvRNS1_15__upcast_resultE
                0x00110034       0x44 /opt/devkitpro/devkitARM/bin/../lib/gcc/arm-none-eabi/14.2.0/../../../../arm-none-eabi/lib/armv6k/fpu/libstdc++.a(si_class_type_info.o)
                0x00110034                __cxxabiv1::__si_class_type_info::__do_upcast(__cxxabiv1::__class_type_info const*, void const*, __cxxabiv1::__class_type_info::__upcast_result&) const
 .text._ZNSt9type_infoD2Ev
                0x00110078        0x4 /opt/devkitpro/devkitARM/bin/../lib/gcc/arm-none-eabi/14.2.0/../../../../arm-none-eabi/lib/armv6k/fpu/libstdc++.a(tinfo.o)
                0x00110078                std::type_info::~type_info()
                0x00110078                std::type_info::~type_info()
 .text._ZNKSt9type_info14__is_pointer_pEv
                0x0011007c        0x8 /opt/devkitpro/devkitARM/bin/../lib/gcc/arm-none-eabi/14.2.0/../../../../arm-none-eabi/lib/armv6k/fpu/libstdc++.a(tinfo.o)
                0x0011007c                std::type_info::__is_function_p() const
                0x0011007c                std::type_info::__is_pointer_p() const
 .text._ZNKSt11logic_error4whatEv
                0x00110084        0x8 /opt/devkitpro/devkitARM/bin/../lib/gcc/arm-none-eabi/14.2.0/../../../../arm-none-eabi/lib/armv6k/fpu/libstdc++.a(stdexcept.o)
                0x00110084                std::runtime_error::what() const
                0x00110084                std::logic_error::what() const
 .text._ZNSt11logic_errorD2Ev
                0x0011008c       0x98 /opt/devkitpro/devkitARM/bin/../lib/gcc/arm-none-eabi/14.2.0/../../../../arm-none-eabi/lib/armv6k/fpu/libstdc++.a(stdexcept.o)
                0x0011008c                std::logic_error::~logic_error()
                0x0011008c                std::logic_error::~logic_error()
 .text._ZNSt12length_errorD2Ev
                0x00110124       0x98 /opt/devkitpro/devkitARM/bin/../lib/gcc/arm-none-eabi/14.2.0/../../../../arm-none-eabi/lib/armv6k/fpu/libstdc++.a(stdexcept.o)
                0x00110124                std::length_error::~length_error()
                0x00110124                std::length_error::~length_error()
 .text._ZNSt11logic_errorD0Ev
                0x001101bc       0xa0 /opt/devkitpro/devkitARM/bin/../lib/gcc/arm-none-eabi/14.2.0/../../../../arm-none-eabi/lib/armv6k/fpu/libstdc++.a(stdexcept.o)
                0x001101bc                std::logic_error::~logic_error()
 .text._ZNSt12length_errorD0Ev
                0x0011025c       0xa0 /opt/devkitpro/devkitARM/bin/../lib/gcc/arm-none-eabi/14.2.0/../../../../arm-none-eabi/lib/armv6k/fpu/libstdc++.a(stdexcept.o)
                0x0011025c                std::length_error::~length_error()
 .text._ZNSt11logic_errorC2EPKc
                0x001102fc       0xd4 /opt/devkitpro/devkitARM/bin/../lib/gcc/arm-none-eabi/14.2.0/../../../../arm-none-eabi/lib/armv6k/fpu/libstdc++.a(cow-stdexcept.o)
                0x001102fc                std::logic_error::logic_error(char const*)
                0x001102fc                std::logic_error::logic_error(char const*)
 .text._ZNSt12length_errorC2EPKc
                0x001103d0       0x20 /opt/devkitpro/devkitARM/bin/../lib/gcc/arm-none-eabi/14.2.0/../../../../arm-none-eabi/lib/armv6k/fpu/libstdc++.a(cow-stdexcept.o)
                0x001103d0                std::length_error::length_error(char const*)
                0x001103d0                std::length_error::length_error(char const*)
 .text._ZNSs4_Rep9_S_createEjjRKSaIcE
                0x001103f0       0x84 /opt/devkitpro/devkitARM/bin/../lib/gcc/arm-none-eabi/14.2.0/../../../../arm-none-eabi/lib/armv6k/fpu/libstdc++.a(cow-string-inst.o)
                0x001103f0                std::string::_Rep::_S_create(unsigned int, unsigned int, std::allocator<char> const&)
 .text._ZNSs4_Rep10_M_destroyERKSaIcE
                0x00110474        0x4 /opt/devkitpro/devkitARM/bin/../lib/gcc/arm-none-eabi/14.2.0/../../../../arm-none-eabi/lib/armv6k/fpu/libstdc++.a(cow-string-inst.o)
                0x00110474                std::string::_Rep::_M_destroy(std::allocator<char> const&)
 .text._ZNK10__cxxabiv117__class_type_info11__do_upcastEPKS0_PPv
                0x00110478       0x5c /opt/devkitpro/devkitARM/bin/../lib/gcc/arm-none-eabi/14.2.0/../../../../arm-none-eabi/lib/armv6k/fpu/libstdc++.a(class_type_info.o)
                0x00110478                __cxxabiv1::__class_type_info::__do_upcast(__cxxabiv1::__class_type_info const*, void**) const
 .text._ZNK10__cxxabiv117__class_type_info20__do_find_public_srcEiPKvPKS0_S2_
                0x001104d4       0x14 /opt/devkitpro/devkitARM/bin/../lib/gcc/arm-none-eabi/14.2.0/../../../../arm-none-eabi/lib/armv6k/fpu/libstdc++.a(class_type_info.o)
                0x001104d4                __cxxabiv1::__class_type_info::__do_find_public_src(int, void const*, __cxxabiv1::__class_type_info const*, void const*) const
 .text._ZN10__cxxabiv117__class_type_infoD2Ev
                0x001104e8       0x20 /opt/devkitpro/devkitARM/bin/../lib/gcc/arm-none-eabi/14.2.0/../../../../arm-none-eabi/lib/armv6k/fpu/libstdc++.a(class_type_info.o)
                0x001104e8                __cxxabiv1::__class_type_info::~__class_type_info()
                0x001104e8                __cxxabiv1::__class_type_info::~__class_type_info()
 .text._ZN10__cxxabiv117__class_type_infoD0Ev
                0x00110508       0x2c /opt/devkitpro/devkitARM/bin/../lib/gcc/arm-none-eabi/14.2.0/../../../../arm-none-eabi/lib/armv6k/fpu/libstdc++.a(class_type_info.o)
                0x00110508                __cxxabiv1::__class_type_info::~__class_type_info()
 .text._ZNK10__cxxabiv117__class_type_info11__do_upcastEPKS0_PKvRNS0_15__upcast_resultE
                0x00110534       0x64 /opt/devkitpro/devkitARM/bin/../lib/gcc/arm-none-eabi/14.2.0/../../../../arm-none-eabi/lib/armv6k/fpu/libstdc++.a(class_type_info.o)
                0x00110534                __cxxabiv1::__class_type_info::__do_upcast(__cxxabiv1::__class_type_info const*, void const*, __cxxabiv1::__class_type_info::__upcast_result&) const
 .text._ZNK10__cxxabiv117__class_type_info10__do_catchEPKSt9type_infoPPvj
                0x00110598       0x7c /opt/devkitpro/devkitARM/bin/../lib/gcc/arm-none-eabi/14.2.0/../../../../arm-none-eabi/lib/armv6k/fpu/libstdc++.a(class_type_info.o)
                0x00110598                __cxxabiv1::__class_type_info::__do_catch(std::type_info const*, void**, unsigned int) const
 .text._ZNK10__cxxabiv117__class_type_info12__do_dyncastEiNS0_10__sub_kindEPKS0_PKvS3_S5_RNS0_16__dyncast_resultE
                0x00110614       0xd4 /opt/devkitpro/devkitARM/bin/../lib/gcc/arm-none-eabi/14.2.0/../../../../arm-none-eabi/lib/armv6k/fpu/libstdc++.a(class_type_info.o)
                0x00110614                __cxxabiv1::__class_type_info::__do_dyncast(int, __cxxabiv1::__class_type_info::__sub_kind, __cxxabiv1::__class_type_info const*, void const*, __cxxabiv1::__class_type_info const*, void const*, __cxxabiv1::__class_type_info::__dyncast_result&) const
 .text.unlikely._ZN10__cxxabiv1L24__is_gxx_exception_classEPc
                0x001106e8       0x70 /opt/devkitpro/devkitARM/bin/../lib/gcc/arm-none-eabi/14.2.0/../../../../arm-none-eabi/lib/armv6k/fpu/libstdc++.a(eh_call.o)
 .text.unlikely.__cxa_call_terminate
                0x00110758       0x2c /opt/devkitpro/devkitARM/bin/../lib/gcc/arm-none-eabi/14.2.0/../../../../arm-none-eabi/lib/armv6k/fpu/libstdc++.a(eh_call.o)
                0x00110758                __cxa_call_terminate
 .text.unlikely.__cxa_call_unexpected
                0x00110784      0x148 /opt/devkitpro/devkitARM/bin/../lib/gcc/arm-none-eabi/14.2.0/../../../../arm-none-eabi/lib/armv6k/fpu/libstdc++.a(eh_call.o)
                0x00110784                __cxa_call_unexpected
 .text.__cxa_begin_catch
                0x001108cc       0xcc /opt/devkitpro/devkitARM/bin/../lib/gcc/arm-none-eabi/14.2.0/../../../../arm-none-eabi/lib/armv6k/fpu/libstdc++.a(eh_catch.o)
                0x001108cc                __cxa_begin_catch
 .text.__cxa_end_catch
                0x00110998       0xe0 /opt/devkitpro/devkitARM/bin/../lib/gcc/arm-none-eabi/14.2.0/../../../../arm-none-eabi/lib/armv6k/fpu/libstdc++.a(eh_catch.o)
                0x00110998                __cxa_end_catch
 .text.selfrel_offset31
                0x00110a78       0x18 /opt/devkitpro/devkitARM/bin/../lib/gcc/arm-none-eabi/14.2.0/armv6k/fpu/libgcc.a(unwind-arm.o)
 .text.search_EIT_table
                0x00110a90       0x90 /opt/devkitpro/devkitARM/bin/../lib/gcc/arm-none-eabi/14.2.0/armv6k/fpu/libgcc.a(unwind-arm.o)
 .text.__gnu_unwind_get_pr_addr
                0x00110b20       0x40 /opt/devkitpro/devkitARM/bin/../lib/gcc/arm-none-eabi/14.2.0/armv6k/fpu/libgcc.a(unwind-arm.o)
 .text.get_eit_entry
                0x00110b60      0x10c /opt/devkitpro/devkitARM/bin/../lib/gcc/arm-none-eabi/14.2.0/armv6k/fpu/libgcc.a(unwind-arm.o)
 .text.restore_non_core_regs
                0x00110c6c       0x88 /opt/devkitpro/devkitARM/bin/../lib/gcc/arm-none-eabi/14.2.0/armv6k/fpu/libgcc.a(unwind-arm.o)
 .text._Unwind_decode_typeinfo_ptr.constprop.0
                0x00110cf4       0x14 /opt/devkitpro/devkitARM/bin/../lib/gcc/arm-none-eabi/14.2.0/armv6k/fpu/libgcc.a(unwind-arm.o)
 .text._Unwind_DebugHook
                0x00110d08        0x4 /opt/devkitpro/devkitARM/bin/../lib/gcc/arm-none-eabi/14.2.0/armv6k/fpu/libgcc.a(unwind-arm.o)
 .text.unwind_phase2
                0x00110d0c       0x64 /opt/devkitpro/devkitARM/bin/../lib/gcc/arm-none-eabi/14.2.0/armv6k/fpu/libgcc.a(unwind-arm.o)
 .text.unwind_phase2_forced
                0x00110d70      0x140 /opt/devkitpro/devkitARM/bin/../lib/gcc/arm-none-eabi/14.2.0/armv6k/fpu/libgcc.a(unwind-arm.o)
 .text.__gnu_Unwind_RaiseException
                0x00110eb0       0xa4 /opt/devkitpro/devkitARM/bin/../lib/gcc/arm-none-eabi/14.2.0/armv6k/fpu/libgcc.a(unwind-arm.o)
                0x00110eb0                __gnu_Unwind_RaiseException
 .text.__gnu_Unwind_ForcedUnwind
                0x00110f54       0x28 /opt/devkitpro/devkitARM/bin/../lib/gcc/arm-none-eabi/14.2.0/armv6k/fpu/libgcc.a(unwind-arm.o)
                0x00110f54                __gnu_Unwind_ForcedUnwind
 .text.__gnu_Unwind_Resume
                0x00110f7c       0x74 /opt/devkitpro/devkitARM/bin/../lib/gcc/arm-none-eabi/14.2.0/armv6k/fpu/libgcc.a(unwind-arm.o)
                0x00110f7c                __gnu_Unwind_Resume
 .text.__gnu_Unwind_Resume_or_Rethrow
                0x00110ff0       0x2c /opt/devkitpro/devkitARM/bin/../lib/gcc/arm-none-eabi/14.2.0/armv6k/fpu/libgcc.a(unwind-arm.o)
                0x00110ff0                __gnu_Unwind_Resume_or_Rethrow
 .text._Unwind_Complete
                0x0011101c        0x4 /opt/devkitpro/devkitARM/bin/../lib/gcc/arm-none-eabi/14.2.0/armv6k/fpu/libgcc.a(unwind-arm.o)
                0x0011101c                _Unwind_Complete
 .text._Unwind_DeleteException
                0x00111020       0x18 /opt/devkitpro/devkitARM/bin/../lib/gcc/arm-none-eabi/14.2.0/armv6k/fpu/libgcc.a(unwind-arm.o)
                0x00111020                _Unwind_DeleteException
 .text._Unwind_VRS_Get
                0x00111038       0x64 /opt/devkitpro/devkitARM/bin/../lib/gcc/arm-none-eabi/14.2.0/armv6k/fpu/libgcc.a(unwind-arm.o)
                0x00111038                _Unwind_VRS_Get
 .text._Unwind_GetGR
                0x0011109c       0x2c /opt/devkitpro/devkitARM/bin/../lib/gcc/arm-none-eabi/14.2.0/armv6k/fpu/libgcc.a(unwind-arm.o)
 .text._Unwind_VRS_Set
                0x001110c8       0x64 /opt/devkitpro/devkitARM/bin/../lib/gcc/arm-none-eabi/14.2.0/armv6k/fpu/libgcc.a(unwind-arm.o)
                0x001110c8                _Unwind_VRS_Set
 .text._Unwind_SetGR
                0x0011112c       0x2c /opt/devkitpro/devkitARM/bin/../lib/gcc/arm-none-eabi/14.2.0/armv6k/fpu/libgcc.a(unwind-arm.o)
 .text.__gnu_Unwind_Backtrace
                0x00111158       0xc0 /opt/devkitpro/devkitARM/bin/../lib/gcc/arm-none-eabi/14.2.0/armv6k/fpu/libgcc.a(unwind-arm.o)
                0x00111158                __gnu_Unwind_Backtrace
 .text.__gnu_unwind_pr_common
                0x00111218      0x410 /opt/devkitpro/devkitARM/bin/../lib/gcc/arm-none-eabi/14.2.0/armv6k/fpu/libgcc.a(unwind-arm.o)
 .text.__aeabi_unwind_cpp_pr0
                0x00111628        0x8 /opt/devkitpro/devkitARM/bin/../lib/gcc/arm-none-eabi/14.2.0/armv6k/fpu/libgcc.a(unwind-arm.o)
                0x00111628                __aeabi_unwind_cpp_pr0
 .text.__aeabi_unwind_cpp_pr1
                0x00111630        0x8 /opt/devkitpro/devkitARM/bin/../lib/gcc/arm-none-eabi/14.2.0/armv6k/fpu/libgcc.a(unwind-arm.o)
                0x00111630                __aeabi_unwind_cpp_pr1
 .text.__aeabi_unwind_cpp_pr2
                0x00111638        0x8 /opt/devkitpro/devkitARM/bin/../lib/gcc/arm-none-eabi/14.2.0/armv6k/fpu/libgcc.a(unwind-arm.o)
                0x00111638                __aeabi_unwind_cpp_pr2
 .text._Unwind_VRS_Pop
                0x00111640      0x458 /opt/devkitpro/devkitARM/bin/../lib/gcc/arm-none-eabi/14.2.0/armv6k/fpu/libgcc.a(unwind-arm.o)
                0x00111640                _Unwind_VRS_Pop
 .text.next_unwind_byte
                0x00111a98       0x64 /opt/devkitpro/devkitARM/bin/../lib/gcc/arm-none-eabi/14.2.0/armv6k/fpu/libgcc.a(pr-support.o)
 .text._Unwind_GetGR.constprop.0
                0x00111afc       0x2c /opt/devkitpro/devkitARM/bin/../lib/gcc/arm-none-eabi/14.2.0/armv6k/fpu/libgcc.a(pr-support.o)
 .text.unwind_UCB_from_context
                0x00111b28        0x4 /opt/devkitpro/devkitARM/bin/../lib/gcc/arm-none-eabi/14.2.0/armv6k/fpu/libgcc.a(pr-support.o)
 .text.__gnu_unwind_execute
                0x00111b2c      0x460 /opt/devkitpro/devkitARM/bin/../lib/gcc/arm-none-eabi/14.2.0/armv6k/fpu/libgcc.a(pr-support.o)
                0x00111b2c                __gnu_unwind_execute
 .text.__gnu_unwind_frame
                0x00111f8c       0x48 /opt/devkitpro/devkitARM/bin/../lib/gcc/arm-none-eabi/14.2.0/armv6k/fpu/libgcc.a(pr-support.o)
                0x00111f8c                __gnu_unwind_frame
 .text._Unwind_GetRegionStart
                0x00111fd4       0x10 /opt/devkitpro/devkitARM/bin/../lib/gcc/arm-none-eabi/14.2.0/armv6k/fpu/libgcc.a(pr-support.o)
                0x00111fd4                _Unwind_GetRegionStart
 .text._Unwind_GetLanguageSpecificData
                0x00111fe4       0x1c /opt/devkitpro/devkitARM/bin/../lib/gcc/arm-none-eabi/14.2.0/armv6k/fpu/libgcc.a(pr-support.o)
                0x00111fe4                _Unwind_GetLanguageSpecificData
 .text.unlikely._Unwind_GetDataRelBase
                0x00112000        0x8 /opt/devkitpro/devkitARM/bin/../lib/gcc/arm-none-eabi/14.2.0/armv6k/fpu/libgcc.a(pr-support.o)
                0x00112000                _Unwind_GetDataRelBase
 .text.unlikely._Unwind_GetTextRelBase
                0x00112008        0x8 /opt/devkitpro/devkitARM/bin/../lib/gcc/arm-none-eabi/14.2.0/armv6k/fpu/libgcc.a(pr-support.o)
                0x00112008                _Unwind_GetTextRelBase
 .text.strncmp  0x00112010       0xd8 /opt/devkitpro/devkitARM/bin/../lib/gcc/arm-none-eabi/14.2.0/../../../../arm-none-eabi/lib/armv6k/fpu/libg.a(libc_a-strncmp.o)
                0x00112010                strncmp
 .text.strchr   0x001120e8      0x130 /opt/devkitpro/devkitARM/bin/../lib/gcc/arm-none-eabi/14.2.0/../../../../arm-none-eabi/lib/armv6k/fpu/libg.a(libc_a-strchr.o)
                0x001120e8                strchr
 .text.getenv   0x00112218       0x24 /opt/devkitpro/devkitARM/bin/../lib/gcc/arm-none-eabi/14.2.0/../../../../arm-none-eabi/lib/armv6k/fpu/libg.a(libc_a-getenv.o)
                0x00112218                getenv
 .text.strlen   0x0011223c       0x5c /opt/devkitpro/devkitARM/bin/../lib/gcc/arm-none-eabi/14.2.0/../../../../arm-none-eabi/lib/armv6k/fpu/libg.a(libc_a-strlen-stub.o)
                0x0011223c                strlen
 .text.memmove  0x00112298      0x160 /opt/devkitpro/devkitARM/bin/../lib/gcc/arm-none-eabi/14.2.0/../../../../arm-none-eabi/lib/armv6k/fpu/libg.a(libc_a-memmove.o)
                0x00112298                memmove
 .text.memcmp   0x001123f8       0xd4 /opt/devkitpro/devkitARM/bin/../lib/gcc/arm-none-eabi/14.2.0/../../../../arm-none-eabi/lib/armv6k/fpu/libg.a(libc_a-memcmp.o)
                0x001123f8                memcmp
 .text._strtoul_l.isra.0
                0x001124cc      0x1e4 /opt/devkitpro/devkitARM/bin/../lib/gcc/arm-none-eabi/14.2.0/../../../../arm-none-eabi/lib/armv6k/fpu/libg.a(libc_a-strtoul.o)
 .text.strtoul  0x001126b0       0x34 /opt/devkitpro/devkitARM/bin/../lib/gcc/arm-none-eabi/14.2.0/../../../../arm-none-eabi/lib/armv6k/fpu/libg.a(libc_a-strtoul.o)
                0x001126b0                strtoul
 .text.strncat  0x001126e4       0xe4 /opt/devkitpro/devkitARM/bin/../lib/gcc/arm-none-eabi/14.2.0/../../../../arm-none-eabi/lib/armv6k/fpu/libg.a(libc_a-strncat.o)
                0x001126e4                strncat
 .text.bsearch  0x001127c8       0x78 /opt/devkitpro/devkitARM/bin/../lib/gcc/arm-none-eabi/14.2.0/../../../../arm-none-eabi/lib/armv6k/fpu/libg.a(libc_a-bsearch.o)
                0x001127c8                bsearch
 .text.calloc   0x00112840       0x20 /opt/devkitpro/devkitARM/bin/../lib/gcc/arm-none-eabi/14.2.0/../../../../arm-none-eabi/lib/armv6k/fpu/libg.a(libc_a-calloc.o)
                0x00112840                calloc
 .text.abort    0x00112860       0x14 /opt/devkitpro/devkitARM/bin/../lib/gcc/arm-none-eabi/14.2.0/../../../../arm-none-eabi/lib/armv6k/fpu/libg.a(libc_a-abort.o)
                0x00112860                abort
 .text._calloc_r
                0x00112874       0xc0 /opt/devkitpro/devkitARM/bin/../lib/gcc/arm-none-eabi/14.2.0/../../../../arm-none-eabi/lib/armv6k/fpu/libg.a(libc_a-callocr.o)
                0x00112874                _calloc_r
 .text.memalign
                0x00112934       0x20 /opt/devkitpro/devkitARM/bin/../lib/gcc/arm-none-eabi/14.2.0/../../../../arm-none-eabi/lib/armv6k/fpu/libg.a(libc_a-malign.o)
                0x00112934                memalign
 .text._malloc_r
                0x00112954      0x7e8 /opt/devkitpro/devkitARM/bin/../lib/gcc/arm-none-eabi/14.2.0/../../../../arm-none-eabi/lib/armv6k/fpu/libg.a(libc_a-mallocr.o)
                0x00112954                _malloc_r
 .text._malloc_trim_r
                0x0011313c       0xf8 /opt/devkitpro/devkitARM/bin/../lib/gcc/arm-none-eabi/14.2.0/../../../../arm-none-eabi/lib/armv6k/fpu/libg.a(libc_a-freer.o)
                0x0011313c                _malloc_trim_r
 .text._free_r  0x00113234      0x300 /opt/devkitpro/devkitARM/bin/../lib/gcc/arm-none-eabi/14.2.0/../../../../arm-none-eabi/lib/armv6k/fpu/libg.a(libc_a-freer.o)
                0x00113234                _free_r
 .text.strnlen  0x00113534       0x4c /opt/devkitpro/devkitARM/bin/../lib/gcc/arm-none-eabi/14.2.0/../../../../arm-none-eabi/lib/armv6k/fpu/libg.a(libc_a-strnlen.o)
                0x00113534                strnlen
 .text.__errno  0x00113580        0xc /opt/devkitpro/devkitARM/bin/../lib/gcc/arm-none-eabi/14.2.0/../../../../arm-none-eabi/lib/armv6k/fpu/libg.a(libc_a-errno.o)
                0x00113580                __errno
 .text.malloc   0x0011358c       0x34 /opt/devkitpro/devkitARM/bin/../lib/gcc/arm-none-eabi/14.2.0/../../../../arm-none-eabi/lib/armv6k/fpu/libg.a(libc_a-malloc.o)
                0x0011358c                malloc
 .text.free     0x001135c0       0x18 /opt/devkitpro/devkitARM/bin/../lib/gcc/arm-none-eabi/14.2.0/../../../../arm-none-eabi/lib/armv6k/fpu/libg.a(libc_a-malloc.o)
                0x001135c0                free
 .text.memcpy   0x001135d8      0x130 /opt/devkitpro/devkitARM/bin/../lib/gcc/arm-none-eabi/14.2.0/../../../../arm-none-eabi/lib/armv6k/fpu/libg.a(libc_a-memcpy-stub.o)
                0x001135d8                memcpy
 .text._findenv_r
                0x00113708       0xc8 /opt/devkitpro/devkitARM/bin/../lib/gcc/arm-none-eabi/14.2.0/../../../../arm-none-eabi/lib/armv6k/fpu/libg.a(libc_a-getenv_r.o)
                0x00113708                _findenv_r
 .text.memset   0x001137d0       0xe8 /opt/devkitpro/devkitARM/bin/../lib/gcc/arm-none-eabi/14.2.0/../../../../arm-none-eabi/lib/armv6k/fpu/libg.a(libc_a-memset.o)
                0x001137d0                memset
 .text.__malloc_lock
                0x001138b8        0xc /opt/devkitpro/devkitARM/bin/../lib/gcc/arm-none-eabi/14.2.0/../../../../arm-none-eabi/lib/armv6k/fpu/libg.a(libc_a-mlock.o)
                0x001138b8                __malloc_lock
 .text.__malloc_unlock
                0x001138c4        0xc /opt/devkitpro/devkitARM/bin/../lib/gcc/arm-none-eabi/14.2.0/../../../../arm-none-eabi/lib/armv6k/fpu/libg.a(libc_a-mlock.o)
                0x001138c4                __malloc_unlock
 .text.__call_exitprocs
                0x001138d0        0x4 /opt/devkitpro/devkitARM/bin/../lib/gcc/arm-none-eabi/14.2.0/../../../../arm-none-eabi/lib/armv6k/fpu/libg.a(libc_a-exit.o)
                0x001138d0                __call_exitprocs
 .text.exit     0x001138d4       0x30 /opt/devkitpro/devkitARM/bin/../lib/gcc/arm-none-eabi/14.2.0/../../../../arm-none-eabi/lib/armv6k/fpu/libg.a(libc_a-exit.o)
                0x001138d4                exit