Archive member included to satisfy reference by file (symbol)

/opt/devkitpro/libctru/lib/libctru.a(gfx.o)
                              main.o (gfxSetDoubleBuffering)
/opt/devkitpro/libctru/lib/libctru.a(gspgpu.o)
                              /opt/devkitpro/libctru/lib/libctru.a(gfx.o) (gspInit)
/opt/devkitpro/libctru/lib/libctru.a(ac.o)
                              main.o (acInit)
/opt/devkitpro/libctru/lib/libctru.a(apt.o)
                              main.o (aptMainLoop)
/opt/devkitpro/libctru/lib/libctru.a(hid.o)
                              main.o (hidScanInput)
/opt/devkitpro/libctru/lib/libctru.a(ctru_init.o)
                              /opt/devkitpro/libctru/lib/libctru.a(apt.o) (__system_retAddr)
/opt/devkitpro/libctru/lib/libctru.a(initArgv.o)
                              /opt/devkitpro/libctru/lib/libctru.a(ctru_init.o) (__system_initArgv)
/opt/devkitpro/libctru/lib/libctru.a(svc.o)
                              /opt/devkitpro/libctru/lib/libctru.a(apt.o) (svcSleepThread)
/opt/devkitpro/libctru/lib/libctru.a(stack_adjust.o)
                              /opt/devkitpro/devkitARM/bin/../lib/gcc/arm-none-eabi/14.2.0/../../../../arm-none-eabi/lib/armv6k/fpu/3dsx_crt0.o (initSystem)
/opt/devkitpro/libctru/lib/libctru.a(vram.o)
                              /opt/devkitpro/libctru/lib/libctru.a(gfx.o) (vramAlloc)
/opt/devkitpro/libctru/lib/libctru.a(linear.o)
                              /opt/devkitpro/libctru/lib/libctru.a(gfx.o) (linearAlloc)
/opt/devkitpro/libctru/lib/libctru.a(mem_pool.o)
                              /opt/devkitpro/libctru/lib/libctru.a(vram.o) (MemPool::Allocate(MemChunk&, unsigned long, int))
/opt/devkitpro/libctru/lib/libctru.a(synchronization.o)
                              /opt/devkitpro/libctru/lib/libctru.a(ctru_init.o) (__sync_init)
/opt/devkitpro/libctru/lib/libctru.a(os.o)
                              /opt/devkitpro/libctru/lib/libctru.a(apt.o) (__ctru_speedup_config)
/opt/devkitpro/libctru/lib/libctru.a(3dslink.o)
                              /opt/devkitpro/libctru/lib/libctru.a(initArgv.o) (__3dslink_host)
/opt/devkitpro/libctru/lib/libctru.a(srv.o)
                              /opt/devkitpro/libctru/lib/libctru.a(apt.o) (srvInit)
/opt/devkitpro/libctru/lib/libctru.a(thread.o)
                              /opt/devkitpro/libctru/lib/libctru.a(gspgpu.o) (threadCreate)
/opt/devkitpro/libctru/lib/libctru.a(mappable.o)
                              /opt/devkitpro/libctru/lib/libctru.a(gspgpu.o) (mappableAlloc)
/opt/devkitpro/libctru/lib/libctru.a(irrst.o)
                              /opt/devkitpro/libctru/lib/libctru.a(hid.o) (irrstInit)
/opt/devkitpro/libctru/lib/libctru.a(srvpm.o)
                              /opt/devkitpro/libctru/lib/libctru.a(srv.o) (srvPmGetSessionHandle)
/opt/devkitpro/libctru/lib/libctru.a(ptmsysm.o)
                              /opt/devkitpro/libctru/lib/libctru.a(os.o) (ptmSysmInit)
/opt/devkitpro/libctru/lib/libctru.a(soc_socket.o)
                              /opt/devkitpro/libctru/lib/libctru.a(3dslink.o) (socket)
/opt/devkitpro/libctru/lib/libctru.a(soc_connect.o)
                              /opt/devkitpro/libctru/lib/libctru.a(3dslink.o) (connect)
/opt/devkitpro/libctru/lib/libctru.a(soc_common.o)
                              /opt/devkitpro/libctru/lib/libctru.a(soc_socket.o) (_net_convert_error)
/opt/devkitpro/libctru/lib/libctru.a(rbtree_init.o)
                              /opt/devkitpro/libctru/lib/libctru.a(vram.o) (rbtree_init)
/opt/devkitpro/libctru/lib/libctru.a(rbtree_insert.o)
                              /opt/devkitpro/libctru/lib/libctru.a(vram.o) (rbtree_insert)
/opt/devkitpro/libctru/lib/libctru.a(rbtree_rotate.o)
                              /opt/devkitpro/libctru/lib/libctru.a(rbtree_insert.o) (rbtree_rotate)
/opt/devkitpro/libctru/lib/libctru.a(rbtree_remove.o)
                              /opt/devkitpro/libctru/lib/libctru.a(vram.o) (rbtree_remove)
/opt/devkitpro/libctru/lib/libctru.a(rbtree_find.o)
                              /opt/devkitpro/libctru/lib/libctru.a(vram.o) (rbtree_find)
/opt/devkitpro/libctru/lib/libctru.a(appInit.o)
                              /opt/devkitpro/libctru/lib/libctru.a(stack_adjust.o) (__appInit)
/opt/devkitpro/libctru/lib/libctru.a(syscalls.o)
                              /opt/devkitpro/libctru/lib/libctru.a(thread.o) (initThreadVars)
/opt/devkitpro/libctru/lib/libctru.a(allocateHeaps.o)
                              /opt/devkitpro/libctru/lib/libctru.a(ctru_init.o) (__system_allocateHeaps)
/opt/devkitpro/libctru/lib/libctru.a(appExit.o)
                              /opt/devkitpro/libctru/lib/libctru.a(stack_adjust.o) (__appExit)
/opt/devkitpro/libctru/lib/libctru.a(ctru_exit.o)
                              /opt/devkitpro/libctru/lib/libctru.a(stack_adjust.o) (__libctru_exit)
/opt/devkitpro/libctru/lib/libctru.a(env.o)
                              /opt/devkitpro/libctru/lib/libctru.a(srv.o) (envGetHandle)
/opt/devkitpro/libctru/lib/libctru.a(archive_dev.o)
[...]
Memory Configuration

Name             Origin             Length             Attributes
*default*        0x00000000         0xffffffff

Linker script and memory map

                0x00000000                        __sync_synchronize = __sync_synchronize_dmb
                0x00100000                        PROVIDE (__start__ = 0x100000)
                0x00100000                        . = __start__

.text           0x00100000     0xa908
 *(.crt0)
 .crt0          0x00100000       0x94 /opt/devkitpro/devkitARM/bin/../lib/gcc/arm-none-eabi/14.2.0/../../../../arm-none-eabi/lib/armv6k/fpu/3dsx_crt0.o
                0x00100000                _start
                0x00100008                __service_ptr
                0x0010000c                __apt_appid
                0x00100010                __heap_size
                0x00100014                __linear_heap_size
                0x00100018                __system_arglist
                0x0010001c                __system_runflags
 *(.init)
 .init          0x00100094        0xc /opt/devkitpro/devkitARM/bin/../lib/gcc/arm-none-eabi/14.2.0/armv6k/fpu/crti.o
                0x00100094                _init
 .init          0x001000a0        0xc /opt/devkitpro/devkitARM/bin/../lib/gcc/arm-none-eabi/14.2.0/armv6k/fpu/crtn.o
                0x001000ac                        . = ALIGN (0x4)
 *(.text)
 .text          0x001000ac        0x4 /opt/devkitpro/devkitARM/bin/../lib/gcc/arm-none-eabi/14.2.0/armv6k/fpu/libgcc.a(_dvmd_tls.o)
                0x001000ac                __aeabi_ldiv0
                0x001000ac                __aeabi_idiv0
 *fill*         0x001000b0       0x10 
 .text          0x001000c0      0x390 /opt/devkitpro/devkitARM/bin/../lib/gcc/arm-none-eabi/14.2.0/../../../../arm-none-eabi/lib/armv6k/fpu/libg.a(libc_a-strcmp.o)
                0x001000c8                strcmp
 .text          0x00100450      0x20c /opt/devkitpro/devkitARM/bin/../lib/gcc/arm-none-eabi/14.2.0/armv6k/fpu/libgcc.a(_udivsi3.o)
                0x00100450                __udivsi3
                0x00100450                __aeabi_uidiv
                0x0010063c                __aeabi_uidivmod
 *(.text.*)
 .text.__do_global_dtors_aux
                0x0010065c       0x40 /opt/devkitpro/devkitARM/bin/../lib/gcc/arm-none-eabi/14.2.0/armv6k/fpu/crtbegin.o
 .text.frame_dummy
                0x0010069c       0x2c /opt/devkitpro/devkitARM/bin/../lib/gcc/arm-none-eabi/14.2.0/armv6k/fpu/crtbegin.o
 .text.startup.main
                0x001006c8       0x54 main.o
                0x001006c8                main
 .text.gfxPresentFramebuffer
                0x0010071c       0xd0 /opt/devkitpro/libctru/lib/libctru.a(gfx.o)
 .text.gfxSetScreenFormat
                0x001007ec       0xec /opt/devkitpro/libctru/lib/libctru.a(gfx.o)
                0x001007ec                gfxSetScreenFormat
 .text.gfxSetDoubleBuffering
                0x001008d8       0x10 /opt/devkitpro/libctru/lib/libctru.a(gfx.o)
                0x001008d8                gfxSetDoubleBuffering
 .text.gfxInit  0x001008e8       0xd8 /opt/devkitpro/libctru/lib/libctru.a(gfx.o)
                0x001008e8                gfxInit
 .text.gfxInitDefault
                0x001009c0       0x10 /opt/devkitpro/libctru/lib/libctru.a(gfx.o)
                0x001009c0                gfxInitDefault
 .text.gspHardwareInit
                0x001009d0      0xc70 /opt/devkitpro/libctru/lib/libctru.a(gspgpu.o)
 .text.gspInit  0x00101640      0x248 /opt/devkitpro/libctru/lib/libctru.a(gspgpu.o)
                0x00101640                gspInit
 .text.gspPresentBuffer
                0x00101888       0xa0 /opt/devkitpro/libctru/lib/libctru.a(gspgpu.o)
                0x00101888                gspPresentBuffer
 .text.gspWaitForEvent
                0x00101928       0x44 /opt/devkitpro/libctru/lib/libctru.a(gspgpu.o)
                0x00101928                gspWaitForEvent
 .text.gxCmdQueueInterrupt
                0x0010196c        0x4 /opt/devkitpro/libctru/lib/libctru.a(gspgpu.o)
                0x0010196c                gxCmdQueueInterrupt
 .text.gspEventThreadMain
                0x00101970      0x160 /opt/devkitpro/libctru/lib/libctru.a(gspgpu.o)
 .text.GSPGPU_SetLcdForceBlack
                0x00101ad0       0x34 /opt/devkitpro/libctru/lib/libctru.a(gspgpu.o)
                0x00101ad0                GSPGPU_SetLcdForceBlack
 .text.GSPGPU_AcquireRight
                0x00101b04       0x68 /opt/devkitpro/libctru/lib/libctru.a(gspgpu.o)
                0x00101b04                GSPGPU_AcquireRight
 .text.GSPGPU_ReleaseRight
                0x00101b6c       0x48 /opt/devkitpro/libctru/lib/libctru.a(gspgpu.o)
                0x00101b6c                GSPGPU_ReleaseRight
 .text.GSPGPU_ImportDisplayCaptureInfo
                0x00101bb4       0x7c /opt/devkitpro/libctru/lib/libctru.a(gspgpu.o)
                0x00101bb4                GSPGPU_ImportDisplayCaptureInfo
 .text.GSPGPU_SaveVramSysArea
                0x00101c30       0x2c /opt/devkitpro/libctru/lib/libctru.a(gspgpu.o)
                0x00101c30                GSPGPU_SaveVramSysArea
 .text.GSPGPU_RestoreVramSysArea
                0x00101c5c       0x2c /opt/devkitpro/libctru/lib/libctru.a(gspgpu.o)
                0x00101c5c                GSPGPU_RestoreVramSysArea
 .text.acInit   0x00101c88       0x8c /opt/devkitpro/libctru/lib/libctru.a(ac.o)
                0x00101c88                acInit
 .text.aptConvertScreenForCapture
                0x00101d14      0x1b0 /opt/devkitpro/libctru/lib/libctru.a(apt.o)
 .text.aptDspSleep
                0x00101ec4        0x8 /opt/devkitpro/libctru/lib/libctru.a(apt.o)
                0x00101ec4                aptDspSleep
 .text.aptDspWakeup
                0x00101ecc        0x4 /opt/devkitpro/libctru/lib/libctru.a(apt.o)
                0x00101ecc                aptDspWakeup
 .text.aptDspCancel
                0x00101ed0        0x4 /opt/devkitpro/libctru/lib/libctru.a(apt.o)
                0x00101ed0                aptDspCancel
 .text.aptSendCommand
                0x00101ed4      0x158 /opt/devkitpro/libctru/lib/libctru.a(apt.o)
                0x00101ed4                aptSendCommand
 *fill*         0x0010202c        0x4 
 .text.aptExitProcess
                0x00102030       0x44 /opt/devkitpro/libctru/lib/libctru.a(apt.o)
 .text.aptExit  0x00102074      0x380 /opt/devkitpro/libctru/lib/libctru.a(apt.o)
                0x00102074                aptExit
 .text.aptHandleSleep
                0x001023f4       0xd8 /opt/devkitpro/libctru/lib/libctru.a(apt.o)
                0x001023f4                aptHandleSleep
 .text.APT_SleepIfShellClosed
                0x001024cc       0x84 /opt/devkitpro/libctru/lib/libctru.a(apt.o)
                0x001024cc                APT_SleepIfShellClosed
 .text.aptSetSleepAllowed
                0x00102550       0x78 /opt/devkitpro/libctru/lib/libctru.a(apt.o)
                0x00102550                aptSetSleepAllowed
 .text.APT_UnlockTransition
                0x001025c8       0x84 /opt/devkitpro/libctru/lib/libctru.a(apt.o)
                0x001025c8                APT_UnlockTransition
 *fill*         0x0010264c        0x4 
 .text.aptEventHandler
                0x00102650      0x478 /opt/devkitpro/libctru/lib/libctru.a(apt.o)
 .text.APT_ReceiveParameter
                0x00102ac8       0xb0 /opt/devkitpro/libctru/lib/libctru.a(apt.o)
                0x00102ac8                APT_ReceiveParameter
 .text.aptReceiveParameter.constprop.0
                0x00102b78       0xac /opt/devkitpro/libctru/lib/libctru.a(apt.o)
 *fill*         0x00102c24        0x4 
 .text.aptScreenTransfer
                0x00102c28      0x294 /opt/devkitpro/libctru/lib/libctru.a(apt.o)
 .text.aptWaitForWakeUp.isra.0
                0x00102ebc      0x2c8 /opt/devkitpro/libctru/lib/libctru.a(apt.o)
 .text.aptJumpToHomeMenu
                0x00103184       0xf4 /opt/devkitpro/libctru/lib/libctru.a(apt.o)
                0x00103184                aptJumpToHomeMenu
 .text.aptMainLoop
                0x00103278       0x48 /opt/devkitpro/libctru/lib/libctru.a(apt.o)
                0x00103278                aptMainLoop
 .text.aptInit  0x001032c0      0x22c /opt/devkitpro/libctru/lib/libctru.a(apt.o)
                0x001032c0                aptInit
 .text.APT_CheckNew3DS
                0x001034ec       0x7c /opt/devkitpro/libctru/lib/libctru.a(apt.o)
                0x001034ec                APT_CheckNew3DS
 .text.hidShouldUseIrrst
                0x00103568       0x24 /opt/devkitpro/libctru/lib/libctru.a(hid.o)
                0x00103568                hidShouldUseIrrst
 .text.hidInit  0x0010358c      0x18c /opt/devkitpro/libctru/lib/libctru.a(hid.o)
                0x0010358c                hidInit
 .text.hidExit  0x00103718       0xe8 /opt/devkitpro/libctru/lib/libctru.a(hid.o)
                0x00103718                hidExit
 .text.hidScanInput
                0x00103800      0x2a4 /opt/devkitpro/libctru/lib/libctru.a(hid.o)
                0x00103800                hidScanInput
 .text.hidKeysHeld
                0x00103aa4       0x10 /opt/devkitpro/libctru/lib/libctru.a(hid.o)
                0x00103aa4                hidKeysHeld
 .text.hidKeysDown
                0x00103ab4       0x10 /opt/devkitpro/libctru/lib/libctru.a(hid.o)
                0x00103ab4                hidKeysDown
 .text.__libctru_init
                0x00103ac4       0x38 /opt/devkitpro/libctru/lib/libctru.a(ctru_init.o)
                0x00103ac4                __libctru_init
 .text.__system_initArgv
                0x00103afc      0x160 /opt/devkitpro/libctru/lib/libctru.a(initArgv.o)
                0x00103afc                __system_initArgv
 .text.svcControlMemory
                0x00103c5c       0x20 /opt/devkitpro/libctru/lib/libctru.a(svc.o)
                0x00103c5c                svcControlMemory
 .text.svcQueryMemory
                0x00103c7c       0x30 /opt/devkitpro/libctru/lib/libctru.a(svc.o)
                0x00103c7c                svcQueryMemory
 .text.svcExitProcess
                0x00103cac        0x8 /opt/devkitpro/libctru/lib/libctru.a(svc.o)
                0x00103cac                svcExitProcess
 .text.svcCreateThread
                0x00103cb4       0x20 /opt/devkitpro/libctru/lib/libctru.a(svc.o)
                0x00103cb4                svcCreateThread
 .text.svcExitThread
                0x00103cd4        0x8 /opt/devkitpro/libctru/lib/libctru.a(svc.o)
                0x00103cd4                svcExitThread
 .text.svcSleepThread
                0x00103cdc        0x8 /opt/devkitpro/libctru/lib/libctru.a(svc.o)
                0x00103cdc                svcSleepThread
 .text.svcReleaseMutex
                0x00103ce4        0x8 /opt/devkitpro/libctru/lib/libctru.a(svc.o)
                0x00103ce4                svcReleaseMutex
 .text.svcCreateEvent
                0x00103cec       0x14 /opt/devkitpro/libctru/lib/libctru.a(svc.o)
                0x00103cec                svcCreateEvent
 .text.svcSignalEvent
                0x00103d00        0x8 /opt/devkitpro/libctru/lib/libctru.a(svc.o)
                0x00103d00                svcSignalEvent
 .text.svcClearEvent
                0x00103d08        0x8 /opt/devkitpro/libctru/lib/libctru.a(svc.o)
                0x00103d08                svcClearEvent
 .text.svcMapMemoryBlock
                0x00103d10        0x8 /opt/devkitpro/libctru/lib/libctru.a(svc.o)
                0x00103d10                svcMapMemoryBlock
 .text.svcUnmapMemoryBlock
                0x00103d18        0x8 /opt/devkitpro/libctru/lib/libctru.a(svc.o)
                0x00103d18                svcUnmapMemoryBlock
 .text.svcCreateAddressArbiter
                0x00103d20       0x14 /opt/devkitpro/libctru/lib/libctru.a(svc.o)
                0x00103d20                svcCreateAddressArbiter
 .text.svcArbitrateAddressNoTimeout
                0x00103d34        0x8 /opt/devkitpro/libctru/lib/libctru.a(svc.o)
                0x00103d34                svcArbitrateAddressNoTimeout
 .text.svcCloseHandle
                0x00103d3c        0x8 /opt/devkitpro/libctru/lib/libctru.a(svc.o)
                0x00103d3c                svcCloseHandle
 .text.svcWaitSynchronization
                0x00103d44        0x8 /opt/devkitpro/libctru/lib/libctru.a(svc.o)
                0x00103d44                svcWaitSynchronization
 .text.svcWaitSynchronizationN
                0x00103d4c       0x28 /opt/devkitpro/libctru/lib/libctru.a(svc.o)
                0x00103d4c                svcWaitSynchronizationN
 .text.svcDuplicateHandle
                0x00103d74       0x14 /opt/devkitpro/libctru/lib/libctru.a(svc.o)
                0x00103d74                svcDuplicateHandle
 .text.svcConnectToPort
                0x00103d88       0x14 /opt/devkitpro/libctru/lib/libctru.a(svc.o)
                0x00103d88                svcConnectToPort
 .text.svcSendSyncRequest
                0x00103d9c        0x8 /opt/devkitpro/libctru/lib/libctru.a(svc.o)
                0x00103d9c                svcSendSyncRequest
 .text.svcGetResourceLimit
                0x00103da4       0x14 /opt/devkitpro/libctru/lib/libctru.a(svc.o)
                0x00103da4                svcGetResourceLimit
 .text.svcGetResourceLimitLimitValues
                0x00103db8        0x8 /opt/devkitpro/libctru/lib/libctru.a(svc.o)
                0x00103db8                svcGetResourceLimitLimitValues
 .text.svcGetResourceLimitCurrentValues
                0x00103dc0        0x8 /opt/devkitpro/libctru/lib/libctru.a(svc.o)
                0x00103dc0                svcGetResourceLimitCurrentValues
 .text.svcBreak
                0x00103dc8        0x8 /opt/devkitpro/libctru/lib/libctru.a(svc.o)
                0x00103dc8                svcBreak
 .text.initSystem
                0x00103dd0       0x50 /opt/devkitpro/libctru/lib/libctru.a(stack_adjust.o)
                0x00103dd0                initSystem
 .text.__ctru_exit
                0x00103e20       0x14 /opt/devkitpro/libctru/lib/libctru.a(stack_adjust.o)
                0x00103e20                __ctru_exit
 .text._ZL21addrMapNodeComparatorPK11rbtree_nodeS1_
                0x00103e34       0x24 /opt/devkitpro/libctru/lib/libctru.a(vram.o)
 .text._ZL21addrMapNodeDestructorP11rbtree_node
                0x00103e58        0x4 /opt/devkitpro/libctru/lib/libctru.a(vram.o)
 .text.vramMemAlignAt
                0x00103e5c      0x244 /opt/devkitpro/libctru/lib/libctru.a(vram.o)
                0x00103e5c                vramMemAlignAt
 .text.vramAlloc
                0x001040a0        0xc /opt/devkitpro/libctru/lib/libctru.a(vram.o)
                0x001040a0                vramAlloc
 .text.vramFree
                0x001040ac       0x90 /opt/devkitpro/libctru/lib/libctru.a(vram.o)
                0x001040ac                vramFree
 .text._ZL21addrMapNodeComparatorPK11rbtree_nodeS1_
                0x0010413c       0x24 /opt/devkitpro/libctru/lib/libctru.a(linear.o)
 .text._ZL21addrMapNodeDestructorP11rbtree_node
                0x00104160        0x4 /opt/devkitpro/libctru/lib/libctru.a(linear.o)
 .text.linearMemAlign
                0x00104164      0x120 /opt/devkitpro/libctru/lib/libctru.a(linear.o)
                0x00104164                linearMemAlign
 .text.linearAlloc
                0x00104284        0x8 /opt/devkitpro/libctru/lib/libctru.a(linear.o)
                0x00104284                linearAlloc
 .text.linearFree
                0x0010428c       0x5c /opt/devkitpro/libctru/lib/libctru.a(linear.o)
                0x0010428c                linearFree
 .text._ZN7MemPool13CoalesceRightEP8MemBlock
                0x001042e8       0x84 /opt/devkitpro/libctru/lib/libctru.a(mem_pool.o)
                0x001042e8                MemPool::CoalesceRight(MemBlock*)
 .text._ZN7MemPool8AllocateER8MemChunkmi
                0x0010436c      0x150 /opt/devkitpro/libctru/lib/libctru.a(mem_pool.o)
                0x0010436c                MemPool::Allocate(MemChunk&, unsigned long, int)
 .text._ZN7MemPool10DeallocateERK8MemChunk
                0x001044bc       0xfc /opt/devkitpro/libctru/lib/libctru.a(mem_pool.o)
                0x001044bc                MemPool::Deallocate(MemChunk const&)
 .text._ZN7MemPool12GetFreeSpaceEv
                0x001045b8       0x30 /opt/devkitpro/libctru/lib/libctru.a(mem_pool.o)
                0x001045b8                MemPool::GetFreeSpace()
 .text.__sync_init
                0x001045e8        0xc /opt/devkitpro/libctru/lib/libctru.a(synchronization.o)
                0x001045e8                __sync_init
 .text.__sync_fini
                0x001045f4       0x18 /opt/devkitpro/libctru/lib/libctru.a(synchronization.o)
                0x001045f4                __sync_fini
 .text.syncArbitrateAddress
                0x0010460c       0x2c /opt/devkitpro/libctru/lib/libctru.a(synchronization.o)
                0x0010460c                syncArbitrateAddress
 .text.LightLock_Lock
                0x00104638       0xb0 /opt/devkitpro/libctru/lib/libctru.a(synchronization.o)
                0x00104638                LightLock_Lock
 .text.RecursiveLock_Lock
                0x001046e8       0x30 /opt/devkitpro/libctru/lib/libctru.a(synchronization.o)
                0x001046e8                RecursiveLock_Lock
 .text.RecursiveLock_Unlock
                0x00104718       0x54 /opt/devkitpro/libctru/lib/libctru.a(synchronization.o)
                0x00104718                RecursiveLock_Unlock
 .text.LightEvent_Init
                0x0010476c       0x40 /opt/devkitpro/libctru/lib/libctru.a(synchronization.o)
                0x0010476c                LightEvent_Init
 .text.LightEvent_Clear
                0x001047ac       0xa4 /opt/devkitpro/libctru/lib/libctru.a(synchronization.o)
                0x001047ac                LightEvent_Clear
 .text.LightEvent_Signal
                0x00104850       0xc8 /opt/devkitpro/libctru/lib/libctru.a(synchronization.o)
                0x00104850                LightEvent_Signal
 .text.LightEvent_TryWait
                0x00104918       0x50 /opt/devkitpro/libctru/lib/libctru.a(synchronization.o)
                0x00104918                LightEvent_TryWait
 .text.LightEvent_Wait
                0x00104968       0xa0 /opt/devkitpro/libctru/lib/libctru.a(synchronization.o)
                0x00104968                LightEvent_Wait
 .text.__ctru_speedup_config
                0x00104a08       0x34 /opt/devkitpro/libctru/lib/libctru.a(os.o)
                0x00104a08                __ctru_speedup_config
 .text.srvInit  0x00104a3c      0x12c /opt/devkitpro/libctru/lib/libctru.a(srv.o)
                0x00104a3c                srvInit
 .text.srvExit  0x00104b68       0x58 /opt/devkitpro/libctru/lib/libctru.a(srv.o)
                0x00104b68                srvExit
 .text.srvEnableNotification
                0x00104bc0       0x60 /opt/devkitpro/libctru/lib/libctru.a(srv.o)
                0x00104bc0                srvEnableNotification
 .text.srvGetServiceHandleDirect
                0x00104c20       0xa0 /opt/devkitpro/libctru/lib/libctru.a(srv.o)
                0x00104c20                srvGetServiceHandleDirect
 .text.srvGetServiceHandle
                0x00104cc0       0x38 /opt/devkitpro/libctru/lib/libctru.a(srv.o)
                0x00104cc0                srvGetServiceHandle
 .text.srvSubscribe
                0x00104cf8       0x34 /opt/devkitpro/libctru/lib/libctru.a(srv.o)
                0x00104cf8                srvSubscribe
 .text.srvReceiveNotification
                0x00104d2c       0x60 /opt/devkitpro/libctru/lib/libctru.a(srv.o)
                0x00104d2c                srvReceiveNotification
 .text.srvPublishToSubscriber
                0x00104d8c       0x38 /opt/devkitpro/libctru/lib/libctru.a(srv.o)
                0x00104d8c                srvPublishToSubscriber
 .text.threadCreate
                0x00104dc4      0x1d4 /opt/devkitpro/libctru/lib/libctru.a(thread.o)
                0x00104dc4                threadCreate
 .text.threadFree
                0x00104f98       0x2c /opt/devkitpro/libctru/lib/libctru.a(thread.o)
                0x00104f98                threadFree
 .text.threadJoin
                0x00104fc4       0x24 /opt/devkitpro/libctru/lib/libctru.a(thread.o)
                0x00104fc4                threadJoin
 .text.threadGetCurrent
                0x00104fe8       0x30 /opt/devkitpro/libctru/lib/libctru.a(thread.o)
                0x00104fe8                threadGetCurrent
 .text.threadExit
                0x00105018       0x40 /opt/devkitpro/libctru/lib/libctru.a(thread.o)
                0x00105018                threadExit
 .text._thread_begin
                0x00105058       0x20 /opt/devkitpro/libctru/lib/libctru.a(thread.o)
 .text.mappableFindAddressWithin
                0x00105078       0x90 /opt/devkitpro/libctru/lib/libctru.a(mappable.o)
 .text.mappableInit
                0x00105108       0x28 /opt/devkitpro/libctru/lib/libctru.a(mappable.o)
                0x00105108                mappableInit
 .text.mappableAlloc
                0x00105130       0x80 /opt/devkitpro/libctru/lib/libctru.a(mappable.o)
                0x00105130                mappableAlloc
 .text.mappableFree
                0x001051b0        0x4 /opt/devkitpro/libctru/lib/libctru.a(mappable.o)
                0x001051b0                mappableFree
 .text.irrstInit
                0x001051b4      0x160 /opt/devkitpro/libctru/lib/libctru.a(irrst.o)
                0x001051b4                irrstInit
 .text.irrstExit
                0x00105314       0xcc /opt/devkitpro/libctru/lib/libctru.a(irrst.o)
                0x00105314                irrstExit
 .text.irrstScanInput
                0x001053e0       0xb4 /opt/devkitpro/libctru/lib/libctru.a(irrst.o)
                0x001053e0                irrstScanInput
 .text.irrstKeysHeld
                0x00105494       0x24 /opt/devkitpro/libctru/lib/libctru.a(irrst.o)
                0x00105494                irrstKeysHeld
 .text.srvPmGetSessionHandle
                0x001054b8        0xc /opt/devkitpro/libctru/lib/libctru.a(srvpm.o)
                0x001054b8                srvPmGetSessionHandle
 .text.ptmSysmInit
                0x001054c4       0x74 /opt/devkitpro/libctru/lib/libctru.a(ptmsysm.o)
                0x001054c4                ptmSysmInit
 .text.ptmSysmExit
                0x00105538       0x3c /opt/devkitpro/libctru/lib/libctru.a(ptmsysm.o)
                0x00105538                ptmSysmExit
 .text.PTMSYSM_ConfigureNew3DSCPU
                0x00105574       0x34 /opt/devkitpro/libctru/lib/libctru.a(ptmsysm.o)
                0x00105574                PTMSYSM_ConfigureNew3DSCPU
 .text.rbtree_init
                0x001055a8       0x10 /opt/devkitpro/libctru/lib/libctru.a(rbtree_init.o)
                0x001055a8                rbtree_init
 .text.do_insert
                0x001055b8      0x19c /opt/devkitpro/libctru/lib/libctru.a(rbtree_insert.o)
 .text.rbtree_insert
                0x00105754        0x8 /opt/devkitpro/libctru/lib/libctru.a(rbtree_insert.o)
                0x00105754                rbtree_insert
 .text.rbtree_rotate
                0x0010575c       0x90 /opt/devkitpro/libctru/lib/libctru.a(rbtree_rotate.o)
                0x0010575c                rbtree_rotate
 .text.rbtree_remove
                0x001057ec      0x310 /opt/devkitpro/libctru/lib/libctru.a(rbtree_remove.o)
                0x001057ec                rbtree_remove
 .text.rbtree_find
                0x00105afc       0x74 /opt/devkitpro/libctru/lib/libctru.a(rbtree_find.o)
                0x00105afc                rbtree_find
 .text.__appInit
                0x00105b70       0x30 /opt/devkitpro/libctru/lib/libctru.a(appInit.o)
                0x00105b70                __appInit
 .text.__syscall_getreent
                0x00105ba0       0x30 /opt/devkitpro/libctru/lib/libctru.a(syscalls.o)
                0x00105ba0                __syscall_getreent
 .text.__syscall_lock_acquire_recursive
                0x00105bd0        0x4 /opt/devkitpro/libctru/lib/libctru.a(syscalls.o)
                0x00105bd0                __syscall_lock_acquire_recursive
 .text.__syscall_lock_release_recursive
                0x00105bd4        0x4 /opt/devkitpro/libctru/lib/libctru.a(syscalls.o)
                0x00105bd4                __syscall_lock_release_recursive
 .text.__syscall_exit
                0x00105bd8        0x4 /opt/devkitpro/libctru/lib/libctru.a(syscalls.o)
                0x00105bd8                __syscall_exit
 .text.initThreadVars
                0x00105bdc       0x50 /opt/devkitpro/libctru/lib/libctru.a(syscalls.o)
                0x00105bdc                initThreadVars
 .text.__system_initSyscalls
                0x00105c2c       0x80 /opt/devkitpro/libctru/lib/libctru.a(syscalls.o)
                0x00105c2c                __system_initSyscalls
 *fill*         0x00105cac        0x4 
 .text.__system_allocateHeaps
                0x00105cb0      0x1e0 /opt/devkitpro/libctru/lib/libctru.a(allocateHeaps.o)
                0x00105cb0                __system_allocateHeaps
 .text.__appExit
                0x00105e90       0x30 /opt/devkitpro/libctru/lib/libctru.a(appExit.o)
                0x00105e90                __appExit
 .text.__libctru_exit
                0x00105ec0       0x90 /opt/devkitpro/libctru/lib/libctru.a(ctru_exit.o)
                0x00105ec0                __libctru_exit
 .text.envGetHandle
                0x00105f50       0x84 /opt/devkitpro/libctru/lib/libctru.a(env.o)
                0x00105f50                envGetHandle
 .text.envDestroyHandles
                0x00105fd4       0x50 /opt/devkitpro/libctru/lib/libctru.a(env.o)
                0x00105fd4                envDestroyHandles
 .text.archive_link
                0x00106024       0x14 /opt/devkitpro/libctru/lib/libctru.a(archive_dev.o)
 .text.archive_dirreset
                0x00106038       0x14 /opt/devkitpro/libctru/lib/libctru.a(archive_dev.o)
 .text.archive_chmod
                0x0010604c       0x14 /opt/devkitpro/libctru/lib/libctru.a(archive_dev.o)
 .text.error_cmp
                0x00106060       0x24 /opt/devkitpro/libctru/lib/libctru.a(archive_dev.o)
 .text.archive_translate_error
                0x00106084       0x50 /opt/devkitpro/libctru/lib/libctru.a(archive_dev.o)
 .text.archive_seek
                0x001060d4       0xc4 /opt/devkitpro/libctru/lib/libctru.a(archive_dev.o)
 .text._archiveInit.part.0
                0x00106198       0x78 /opt/devkitpro/libctru/lib/libctru.a(archive_dev.o)
 .text.archiveFindDevice.part.0
                0x00106210       0xc4 /opt/devkitpro/libctru/lib/libctru.a(archive_dev.o)
 .text.archive_utf16path
                0x001062d4      0x290 /opt/devkitpro/libctru/lib/libctru.a(archive_dev.o)
 .text._archiveUnmountDeviceStruct.part.0
                0x00106564       0x9c /opt/devkitpro/libctru/lib/libctru.a(archive_dev.o)
 .text.archive_statvfs
                0x00106600       0x14 /opt/devkitpro/libctru/lib/libctru.a(archive_dev.o)
 .text.archive_fchmod
                0x00106614       0x14 /opt/devkitpro/libctru/lib/libctru.a(archive_dev.o)
 .text._archiveMountDevice
                0x00106628      0x168 /opt/devkitpro/libctru/lib/libctru.a(archive_dev.o)
 .text.archive_diropen
                0x00106790       0xe8 /opt/devkitpro/libctru/lib/libctru.a(archive_dev.o)
 .text.archive_fstat
                0x00106878       0xa4 /opt/devkitpro/libctru/lib/libctru.a(archive_dev.o)
 .text.archive_fsync
                0x0010691c       0x6c /opt/devkitpro/libctru/lib/libctru.a(archive_dev.o)
 .text.archive_close
                0x00106988       0x6c /opt/devkitpro/libctru/lib/libctru.a(archive_dev.o)
 .text.archive_dirclose
                0x001069f4       0x70 /opt/devkitpro/libctru/lib/libctru.a(archive_dev.o)
 .text.sdmc_statvfs
                0x00106a64       0xe4 /opt/devkitpro/libctru/lib/libctru.a(archive_dev.o)
 .text.archive_chdir
                0x00106b48       0xec /opt/devkitpro/libctru/lib/libctru.a(archive_dev.o)
 .text.archive_ftruncate
                0x00106c34       0x7c /opt/devkitpro/libctru/lib/libctru.a(archive_dev.o)
 .text.archive_read
                0x00106cb0       0xac /opt/devkitpro/libctru/lib/libctru.a(archive_dev.o)
 .text.archive_unlink
                0x00106d5c       0xa4 /opt/devkitpro/libctru/lib/libctru.a(archive_dev.o)
 .text.archive_rmdir
                0x00106e00       0xbc /opt/devkitpro/libctru/lib/libctru.a(archive_dev.o)
 .text.archive_mkdir
                0x00106ebc       0xdc /opt/devkitpro/libctru/lib/libctru.a(archive_dev.o)
 .text.archive_stat
                0x00106f98      0x194 /opt/devkitpro/libctru/lib/libctru.a(archive_dev.o)
 .text.archive_dirnext
                0x0010712c      0x15c /opt/devkitpro/libctru/lib/libctru.a(archive_dev.o)
 .text.archive_write
                0x00107288      0x124 /opt/devkitpro/libctru/lib/libctru.a(archive_dev.o)
 *fill*         0x001073ac        0x4 
 .text.archive_open
                0x001073b0      0x210 /opt/devkitpro/libctru/lib/libctru.a(archive_dev.o)
 .text.archive_rename
                0x001075c0      0x268 /opt/devkitpro/libctru/lib/libctru.a(archive_dev.o)
 .text.archiveMountSdmc
                0x00107828      0x19c /opt/devkitpro/libctru/lib/libctru.a(archive_dev.o)
                0x00107828                archiveMountSdmc
 .text.archiveUnmountAll
                0x001079c4       0x54 /opt/devkitpro/libctru/lib/libctru.a(archive_dev.o)
                0x001079c4                archiveUnmountAll
 .text.fsInit   0x00107a18       0xd0 /opt/devkitpro/libctru/lib/libctru.a(fs.o)
                0x00107a18                fsInit
 .text.fsExit   0x00107ae8       0x3c /opt/devkitpro/libctru/lib/libctru.a(fs.o)
                0x00107ae8                fsExit
 .text.fsExemptFromSession
                0x00107b24       0x60 /opt/devkitpro/libctru/lib/libctru.a(fs.o)
                0x00107b24                fsExemptFromSession
 .text.fsUnexemptFromSession
                0x00107b84       0x50 /opt/devkitpro/libctru/lib/libctru.a(fs.o)
                0x00107b84                fsUnexemptFromSession
 .text.FSUSER_OpenFile
                0x00107bd4       0xcc /opt/devkitpro/libctru/lib/libctru.a(fs.o)
                0x00107bd4                FSUSER_OpenFile
 .text.FSUSER_DeleteFile
                0x00107ca0       0xbc /opt/devkitpro/libctru/lib/libctru.a(fs.o)
                0x00107ca0                FSUSER_DeleteFile
 .text.FSUSER_RenameFile
                0x00107d5c       0xf8 /opt/devkitpro/libctru/lib/libctru.a(fs.o)
                0x00107d5c                FSUSER_RenameFile
 .text.FSUSER_DeleteDirectory
                0x00107e54       0xbc /opt/devkitpro/libctru/lib/libctru.a(fs.o)
                0x00107e54                FSUSER_DeleteDirectory
 .text.FSUSER_CreateFile
                0x00107f10       0xd4 /opt/devkitpro/libctru/lib/libctru.a(fs.o)
                0x00107f10                FSUSER_CreateFile
 .text.FSUSER_CreateDirectory
                0x00107fe4       0xc4 /opt/devkitpro/libctru/lib/libctru.a(fs.o)
                0x00107fe4                FSUSER_CreateDirectory
 .text.FSUSER_RenameDirectory
                0x001080a8       0xf8 /opt/devkitpro/libctru/lib/libctru.a(fs.o)
                0x001080a8                FSUSER_RenameDirectory
 .text.FSUSER_OpenDirectory
                0x001081a0       0xb4 /opt/devkitpro/libctru/lib/libctru.a(fs.o)
                0x001081a0                FSUSER_OpenDirectory
 .text.FSUSER_OpenArchive
                0x00108254       0x94 /opt/devkitpro/libctru/lib/libctru.a(fs.o)
                0x00108254                FSUSER_OpenArchive
 .text.FSUSER_CloseArchive
                0x001082e8       0x8c /opt/devkitpro/libctru/lib/libctru.a(fs.o)
                0x001082e8                FSUSER_CloseArchive
 .text.FSUSER_GetSdmcArchiveResource
                0x00108374       0x74 /opt/devkitpro/libctru/lib/libctru.a(fs.o)
                0x00108374                FSUSER_GetSdmcArchiveResource
 .text.FSUSER_IsSdmcWritable
                0x001083e8       0x64 /opt/devkitpro/libctru/lib/libctru.a(fs.o)
                0x001083e8                FSUSER_IsSdmcWritable
 .text.FSFILE_Read
                0x0010844c       0x58 /opt/devkitpro/libctru/lib/libctru.a(fs.o)
                0x0010844c                FSFILE_Read
 .text.FSFILE_Write
                0x001084a4       0x60 /opt/devkitpro/libctru/lib/libctru.a(fs.o)
                0x001084a4                FSFILE_Write
 .text.FSFILE_GetSize
                0x00108504       0x38 /opt/devkitpro/libctru/lib/libctru.a(fs.o)
                0x00108504                FSFILE_GetSize
 .text.FSFILE_SetSize
                0x0010853c       0x28 /opt/devkitpro/libctru/lib/libctru.a(fs.o)
                0x0010853c                FSFILE_SetSize
 .text.FSFILE_Close
                0x00108564       0x3c /opt/devkitpro/libctru/lib/libctru.a(fs.o)
                0x00108564                FSFILE_Close
 .text.FSFILE_Flush
                0x001085a0       0x24 /opt/devkitpro/libctru/lib/libctru.a(fs.o)
                0x001085a0                FSFILE_Flush
 .text.FSDIR_Read
                0x001085c4       0x50 /opt/devkitpro/libctru/lib/libctru.a(fs.o)
                0x001085c4                FSDIR_Read
 .text.FSDIR_Close
                0x00108614       0x3c /opt/devkitpro/libctru/lib/libctru.a(fs.o)
                0x00108614                FSDIR_Close
 .text.rbtree_node_next
                0x00108650       0x5c /opt/devkitpro/libctru/lib/libctru.a(rbtree_iterator.o)
                0x00108650                rbtree_node_next
 .text.utf16_to_utf8
                0x001086ac       0xe8 /opt/devkitpro/libctru/lib/libctru.a(utf16_to_utf8.o)
                0x001086ac                utf16_to_utf8
 .text.decode_utf16
                0x00108794       0x64 /opt/devkitpro/libctru/lib/libctru.a(decode_utf16.o)
                0x00108794                decode_utf16
 .text.decode_utf8
                0x001087f8      0x13c /opt/devkitpro/libctru/lib/libctru.a(decode_utf8.o)
                0x001087f8                decode_utf8
 .text.utf8_to_utf16
                0x00108934       0xc0 /opt/devkitpro/libctru/lib/libctru.a(utf8_to_utf16.o)
                0x00108934                utf8_to_utf16
 .text.__aeabi_read_tp
                0x001089f4        0xc /opt/devkitpro/libctru/lib/libctru.a(readtp.o)
                0x001089f4                __aeabi_read_tp
 .text.encode_utf16
                0x00108a00       0x54 /opt/devkitpro/libctru/lib/libctru.a(encode_utf16.o)
                0x00108a00                encode_utf16
 .text.encode_utf8
                0x00108a54       0xe0 /opt/devkitpro/libctru/lib/libctru.a(encode_utf8.o)
                0x00108a54                encode_utf8
 .text.strncmp  0x00108b34       0xd8 /opt/devkitpro/devkitARM/bin/../lib/gcc/arm-none-eabi/14.2.0/../../../../arm-none-eabi/lib/armv6k/fpu/libg.a(libc_a-strncmp.o)
                0x00108b34                strncmp
 .text.strlen   0x00108c0c       0x5c /opt/devkitpro/devkitARM/bin/../lib/gcc/arm-none-eabi/14.2.0/../../../../arm-none-eabi/lib/armv6k/fpu/libg.a(libc_a-strlen-stub.o)
                0x00108c0c                strlen
 .text._strtoul_l.isra.0
                0x00108c68      0x1e4 /opt/devkitpro/devkitARM/bin/../lib/gcc/arm-none-eabi/14.2.0/../../../../arm-none-eabi/lib/armv6k/fpu/libg.a(libc_a-strtoul.o)
 .text.strtoul  0x00108e4c       0x34 /opt/devkitpro/devkitARM/bin/../lib/gcc/arm-none-eabi/14.2.0/../../../../arm-none-eabi/lib/armv6k/fpu/libg.a(libc_a-strtoul.o)
                0x00108e4c                strtoul
 .text.strncat  0x00108e80       0xe4 /opt/devkitpro/devkitARM/bin/../lib/gcc/arm-none-eabi/14.2.0/../../../../arm-none-eabi/lib/armv6k/fpu/libg.a(libc_a-strncat.o)
                0x00108e80                strncat
 .text.bsearch  0x00108f64       0x78 /opt/devkitpro/devkitARM/bin/../lib/gcc/arm-none-eabi/14.2.0/../../../../arm-none-eabi/lib/armv6k/fpu/libg.a(libc_a-bsearch.o)
                0x00108f64                bsearch
 .text.memalign
                0x00108fdc       0x20 /opt/devkitpro/devkitARM/bin/../lib/gcc/arm-none-eabi/14.2.0/../../../../arm-none-eabi/lib/armv6k/fpu/libg.a(libc_a-malign.o)
                0x00108fdc                memalign
 .text._malloc_r
                0x00108ffc      0x7e8 /opt/devkitpro/devkitARM/bin/../lib/gcc/arm-none-eabi/14.2.0/../../../../arm-none-eabi/lib/armv6k/fpu/libg.a(libc_a-mallocr.o)
                0x00108ffc                _malloc_r
 .text._malloc_trim_r
                0x001097e4       0xf8 /opt/devkitpro/devkitARM/bin/../lib/gcc/arm-none-eabi/14.2.0/../../../../arm-none-eabi/lib/armv6k/fpu/libg.a(libc_a-freer.o)
                0x001097e4                _malloc_trim_r
 .text._free_r  0x001098dc      0x300 /opt/devkitpro/devkitARM/bin/../lib/gcc/arm-none-eabi/14.2.0/../../../../arm-none-eabi/lib/armv6k/fpu/libg.a(libc_a-freer.o)
                0x001098dc                _free_r
 .text.strnlen  0x00109bdc       0x4c /opt/devkitpro/devkitARM/bin/../lib/gcc/arm-none-eabi/14.2.0/../../../../arm-none-eabi/lib/armv6k/fpu/libg.a(libc_a-strnlen.o)
                0x00109bdc                strnlen
 .text.malloc   0x00109c28       0x34 /opt/devkitpro/devkitARM/bin/../lib/gcc/arm-none-eabi/14.2.0/../../../../arm-none-eabi/lib/armv6k/fpu/libg.a(libc_a-malloc.o)
                0x00109c28                malloc
 .text.free     0x00109c5c       0x18 /opt/devkitpro/devkitARM/bin/../lib/gcc/arm-none-eabi/14.2.0/../../../../arm-none-eabi/lib/armv6k/fpu/libg.a(libc_a-malloc.o)
                0x00109c5c                free
 .text.memcpy   0x00109c74      0x130 /opt/devkitpro/devkitARM/bin/../lib/gcc/arm-none-eabi/14.2.0/../../../../arm-none-eabi/lib/armv6k/fpu/libg.a(libc_a-memcpy-stub.o)
                0x00109c74                memcpy
 .text.memset   0x00109da4       0xe8 /opt/devkitpro/devkitARM/bin/../lib/gcc/arm-none-eabi/14.2.0/../../../../arm-none-eabi/lib/armv6k/fpu/libg.a(libc_a-memset.o)
                0x00109da4                memset
 .text.__malloc_lock
                0x00109e8c        0xc /opt/devkitpro/devkitARM/bin/../lib/gcc/arm-none-eabi/14.2.0/../../../../arm-none-eabi/lib/armv6k/fpu/libg.a(libc_a-mlock.o)
                0x00109e8c                __malloc_lock
 .text.__malloc_unlock
                0x00109e98        0xc /opt/devkitpro/devkitARM/bin/../lib/gcc/arm-none-eabi/14.2.0/../../../../arm-none-eabi/lib/armv6k/fpu/libg.a(libc_a-mlock.o)
                0x00109e98                __malloc_unlock
 .text.__call_exitprocs
                0x00109ea4        0x4 /opt/devkitpro/devkitARM/bin/../lib/gcc/arm-none-eabi/14.2.0/../../../../arm-none-eabi/lib/armv6k/fpu/libg.a(libc_a-exit.o)
                0x00109ea4                __call_exitprocs
 .text.exit     0x00109ea8       0x30 /opt/devkitpro/devkitARM/bin/../lib/gcc/arm-none-eabi/14.2.0/../../../../arm-none-eabi/lib/armv6k/fpu/libg.a(libc_a-exit.o)
                0x00109ea8                exit
 .text.strncpy  0x00109ed8       0xc4 /opt/devkitpro/devkitARM/bin/../lib/gcc/arm-none-eabi/14.2.0/../../../../arm-none-eabi/lib/armv6k/fpu/libg.a(libc_a-strncpy.o)
                0x00109ed8                strncpy
 .text.__libc_init_array
                0x00109f9c       0x84 /opt/devkitpro/devkitARM/bin/../lib/gcc/arm-none-eabi/14.2.0/../../../../arm-none-eabi/lib/armv6k/fpu/libg.a(libc_a-init.o)
                0x00109f9c                __libc_init_array
 .text._memalign_r
                0x0010a020      0x150 /opt/devkitpro/devkitARM/bin/../lib/gcc/arm-none-eabi/14.2.0/../../../../arm-none-eabi/lib/armv6k/fpu/libg.a(libc_a-malignr.o)
                0x0010a020                _memalign_r
 .text.__libc_fini_array
                0x0010a170       0x3c /opt/devkitpro/devkitARM/bin/../lib/gcc/arm-none-eabi/14.2.0/../../../../arm-none-eabi/lib/armv6k/fpu/libg.a(libc_a-fini.o)
                0x0010a170                __libc_fini_array
 .text._exit    0x0010a1ac       0x20 /opt/devkitpro/devkitARM/bin/../lib/gcc/arm-none-eabi/14.2.0/../../../../arm-none-eabi/lib/armv6k/fpu/libsysbase.a(libsysbase_libsysbase_a-_exit.o)
                0x0010a1ac                _exit
 .text.chdir    0x0010a1cc      0x13c /opt/devkitpro/devkitARM/bin/../lib/gcc/arm-none-eabi/14.2.0/../../../../arm-none-eabi/lib/armv6k/fpu/libsysbase.a(libsysbase_libsysbase_a-chdir.o)
                0x0010a1cc                chdir
 .text._concatenate_path
                0x0010a308      0x1cc /opt/devkitpro/devkitARM/bin/../lib/gcc/arm-none-eabi/14.2.0/../../../../arm-none-eabi/lib/armv6k/fpu/libsysbase.a(libsysbase_libsysbase_a-concatenate.o)
                0x0010a308                _concatenate_path
 .text.__getreent
                0x0010a4d4       0x2c /opt/devkitpro/devkitARM/bin/../lib/gcc/arm-none-eabi/14.2.0/../../../../arm-none-eabi/lib/armv6k/fpu/libsysbase.a(libsysbase_libsysbase_a-getreent.o)
                0x0010a4d4                __getreent
 .text.null_write
                0x0010a500        0x8 /opt/devkitpro/devkitARM/bin/../lib/gcc/arm-none-eabi/14.2.0/../../../../arm-none-eabi/lib/armv6k/fpu/libsysbase.a(libsysbase_libsysbase_a-iosupport.o)
 .text.setDefaultDevice
                0x0010a508       0x18 /opt/devkitpro/devkitARM/bin/../lib/gcc/arm-none-eabi/14.2.0/../../../../arm-none-eabi/lib/armv6k/fpu/libsysbase.a(libsysbase_libsysbase_a-iosupport.o)
                0x0010a508                setDefaultDevice
 .text.FindDevice
                0x0010a520       0xc8 /opt/devkitpro/devkitARM/bin/../lib/gcc/arm-none-eabi/14.2.0/../../../../arm-none-eabi/lib/armv6k/fpu/libsysbase.a(libsysbase_libsysbase_a-iosupport.o)
                0x0010a520                FindDevice
 .text.RemoveDevice
                0x0010a5e8       0x28 /opt/devkitpro/devkitARM/bin/../lib/gcc/arm-none-eabi/14.2.0/../../../../arm-none-eabi/lib/armv6k/fpu/libsysbase.a(libsysbase_libsysbase_a-iosupport.o)
                0x0010a5e8                RemoveDevice
 .text.AddDevice
                0x0010a610       0x98 /opt/devkitpro/devkitARM/bin/../lib/gcc/arm-none-eabi/14.2.0/../../../../arm-none-eabi/lib/armv6k/fpu/libsysbase.a(libsysbase_libsysbase_a-iosupport.o)
                0x0010a610                AddDevice
 .text.GetDeviceOpTab
                0x0010a6a8       0x20 /opt/devkitpro/devkitARM/bin/../lib/gcc/arm-none-eabi/14.2.0/../../../../arm-none-eabi/lib/armv6k/fpu/libsysbase.a(libsysbase_libsysbase_a-iosupport.o)
                0x0010a6a8                GetDeviceOpTab
 .text._sbrk_r  0x0010a6c8       0x78 /opt/devkitpro/devkitARM/bin/../lib/gcc/arm-none-eabi/14.2.0/../../../../arm-none-eabi/lib/armv6k/fpu/libsysbase.a(libsysbase_libsysbase_a-sbrk.o)
                0x0010a6c8                _sbrk_r
 .text.__libc_lock_acquire_recursive
                0x0010a740       0x1c /opt/devkitpro/devkitARM/bin/../lib/gcc/arm-none-eabi/14.2.0/../../../../arm-none-eabi/lib/armv6k/fpu/libsysbase.a(libsysbase_libsysbase_a-syscall_support.o)
                0x0010a740                __libc_lock_acquire_recursive
 .text.__libc_lock_release_recursive
                0x0010a75c       0x1c /opt/devkitpro/devkitARM/bin/../lib/gcc/arm-none-eabi/14.2.0/../../../../arm-none-eabi/lib/armv6k/fpu/libsysbase.a(libsysbase_libsysbase_a-syscall_support.o)
                0x0010a75c                __libc_lock_release_recursive
 .text.strchr   0x0010a778      0x130 /opt/devkitpro/devkitARM/bin/../lib/gcc/arm-none-eabi/14.2.0/../../../../arm-none-eabi/lib/armv6k/fpu/libg.a(libc_a-strchr.o)
                0x0010a778                strchr
 .text.strrchr  0x0010a8a8       0x48 /opt/devkitpro/devkitARM/bin/../lib/gcc/arm-none-eabi/14.2.0/../../../../arm-none-eabi/lib/armv6k/fpu/libg.a(libc_a-strrchr.o)
                0x0010a8a8                strrchr
 *(.glue_7)
 .glue_7        0x0010a8f0        0x0 linker stubs
 *(.glue_7t)
 .glue_7t       0x0010a8f0        0x0 linker stubs
 *(.stub)
 *(.gnu.warning)
 *(.gnu.linkonce.t*)
                0x0010a8f0                        . = ALIGN (0x4)
 *(.fini)
 .fini          0x0010a8f0        0xc /opt/devkitpro/devkitARM/bin/../lib/gcc/arm-none-eabi/14.2.0/armv6k/fpu/crti.o
                0x0010a8f0                _fini
 .fini          0x0010a8fc        0xc /opt/devkitpro/devkitARM/bin/../lib/gcc/arm-none-eabi/14.2.0/armv6k/fpu/crtn.o
                0x0010a908                        . = ALIGN (0x4)

.vfp11_veneer   0x0010a908        0x0
 .vfp11_veneer  0x0010a908        0x0 linker stubs

.v4_bx          0x0010a908        0x0
 .v4_bx         0x0010a908        0x0 linker stubs

.iplt           0x0010a908        0x0
 .iplt          0x0010a908        0x0 /opt/devkitpro/devkitARM/bin/../lib/gcc/arm-none-eabi/14.2.0/../../../../arm-none-eabi/lib/armv6k/fpu/3dsx_crt0.o
                0x0010b000                        . = ALIGN (0x1000)

.rodata         0x0010b000      0x314
 *(.rodata)
 .rodata        0x0010b000        0xc /opt/devkitpro/libctru/lib/libctru.a(archive_dev.o)
 *(.roda)
 *(.rodata.*)
 .rodata.gspInit.str1.4
                0x0010b00c       0x9c /opt/devkitpro/libctru/lib/libctru.a(gspgpu.o)
                                  0x9 (size before relaxing)
 .rodata.acInit.str1.4
                0x0010b0a8        0xd /opt/devkitpro/libctru/lib/libctru.a(ac.o)
 .rodata.aptSendCommand.str1.4
                0x0010b0a8       0x16 /opt/devkitpro/libctru/lib/libctru.a(apt.o)
 .rodata.aptEventHandler
                0x0010b0a8        0xb /opt/devkitpro/libctru/lib/libctru.a(apt.o)
 .rodata.aptWaitForWakeUp.isra.0
                0x0010b0b3       0x11 /opt/devkitpro/libctru/lib/libctru.a(apt.o)
 .rodata.morton_y.2
                0x0010b0c4        0x8 /opt/devkitpro/libctru/lib/libctru.a(apt.o)
 .rodata.morton_x.3
                0x0010b0cc        0x8 /opt/devkitpro/libctru/lib/libctru.a(apt.o)
 .rodata.s_sleepWakeEvents.4
                0x0010b0d4        0x8 /opt/devkitpro/libctru/lib/libctru.a(apt.o)
 .rodata.hidInit.str1.4
                0x0010b0dc       0x15 /opt/devkitpro/libctru/lib/libctru.a(hid.o)
 .rodata.__system_initArgv.str1.4
                0x0010b0dc        0xa /opt/devkitpro/libctru/lib/libctru.a(initArgv.o)
 .rodata.srvInit.str1.4
                0x0010b0dc        0x5 /opt/devkitpro/libctru/lib/libctru.a(srv.o)
 .rodata.irrstInit.str1.4
                0x0010b0dc        0x7 /opt/devkitpro/libctru/lib/libctru.a(irrst.o)
 .rodata.ptmSysmInit.str1.4
                0x0010b0dc        0x9 /opt/devkitpro/libctru/lib/libctru.a(ptmsysm.o)
 .rodata.archive_utf16path.str1.4
                0x0010b0dc        0x2 /opt/devkitpro/libctru/lib/libctru.a(archive_dev.o)
 .rodata._archiveUnmountDeviceStruct.part.0.str1.4
                0x0010b0dc        0x2 /opt/devkitpro/libctru/lib/libctru.a(archive_dev.o)
 .rodata._archiveMountDevice.str1.4
                0x0010b0dc        0xc /opt/devkitpro/libctru/lib/libctru.a(archive_dev.o)
 .rodata.archiveMountSdmc.str1.4
                0x0010b0dc        0x5 /opt/devkitpro/libctru/lib/libctru.a(archive_dev.o)
 .rodata.error_table
                0x0010b0dc       0x30 /opt/devkitpro/libctru/lib/libctru.a(archive_dev.o)
 .rodata.str1.4
                0x0010b10c        0x8 /opt/devkitpro/libctru/lib/libctru.a(archive_dev.o)
 .rodata.archive_devoptab
                0x0010b10c       0x80 /opt/devkitpro/libctru/lib/libctru.a(archive_dev.o)
 .rodata.fsInit.str1.4
                0x0010b18c        0x8 /opt/devkitpro/libctru/lib/libctru.a(fs.o)
 .rodata._ctype_
                0x0010b18c      0x101 /opt/devkitpro/devkitARM/bin/../lib/gcc/arm-none-eabi/14.2.0/../../../../arm-none-eabi/lib/armv6k/fpu/libg.a(libc_a-ctype_.o)
                0x0010b18c                _ctype_
 .rodata.AddDevice.str1.4
                0x0010b28d        0x8 /opt/devkitpro/devkitARM/bin/../lib/gcc/arm-none-eabi/14.2.0/../../../../arm-none-eabi/lib/armv6k/fpu/libsysbase.a(libsysbase_libsysbase_a-iosupport.o)
 *fill*         0x0010b28d        0x3 
 .rodata.dotab_stdnull
                0x0010b290       0x80 /opt/devkitpro/devkitARM/bin/../lib/gcc/arm-none-eabi/14.2.0/../../../../arm-none-eabi/lib/armv6k/fpu/libsysbase.a(libsysbase_libsysbase_a-iosupport.o)
                0x0010b290                dotab_stdnull
 *all.rodata*(*)
 *(.gnu.linkonce.r*)
                0x0010b310                        . = ALIGN (0x4)
                0x0010b310                        __tdata_align = .
                0x0010b310        0x4 LONG 0x4 ALIGNOF (.tdata)
                0x0010b314                        . = ALIGN (0x4)

.eh_frame       0x0010b314        0x0
 .eh_frame      0x0010b314        0x0 /opt/devkitpro/devkitARM/bin/../lib/gcc/arm-none-eabi/14.2.0/armv6k/fpu/crtbegin.o

.rel.dyn        0x0010b314        0x0
 .rel.iplt      0x0010b314        0x0 /opt/devkitpro/devkitARM/bin/../lib/gcc/arm-none-eabi/14.2.0/../../../../arm-none-eabi/lib/armv6k/fpu/3dsx_crt0.o
 .rel.got       0x0010b314        0x0 /opt/devkitpro/devkitARM/bin/../lib/gcc/arm-none-eabi/14.2.0/../../../../arm-none-eabi/lib/armv6k/fpu/3dsx_crt0.o

.ARM.extab
 *(.ARM.extab* .gnu.linkonce.armextab.*)
                0x0010b314                        __exidx_start = .

.ARM.exidx
 *(.ARM.exidx* .gnu.linkonce.armexidx.*)
                0x0010b314                        __exidx_end = .
                0x0010c000                        . = ALIGN (0x1000)

.data           0x0010c000      0x9d8
 *(.data)
 *(.data.*)
 .data.aptChainloadDeliverArgSize
                0x0010c000        0x4 /opt/devkitpro/libctru/lib/libctru.a(apt.o)
 .data.kCount   0x0010c004        0x4 /opt/devkitpro/libctru/lib/libctru.a(hid.o)
 .data.kInterval
                0x0010c008        0x4 /opt/devkitpro/libctru/lib/libctru.a(hid.o)
 .data.kDelay   0x0010c00c        0x4 /opt/devkitpro/libctru/lib/libctru.a(hid.o)
 .data.__stacksize__
                0x0010c010        0x4 /opt/devkitpro/libctru/lib/libctru.a(stack_adjust.o)
                0x0010c010                __stacksize__
 .data._impure_ptr
                0x0010c014        0x4 /opt/devkitpro/devkitARM/bin/../lib/gcc/arm-none-eabi/14.2.0/../../../../arm-none-eabi/lib/armv6k/fpu/libg.a(libc_a-impure.o)
                0x0010c014                _impure_ptr
 .data._impure_data
                0x0010c018      0x120 /opt/devkitpro/devkitARM/bin/../lib/gcc/arm-none-eabi/14.2.0/../../../../arm-none-eabi/lib/armv6k/fpu/libg.a(libc_a-impure.o)
                0x0010c018                _impure_data
 .data.__malloc_sbrk_base
                0x0010c138        0x4 /opt/devkitpro/devkitARM/bin/../lib/gcc/arm-none-eabi/14.2.0/../../../../arm-none-eabi/lib/armv6k/fpu/libg.a(libc_a-mallocr.o)
                0x0010c138                __malloc_sbrk_base
 .data.__malloc_trim_threshold
                0x0010c13c        0x4 /opt/devkitpro/devkitARM/bin/../lib/gcc/arm-none-eabi/14.2.0/../../../../arm-none-eabi/lib/armv6k/fpu/libg.a(libc_a-mallocr.o)
                0x0010c13c                __malloc_trim_threshold
 .data.__malloc_av_
                0x0010c140      0x408 /opt/devkitpro/devkitARM/bin/../lib/gcc/arm-none-eabi/14.2.0/../../../../arm-none-eabi/lib/armv6k/fpu/libg.a(libc_a-mallocr.o)
                0x0010c140                __malloc_av_
 .data._current_working_directory
                0x0010c548      0x400 /opt/devkitpro/devkitARM/bin/../lib/gcc/arm-none-eabi/14.2.0/../../../../arm-none-eabi/lib/armv6k/fpu/libsysbase.a(libsysbase_libsysbase_a-chdir.o)
 .data.devoptab_list
                0x0010c948       0x8c /opt/devkitpro/devkitARM/bin/../lib/gcc/arm-none-eabi/14.2.0/../../../../arm-none-eabi/lib/armv6k/fpu/libsysbase.a(libsysbase_libsysbase_a-iosupport.o)
                0x0010c948                devoptab_list
 .data.defaultDevice
                0x0010c9d4        0x4 /opt/devkitpro/devkitARM/bin/../lib/gcc/arm-none-eabi/14.2.0/../../../../arm-none-eabi/lib/armv6k/fpu/libsysbase.a(libsysbase_libsysbase_a-iosupport.o)
 *(.gnu.linkonce.d*)
                0x0010c9d8                        . = ALIGN (0x4)

.igot.plt       0x0010c9d8        0x0
 .igot.plt      0x0010c9d8        0x0 /opt/devkitpro/devkitARM/bin/../lib/gcc/arm-none-eabi/14.2.0/../../../../arm-none-eabi/lib/armv6k/fpu/3dsx_crt0.o

.got            0x0010c9d8        0x8
 .got           0x0010c9d8        0x8 /opt/devkitpro/devkitARM/bin/../lib/gcc/arm-none-eabi/14.2.0/../../../../arm-none-eabi/lib/armv6k/fpu/3dsx_crt0.o

.got.plt        0x0010c9e0        0xc
 .got.plt       0x0010c9e0        0xc /opt/devkitpro/devkitARM/bin/../lib/gcc/arm-none-eabi/14.2.0/../../../../arm-none-eabi/lib/armv6k/fpu/3dsx_crt0.o
                0x0010c9e0                _GLOBAL_OFFSET_TABLE_

.tdata          0x0010c9ec        0x0
                0x0010c9ec                        __tdata_lma = .
 *(.tdata)
 *(.tdata.*)
 *(.gnu.linkonce.td.*)
                0x0010c9ec                        . = ALIGN (0x4)
                0x0010c9ec                        __tdata_lma_end = .

.tbss           0x0010c9ec      0xc08
 *(.tbss)
 *(.tbss.*)
 .tbss.__ctru_dev_utf16_buf
                0x0010c9ec      0x802 /opt/devkitpro/libctru/lib/libctru.a(path_buf.o)
                0x0010c9ec                __ctru_dev_utf16_buf
 *fill*         0x0010d1ee        0x2 
 .tbss.__ctru_dev_path_buf
                0x0010d1f0      0x401 /opt/devkitpro/libctru/lib/libctru.a(path_buf.o)
                0x0010d1f0                __ctru_dev_path_buf
 *(.gnu.linkonce.tb.*)
 *(.tcommon)
                0x0010d5f4                        . = ALIGN (0x4)
 *fill*         0x0010d5f1        0x3 

.preinit_array  0x0010c9ec        0x0
                0x0010c9ec                        PROVIDE (__preinit_array_start = .)
 *(.preinit_array)
                0x0010c9ec                        PROVIDE (__preinit_array_end = .)

.init_array     0x0010c9ec        0x4
                0x0010c9ec                        PROVIDE (__init_array_start = .)
 *(SORT_BY_NAME(.init_array.*))
 *(.init_array)
 .init_array    0x0010c9ec        0x4 /opt/devkitpro/devkitARM/bin/../lib/gcc/arm-none-eabi/14.2.0/armv6k/fpu/crtbegin.o
                0x0010c9f0                        PROVIDE (__init_array_end = .)

.fini_array     0x0010c9f0        0x4
                0x0010c9f0                        PROVIDE (__fini_array_start = .)
 *(.fini_array)
 .fini_array    0x0010c9f0        0x4 /opt/devkitpro/devkitARM/bin/../lib/gcc/arm-none-eabi/14.2.0/armv6k/fpu/crtbegin.o
 *(SORT_BY_NAME(.fini_array.*))
                0x0010c9f4                        PROVIDE (__fini_array_end = .)

.ctors
 *crtbegin.o(.ctors)
 *(EXCLUDE_FILE(*crtend.o) .ctors)
 *(SORT_BY_NAME(.ctors.*))
 *(.ctors)

.dtors
 *crtbegin.o(.dtors)
 *(EXCLUDE_FILE(*crtend.o) .dtors)
 *(SORT_BY_NAME(.dtors.*))
 *(.dtors)
                0x0010c9f4                        __bss_start__ = .

.bss            0x0010c9f4     0x2d74
 *(.dynbss)
 *(.bss)
 *(.bss.*)
 .bss.completed.1
                0x0010c9f4        0x1 /opt/devkitpro/devkitARM/bin/../lib/gcc/arm-none-eabi/14.2.0/armv6k/fpu/crtbegin.o
 *fill*         0x0010c9f5        0x3 
 .bss.object.0  0x0010c9f8       0x18 /opt/devkitpro/devkitARM/bin/../lib/gcc/arm-none-eabi/14.2.0/armv6k/fpu/crtbegin.o
 .bss.screenAlloc
                0x0010ca10        0x4 /opt/devkitpro/libctru/lib/libctru.a(gfx.o)
 .bss.screenFree
                0x0010ca14        0x4 /opt/devkitpro/libctru/lib/libctru.a(gfx.o)
 .bss.gfxIsDoubleBuf
                0x0010ca18        0x2 /opt/devkitpro/libctru/lib/libctru.a(gfx.o)
 *fill*         0x0010ca1a        0x2 
 .bss.gfxCurBuf
                0x0010ca1c        0x2 /opt/devkitpro/libctru/lib/libctru.a(gfx.o)
 .bss.gfxIsVram
                0x0010ca1e        0x1 /opt/devkitpro/libctru/lib/libctru.a(gfx.o)
 .bss.gfxTopMode
                0x0010ca1f        0x1 /opt/devkitpro/libctru/lib/libctru.a(gfx.o)
 .bss.gfxFramebufferFormats
                0x0010ca20        0x2 /opt/devkitpro/libctru/lib/libctru.a(gfx.o)
 *fill*         0x0010ca22        0x2 
 .bss.gfxBottomFramebufferMaxSize
                0x0010ca24        0x4 /opt/devkitpro/libctru/lib/libctru.a(gfx.o)
 .bss.gfxTopFramebufferMaxSize
                0x0010ca28        0x4 /opt/devkitpro/libctru/lib/libctru.a(gfx.o)
 *fill*         0x0010ca2c        0x4 
 .bss.gfxBottomFramebuffers
                0x0010ca30        0x8 /opt/devkitpro/libctru/lib/libctru.a(gfx.o)
 .bss.gfxTopFramebuffers
                0x0010ca38        0x8 /opt/devkitpro/libctru/lib/libctru.a(gfx.o)
 .bss.gspEventCbOneShot
                0x0010ca40        0x7 /opt/devkitpro/libctru/lib/libctru.a(gspgpu.o)
 *fill*         0x0010ca47        0x1 
 .bss.gspEventCbData
                0x0010ca48       0x1c /opt/devkitpro/libctru/lib/libctru.a(gspgpu.o)
 .bss.gspEventCb
                0x0010ca64       0x1c /opt/devkitpro/libctru/lib/libctru.a(gspgpu.o)
 .bss.gspEvents
                0x0010ca80       0x38 /opt/devkitpro/libctru/lib/libctru.a(gspgpu.o)
 .bss.gspLastEvent
                0x0010cab8        0x4 /opt/devkitpro/libctru/lib/libctru.a(gspgpu.o)
 .bss.gspRunEvents
                0x0010cabc        0x1 /opt/devkitpro/libctru/lib/libctru.a(gspgpu.o)
 *fill*         0x0010cabd        0x3 
 .bss.gspEventThread
                0x0010cac0        0x4 /opt/devkitpro/libctru/lib/libctru.a(gspgpu.o)
 .bss.gspEvent  0x0010cac4        0x4 /opt/devkitpro/libctru/lib/libctru.a(gspgpu.o)
 .bss.gspGpuRight
                0x0010cac8        0x1 /opt/devkitpro/libctru/lib/libctru.a(gspgpu.o)
 .bss.gspThreadId
                0x0010cac9        0x1 /opt/devkitpro/libctru/lib/libctru.a(gspgpu.o)
 *fill*         0x0010caca        0x2 
 .bss.gspSharedMem
                0x0010cacc        0x4 /opt/devkitpro/libctru/lib/libctru.a(gspgpu.o)
 .bss.gspSharedMemHandle
                0x0010cad0        0x4 /opt/devkitpro/libctru/lib/libctru.a(gspgpu.o)
 .bss.gspRefCount
                0x0010cad4        0x4 /opt/devkitpro/libctru/lib/libctru.a(gspgpu.o)
 .bss.gspGpuHandle
                0x0010cad8        0x4 /opt/devkitpro/libctru/lib/libctru.a(gspgpu.o)
 .bss.acRefCount
                0x0010cadc        0x4 /opt/devkitpro/libctru/lib/libctru.a(ac.o)
 .bss.acHandle  0x0010cae0        0x4 /opt/devkitpro/libctru/lib/libctru.a(ac.o)
 .bss.flagValue.0
                0x0010cae4        0x1 /opt/devkitpro/libctru/lib/libctru.a(apt.o)
 .bss.flagInit.1
                0x0010cae5        0x1 /opt/devkitpro/libctru/lib/libctru.a(apt.o)
 *fill*         0x0010cae6        0x2 
 .bss.serviceName.6
                0x0010cae8        0x4 /opt/devkitpro/libctru/lib/libctru.a(apt.o)
 .bss.aptChainloadFlags
                0x0010caec        0x1 /opt/devkitpro/libctru/lib/libctru.a(apt.o)
 .bss.aptChainloadMediatype
                0x0010caed        0x1 /opt/devkitpro/libctru/lib/libctru.a(apt.o)
 *fill*         0x0010caee        0x2 
 .bss.aptChainloadHmac
                0x0010caf0       0x20 /opt/devkitpro/libctru/lib/libctru.a(apt.o)
 .bss.aptChainloadDeliverArg
                0x0010cb10      0x300 /opt/devkitpro/libctru/lib/libctru.a(apt.o)
 .bss.aptChainloadTid
                0x0010ce10        0x8 /opt/devkitpro/libctru/lib/libctru.a(apt.o)
 .bss.aptParameters
                0x0010ce18     0x1000 /opt/devkitpro/libctru/lib/libctru.a(apt.o)
 .bss.aptFlags  0x0010de18        0x4 /opt/devkitpro/libctru/lib/libctru.a(apt.o)
 .bss.aptHomeButtonState
                0x0010de1c        0x1 /opt/devkitpro/libctru/lib/libctru.a(apt.o)
 *fill*         0x0010de1d        0x3 
 .bss.aptMessageFuncData
                0x0010de20        0x4 /opt/devkitpro/libctru/lib/libctru.a(apt.o)
 .bss.aptMessageFunc
                0x0010de24        0x4 /opt/devkitpro/libctru/lib/libctru.a(apt.o)
 .bss.aptFirstHook
                0x0010de28        0xc /opt/devkitpro/libctru/lib/libctru.a(apt.o)
 .bss.aptEventHandlerThreadQuit
                0x0010de34        0x1 /opt/devkitpro/libctru/lib/libctru.a(apt.o)
 *fill*         0x0010de35        0x3 
 .bss.aptEventHandlerThread
                0x0010de38        0x4 /opt/devkitpro/libctru/lib/libctru.a(apt.o)
 .bss.aptSleepEvent
                0x0010de3c        0x8 /opt/devkitpro/libctru/lib/libctru.a(apt.o)
 .bss.aptReceiveEvent
                0x0010de44        0x8 /opt/devkitpro/libctru/lib/libctru.a(apt.o)
 .bss.aptEvents
                0x0010de4c        0x8 /opt/devkitpro/libctru/lib/libctru.a(apt.o)
 .bss.aptLockHandle
                0x0010de54        0x4 /opt/devkitpro/libctru/lib/libctru.a(apt.o)
 .bss.aptRefCount
                0x0010de58        0x4 /opt/devkitpro/libctru/lib/libctru.a(apt.o)
 .bss.usingIrrst
                0x0010de5c        0x1 /opt/devkitpro/libctru/lib/libctru.a(hid.o)
 *fill*         0x0010de5d        0x3 
 .bss.hidRefCount
                0x0010de60        0x4 /opt/devkitpro/libctru/lib/libctru.a(hid.o)
 .bss.gRate     0x0010de64        0x6 /opt/devkitpro/libctru/lib/libctru.a(hid.o)
 *fill*         0x0010de6a        0x2 
 .bss.aVec      0x0010de6c        0x6 /opt/devkitpro/libctru/lib/libctru.a(hid.o)
 *fill*         0x0010de72        0x2 
 .bss.cPos      0x0010de74        0x4 /opt/devkitpro/libctru/lib/libctru.a(hid.o)
 .bss.tPos      0x0010de78        0x4 /opt/devkitpro/libctru/lib/libctru.a(hid.o)
 .bss.kRepeat   0x0010de7c        0x4 /opt/devkitpro/libctru/lib/libctru.a(hid.o)
 .bss.kUp       0x0010de80        0x4 /opt/devkitpro/libctru/lib/libctru.a(hid.o)
 .bss.kDown     0x0010de84        0x4 /opt/devkitpro/libctru/lib/libctru.a(hid.o)
 .bss.kHeld     0x0010de88        0x4 /opt/devkitpro/libctru/lib/libctru.a(hid.o)
 .bss.kOld      0x0010de8c        0x4 /opt/devkitpro/libctru/lib/libctru.a(hid.o)
 .bss.hidSharedMem
                0x0010de90        0x4 /opt/devkitpro/libctru/lib/libctru.a(hid.o)
                0x0010de90                hidSharedMem
 .bss.hidEvents
                0x0010de94       0x14 /opt/devkitpro/libctru/lib/libctru.a(hid.o)
                0x0010de94                hidEvents
 .bss.hidMemHandle
                0x0010dea8        0x4 /opt/devkitpro/libctru/lib/libctru.a(hid.o)
                0x0010dea8                hidMemHandle
 .bss.hidHandle
                0x0010deac        0x4 /opt/devkitpro/libctru/lib/libctru.a(hid.o)
                0x0010deac                hidHandle
 .bss.__system_retAddr
                0x0010deb0        0x4 /opt/devkitpro/libctru/lib/libctru.a(ctru_init.o)
                0x0010deb0                __system_retAddr
 .bss.__system_argv
                0x0010deb4        0x4 /opt/devkitpro/libctru/lib/libctru.a(initArgv.o)
                0x0010deb4                __system_argv
 .bss.__system_argc
                0x0010deb8        0x4 /opt/devkitpro/libctru/lib/libctru.a(initArgv.o)
                0x0010deb8                __system_argc
 .bss.saved_stack.42
                0x0010debc        0x8 /opt/devkitpro/libctru/lib/libctru.a(stack_adjust.o)
 *fill*         0x0010dec4        0x4 
 .bss._ZL10sVramPoolB
                0x0010dec8        0x8 /opt/devkitpro/libctru/lib/libctru.a(vram.o)
 .bss._ZL10sVramPoolA
                0x0010ded0        0x8 /opt/devkitpro/libctru/lib/libctru.a(vram.o)
 .bss._ZL8sAddrMap
                0x0010ded8        0xc /opt/devkitpro/libctru/lib/libctru.a(vram.o)
 *fill*         0x0010dee4        0x4 
 .bss._ZL11sLinearPool
                0x0010dee8        0x8 /opt/devkitpro/libctru/lib/libctru.a(linear.o)
 .bss._ZL8sAddrMap
                0x0010def0        0xc /opt/devkitpro/libctru/lib/libctru.a(linear.o)
 .bss.arbiter   0x0010defc        0x4 /opt/devkitpro/libctru/lib/libctru.a(synchronization.o)
 .bss.__ctru_speedup
                0x0010df00        0x1 /opt/devkitpro/libctru/lib/libctru.a(os.o)
                0x0010df00                __ctru_speedup
 *fill*         0x0010df01        0x3 
 .bss.__3dslink_host
                0x0010df04        0x4 /opt/devkitpro/libctru/lib/libctru.a(3dslink.o)
                0x0010df04                __3dslink_host
 .bss.srvRefCount
                0x0010df08        0x4 /opt/devkitpro/libctru/lib/libctru.a(srv.o)
 .bss.srvHandle
                0x0010df0c        0x4 /opt/devkitpro/libctru/lib/libctru.a(srv.o)
 .bss.currentAddr
                0x0010df10        0x4 /opt/devkitpro/libctru/lib/libctru.a(mappable.o)
 .bss.maxAddr   0x0010df14        0x4 /opt/devkitpro/libctru/lib/libctru.a(mappable.o)
 .bss.minAddr   0x0010df18        0x4 /opt/devkitpro/libctru/lib/libctru.a(mappable.o)
 .bss.irrstRefCount
                0x0010df1c        0x4 /opt/devkitpro/libctru/lib/libctru.a(irrst.o)
 .bss.csPos     0x0010df20        0x4 /opt/devkitpro/libctru/lib/libctru.a(irrst.o)
 .bss.kHeld     0x0010df24        0x4 /opt/devkitpro/libctru/lib/libctru.a(irrst.o)
 .bss.irrstSharedMem
                0x0010df28        0x4 /opt/devkitpro/libctru/lib/libctru.a(irrst.o)
                0x0010df28                irrstSharedMem
 .bss.irrstEvent
                0x0010df2c        0x4 /opt/devkitpro/libctru/lib/libctru.a(irrst.o)
                0x0010df2c                irrstEvent
 .bss.irrstMemHandle
                0x0010df30        0x4 /opt/devkitpro/libctru/lib/libctru.a(irrst.o)
                0x0010df30                irrstMemHandle
 .bss.irrstHandle
                0x0010df34        0x4 /opt/devkitpro/libctru/lib/libctru.a(irrst.o)
                0x0010df34                irrstHandle
 .bss.srvPmHandle
                0x0010df38        0x4 /opt/devkitpro/libctru/lib/libctru.a(srvpm.o)
 .bss.ptmSysmRefCount
                0x0010df3c        0x4 /opt/devkitpro/libctru/lib/libctru.a(ptmsysm.o)
 .bss.ptmSysmHandle
                0x0010df40        0x4 /opt/devkitpro/libctru/lib/libctru.a(ptmsysm.o)
 .bss.__ctru_linear_heap_size
                0x0010df44        0x4 /opt/devkitpro/libctru/lib/libctru.a(allocateHeaps.o)
                0x0010df44                __ctru_linear_heap_size
 .bss.__ctru_heap_size
                0x0010df48        0x4 /opt/devkitpro/libctru/lib/libctru.a(allocateHeaps.o)
                0x0010df48                __ctru_heap_size
 .bss.__ctru_linear_heap
                0x0010df4c        0x4 /opt/devkitpro/libctru/lib/libctru.a(allocateHeaps.o)
                0x0010df4c                __ctru_linear_heap
 .bss.__ctru_heap
                0x0010df50        0x4 /opt/devkitpro/libctru/lib/libctru.a(allocateHeaps.o)
                0x0010df50                __ctru_heap
 *fill*         0x0010df54        0x4 
 .bss.archive_devices
                0x0010df58      0x5c0 /opt/devkitpro/libctru/lib/libctru.a(archive_dev.o)
 .bss.archive_device_cwd
                0x0010e518        0x4 /opt/devkitpro/libctru/lib/libctru.a(archive_dev.o)
 .bss.archive_initialized
                0x0010e51c        0x1 /opt/devkitpro/libctru/lib/libctru.a(archive_dev.o)
 *fill*         0x0010e51d        0x3 
 .bss.fsExemptArchives
                0x0010e520       0x80 /opt/devkitpro/libctru/lib/libctru.a(fs.o)
 .bss.fsuRefCount
                0x0010e5a0        0x4 /opt/devkitpro/libctru/lib/libctru.a(fs.o)
 .bss.fsuHandle
                0x0010e5a4        0x4 /opt/devkitpro/libctru/lib/libctru.a(fs.o)
 .bss.__sf      0x0010e5a8      0x168 /opt/devkitpro/devkitARM/bin/../lib/gcc/arm-none-eabi/14.2.0/../../../../arm-none-eabi/lib/armv6k/fpu/libg.a(libc_a-findfp.o)
                0x0010e5a8                __sf
 .bss.__stdio_exit_handler
                0x0010e710        0x4 /opt/devkitpro/devkitARM/bin/../lib/gcc/arm-none-eabi/14.2.0/../../../../arm-none-eabi/lib/armv6k/fpu/libg.a(libc_a-findfp.o)
                0x0010e710                __stdio_exit_handler
 .bss.__malloc_current_mallinfo
                0x0010e714       0x28 /opt/devkitpro/devkitARM/bin/../lib/gcc/arm-none-eabi/14.2.0/../../../../arm-none-eabi/lib/armv6k/fpu/libg.a(libc_a-mallocr.o)
                0x0010e714                __malloc_current_mallinfo
 .bss.__malloc_max_total_mem
                0x0010e73c        0x4 /opt/devkitpro/devkitARM/bin/../lib/gcc/arm-none-eabi/14.2.0/../../../../arm-none-eabi/lib/armv6k/fpu/libg.a(libc_a-mallocr.o)
                0x0010e73c                __malloc_max_total_mem
 .bss.__malloc_max_sbrked_mem
                0x0010e740        0x4 /opt/devkitpro/devkitARM/bin/../lib/gcc/arm-none-eabi/14.2.0/../../../../arm-none-eabi/lib/armv6k/fpu/libg.a(libc_a-mallocr.o)
                0x0010e740                __malloc_max_sbrked_mem
 .bss.__malloc_top_pad
                0x0010e744        0x4 /opt/devkitpro/devkitARM/bin/../lib/gcc/arm-none-eabi/14.2.0/../../../../arm-none-eabi/lib/armv6k/fpu/libg.a(libc_a-mallocr.o)
                0x0010e744                __malloc_top_pad
 .bss.__malloc_recursive_mutex
                0x0010e748        0xc /opt/devkitpro/devkitARM/bin/../lib/gcc/arm-none-eabi/14.2.0/../../../../arm-none-eabi/lib/armv6k/fpu/libg.a(libc_a-mlock.o)
 .bss.temp_cwd  0x0010e754      0x400 /opt/devkitpro/devkitARM/bin/../lib/gcc/arm-none-eabi/14.2.0/../../../../arm-none-eabi/lib/armv6k/fpu/libsysbase.a(libsysbase_libsysbase_a-chdir.o)
 .bss.fake_heap_start
                0x0010eb54        0x4 /opt/devkitpro/devkitARM/bin/../lib/gcc/arm-none-eabi/14.2.0/../../../../arm-none-eabi/lib/armv6k/fpu/libsysbase.a(libsysbase_libsysbase_a-malloc_vars.o)
                0x0010eb54                fake_heap_start
 .bss.fake_heap_end
                0x0010eb58        0x4 /opt/devkitpro/devkitARM/bin/../lib/gcc/arm-none-eabi/14.2.0/../../../../arm-none-eabi/lib/armv6k/fpu/libsysbase.a(libsysbase_libsysbase_a-malloc_vars.o)
                0x0010eb58                fake_heap_end
 .bss.heap_start.0
                0x0010eb5c        0x4 /opt/devkitpro/devkitARM/bin/../lib/gcc/arm-none-eabi/14.2.0/../../../../arm-none-eabi/lib/armv6k/fpu/libsysbase.a(libsysbase_libsysbase_a-sbrk.o)
 *(.gnu.linkonce.b*)
 *(COMMON)
                0x0010eb60                        . = (0x8 + ABSOLUTE (ALIGN (ABSOLUTE ((. - 0x8)), MAX (ALIGNOF (.tdata), ALIGNOF (.tbss)))))
                0x0010eb60                        __tls_start = .
                0x0010eb60                        . = (. + SIZEOF (.tdata))
                0x0010eb60                        . = ALIGN (ALIGNOF (.tbss))
                0x0010f768                        . = (. + SIZEOF (.tbss))
 *fill*         0x0010eb60      0xc08 
                0x0010f768                        __tls_end = .
                0x0010f768                        __bss_end__ = .
                0x0010f768                        __end__ = ABSOLUTE (.)

/DISCARD/
 *(.group .comment .note)

.stab
 *(.stab)

.stabstr
 *(.stabstr)

.stab.excl
 *(.stab.excl)

.stab.exclstr
 *(.stab.exclstr)

.stab.index
 *(.stab.index)

.stab.indexstr
 *(.stab.indexstr)

.debug
 *(.debug)

.line
 *(.line)

.debug_srcinfo
 *(.debug_srcinfo)

.debug_sfnames
 *(.debug_sfnames)

.debug_aranges  0x00000000     0x16c0
 *(.debug_aranges)
 .debug_aranges
                0x00000000       0x20 main.o
 .debug_aranges
                0x00000020       0xa0 /opt/devkitpro/libctru/lib/libctru.a(gfx.o)
 .debug_aranges
                0x000000c0      0x108 /opt/devkitpro/libctru/lib/libctru.a(gspgpu.o)
 .debug_aranges
                0x000001c8       0xc8 /opt/devkitpro/libctru/lib/libctru.a(ac.o)
 .debug_aranges
                0x00000290      0x268 /opt/devkitpro/libctru/lib/libctru.a(apt.o)
 .debug_aranges
                0x000004f8       0xd0 /opt/devkitpro/libctru/lib/libctru.a(hid.o)
 .debug_aranges
                0x000005c8       0x20 /opt/devkitpro/libctru/lib/libctru.a(ctru_init.o)
 .debug_aranges
                0x000005e8       0x20 /opt/devkitpro/libctru/lib/libctru.a(initArgv.o)
 .debug_aranges
                0x00000608      0x330 /opt/devkitpro/libctru/lib/libctru.a(svc.o)
 .debug_aranges
                0x00000938       0x28 /opt/devkitpro/libctru/lib/libctru.a(stack_adjust.o)
 .debug_aranges
                0x00000960       0x68 /opt/devkitpro/libctru/lib/libctru.a(vram.o)
 .debug_aranges
                0x000009c8       0x58 /opt/devkitpro/libctru/lib/libctru.a(linear.o)
 .debug_aranges
                0x00000a20       0x38 /opt/devkitpro/libctru/lib/libctru.a(mem_pool.o)
 .debug_aranges
                0x00000a58       0xf0 /opt/devkitpro/libctru/lib/libctru.a(synchronization.o)
 .debug_aranges
                0x00000b48       0x58 /opt/devkitpro/libctru/lib/libctru.a(os.o)
 .debug_aranges
                0x00000ba0       0x20 /opt/devkitpro/libctru/lib/libctru.a(3dslink.o)
 .debug_aranges
                0x00000bc0       0xc0 /opt/devkitpro/libctru/lib/libctru.a(srv.o)
 .debug_aranges
                0x00000c80       0x60 /opt/devkitpro/libctru/lib/libctru.a(thread.o)
 .debug_aranges
                0x00000ce0       0x38 /opt/devkitpro/libctru/lib/libctru.a(mappable.o)
 .debug_aranges
                0x00000d18       0x68 /opt/devkitpro/libctru/lib/libctru.a(irrst.o)
 .debug_aranges
                0x00000d80       0x50 /opt/devkitpro/libctru/lib/libctru.a(srvpm.o)
 .debug_aranges
                0x00000dd0       0xa0 /opt/devkitpro/libctru/lib/libctru.a(ptmsysm.o)
 .debug_aranges
                0x00000e70       0x20 /opt/devkitpro/libctru/lib/libctru.a(rbtree_init.o)
 .debug_aranges
                0x00000e90       0x30 /opt/devkitpro/libctru/lib/libctru.a(rbtree_insert.o)
 .debug_aranges
                0x00000ec0       0x20 /opt/devkitpro/libctru/lib/libctru.a(rbtree_rotate.o)
 .debug_aranges
                0x00000ee0       0x20 /opt/devkitpro/libctru/lib/libctru.a(rbtree_remove.o)
 .debug_aranges
                0x00000f00       0x20 /opt/devkitpro/libctru/lib/libctru.a(rbtree_find.o)
 .debug_aranges
                0x00000f20       0x20 /opt/devkitpro/libctru/lib/libctru.a(appInit.o)
 .debug_aranges
                0x00000f40       0xe0 /opt/devkitpro/libctru/lib/libctru.a(syscalls.o)
 .debug_aranges
                0x00001020       0x20 /opt/devkitpro/libctru/lib/libctru.a(allocateHeaps.o)
 .debug_aranges
                0x00001040       0x20 /opt/devkitpro/libctru/lib/libctru.a(appExit.o)
 .debug_aranges
                0x00001060       0x20 /opt/devkitpro/libctru/lib/libctru.a(ctru_exit.o)
 .debug_aranges
                0x00001080       0x28 /opt/devkitpro/libctru/lib/libctru.a(env.o)
 .debug_aranges
                0x000010a8      0x140 /opt/devkitpro/libctru/lib/libctru.a(archive_dev.o)
 .debug_aranges
                0x000011e8      0x3b8 /opt/devkitpro/libctru/lib/libctru.a(fs.o)
 .debug_aranges
                0x000015a0       0x28 /opt/devkitpro/libctru/lib/libctru.a(rbtree_iterator.o)
 .debug_aranges
                0x000015c8       0x20 /opt/devkitpro/libctru/lib/libctru.a(utf16_to_utf8.o)
 .debug_aranges
                0x000015e8       0x20 /opt/devkitpro/libctru/lib/libctru.a(decode_utf16.o)
 .debug_aranges
                0x00001608       0x20 /opt/devkitpro/libctru/lib/libctru.a(decode_utf8.o)
 .debug_aranges
                0x00001628       0x20 /opt/devkitpro/libctru/lib/libctru.a(utf8_to_utf16.o)
 .debug_aranges
                0x00001648       0x20 /opt/devkitpro/libctru/lib/libctru.a(readtp.o)
 .debug_aranges
                0x00001668       0x18 /opt/devkitpro/libctru/lib/libctru.a(path_buf.o)
 .debug_aranges
                0x00001680       0x20 /opt/devkitpro/libctru/lib/libctru.a(encode_utf16.o)
 .debug_aranges
                0x000016a0       0x20 /opt/devkitpro/libctru/lib/libctru.a(encode_utf8.o)

.debug_pubnames
 *(.debug_pubnames)

.debug_info     0x00000000    0x2c637
 *(.debug_info)
 .debug_info    0x00000000      0x2dd main.o
 .debug_info    0x000002dd      0xd02 /opt/devkitpro/libctru/lib/libctru.a(gfx.o)
 .debug_info    0x00000fdf     0x5bfc /opt/devkitpro/libctru/lib/libctru.a(gspgpu.o)
 .debug_info    0x00006bdb     0x1174 /opt/devkitpro/libctru/lib/libctru.a(ac.o)
 .debug_info    0x00007d4f     0x55ab /opt/devkitpro/libctru/lib/libctru.a(apt.o)
 .debug_info    0x0000d2fa     0x13d9 /opt/devkitpro/libctru/lib/libctru.a(hid.o)
 .debug_info    0x0000e6d3      0x185 /opt/devkitpro/libctru/lib/libctru.a(ctru_init.o)
 .debug_info    0x0000e858      0x2bc /opt/devkitpro/libctru/lib/libctru.a(initArgv.o)
 .debug_info    0x0000eb14       0x23 /opt/devkitpro/libctru/lib/libctru.a(svc.o)
 .debug_info    0x0000eb37       0x23 /opt/devkitpro/libctru/lib/libctru.a(stack_adjust.o)
 .debug_info    0x0000eb5a     0x1739 /opt/devkitpro/libctru/lib/libctru.a(vram.o)
 .debug_info    0x00010293     0x114a /opt/devkitpro/libctru/lib/libctru.a(linear.o)
 .debug_info    0x000113dd      0xffc /opt/devkitpro/libctru/lib/libctru.a(mem_pool.o)
 .debug_info    0x000123d9     0x2956 /opt/devkitpro/libctru/lib/libctru.a(synchronization.o)
 .debug_info    0x00014d2f      0x6cc /opt/devkitpro/libctru/lib/libctru.a(os.o)
 .debug_info    0x000153fb      0xa42 /opt/devkitpro/libctru/lib/libctru.a(3dslink.o)
 .debug_info    0x00015e3d     0x1af2 /opt/devkitpro/libctru/lib/libctru.a(srv.o)
 .debug_info    0x0001792f     0x1152 /opt/devkitpro/libctru/lib/libctru.a(thread.o)
 .debug_info    0x00018a81      0x36d /opt/devkitpro/libctru/lib/libctru.a(mappable.o)
 .debug_info    0x00018dee      0xafc /opt/devkitpro/libctru/lib/libctru.a(irrst.o)
 .debug_info    0x000198ea      0x872 /opt/devkitpro/libctru/lib/libctru.a(srvpm.o)
 .debug_info    0x0001a15c      0xb13 /opt/devkitpro/libctru/lib/libctru.a(ptmsysm.o)
 .debug_info    0x0001ac6f      0x17c /opt/devkitpro/libctru/lib/libctru.a(rbtree_init.o)
 .debug_info    0x0001adeb      0x661 /opt/devkitpro/libctru/lib/libctru.a(rbtree_insert.o)
 .debug_info    0x0001b44c      0x358 /opt/devkitpro/libctru/lib/libctru.a(rbtree_rotate.o)
 .debug_info    0x0001b7a4      0x992 /opt/devkitpro/libctru/lib/libctru.a(rbtree_remove.o)
 .debug_info    0x0001c136      0x1e0 /opt/devkitpro/libctru/lib/libctru.a(rbtree_find.o)
 .debug_info    0x0001c316      0x148 /opt/devkitpro/libctru/lib/libctru.a(appInit.o)
 .debug_info    0x0001c45e     0x1765 /opt/devkitpro/libctru/lib/libctru.a(syscalls.o)
 .debug_info    0x0001dbc3      0x529 /opt/devkitpro/libctru/lib/libctru.a(allocateHeaps.o)
 .debug_info    0x0001e0ec      0x13d /opt/devkitpro/libctru/lib/libctru.a(appExit.o)
 .debug_info    0x0001e229      0x2b7 /opt/devkitpro/libctru/lib/libctru.a(ctru_exit.o)
 .debug_info    0x0001e4e0      0x2a9 /opt/devkitpro/libctru/lib/libctru.a(env.o)
 .debug_info    0x0001e789     0x4272 /opt/devkitpro/libctru/lib/libctru.a(archive_dev.o)
 .debug_info    0x000229fb     0x8f48 /opt/devkitpro/libctru/lib/libctru.a(fs.o)
 .debug_info    0x0002b943      0x351 /opt/devkitpro/libctru/lib/libctru.a(rbtree_iterator.o)
 .debug_info    0x0002bc94      0x205 /opt/devkitpro/libctru/lib/libctru.a(utf16_to_utf8.o)
 .debug_info    0x0002be99      0x134 /opt/devkitpro/libctru/lib/libctru.a(decode_utf16.o)
 .debug_info    0x0002bfcd      0x158 /opt/devkitpro/libctru/lib/libctru.a(decode_utf8.o)
 .debug_info    0x0002c125      0x205 /opt/devkitpro/libctru/lib/libctru.a(utf8_to_utf16.o)
 .debug_info    0x0002c32a       0x24 /opt/devkitpro/libctru/lib/libctru.a(readtp.o)
 .debug_info    0x0002c34e       0xd7 /opt/devkitpro/libctru/lib/libctru.a(path_buf.o)
 .debug_info    0x0002c425      0x109 /opt/devkitpro/libctru/lib/libctru.a(encode_utf16.o)
 .debug_info    0x0002c52e      0x109 /opt/devkitpro/libctru/lib/libctru.a(encode_utf8.o)

.debug_abbrev   0x00000000     0x6e8b
 *(.debug_abbrev)
 .debug_abbrev  0x00000000      0x124 main.o
 .debug_abbrev  0x00000124      0x389 /opt/devkitpro/libctru/lib/libctru.a(gfx.o)
 .debug_abbrev  0x000004ad      0x640 /opt/devkitpro/libctru/lib/libctru.a(gspgpu.o)
 .debug_abbrev  0x00000aed      0x3e1 /opt/devkitpro/libctru/lib/libctru.a(ac.o)
 .debug_abbrev  0x00000ece      0x763 /opt/devkitpro/libctru/lib/libctru.a(apt.o)
 .debug_abbrev  0x00001631      0x516 /opt/devkitpro/libctru/lib/libctru.a(hid.o)
 .debug_abbrev  0x00001b47      0x129 /opt/devkitpro/libctru/lib/libctru.a(ctru_init.o)
 .debug_abbrev  0x00001c70      0x198 /opt/devkitpro/libctru/lib/libctru.a(initArgv.o)
 .debug_abbrev  0x00001e08       0x12 /opt/devkitpro/libctru/lib/libctru.a(svc.o)
 .debug_abbrev  0x00001e1a       0x12 /opt/devkitpro/libctru/lib/libctru.a(stack_adjust.o)
 .debug_abbrev  0x00001e2c      0x484 /opt/devkitpro/libctru/lib/libctru.a(vram.o)
 .debug_abbrev  0x000022b0      0x438 /opt/devkitpro/libctru/lib/libctru.a(linear.o)
 .debug_abbrev  0x000026e8      0x39e /opt/devkitpro/libctru/lib/libctru.a(mem_pool.o)
 .debug_abbrev  0x00002a86      0x4f2 /opt/devkitpro/libctru/lib/libctru.a(synchronization.o)
 .debug_abbrev  0x00002f78      0x2b2 /opt/devkitpro/libctru/lib/libctru.a(os.o)
 .debug_abbrev  0x0000322a      0x259 /opt/devkitpro/libctru/lib/libctru.a(3dslink.o)
 .debug_abbrev  0x00003483      0x514 /opt/devkitpro/libctru/lib/libctru.a(srv.o)
 .debug_abbrev  0x00003997      0x495 /opt/devkitpro/libctru/lib/libctru.a(thread.o)
 .debug_abbrev  0x00003e2c      0x1d3 /opt/devkitpro/libctru/lib/libctru.a(mappable.o)
 .debug_abbrev  0x00003fff      0x38b /opt/devkitpro/libctru/lib/libctru.a(irrst.o)
 .debug_abbrev  0x0000438a      0x2f1 /opt/devkitpro/libctru/lib/libctru.a(srvpm.o)
 .debug_abbrev  0x0000467b      0x263 /opt/devkitpro/libctru/lib/libctru.a(ptmsysm.o)
 .debug_abbrev  0x000048de       0xc1 /opt/devkitpro/libctru/lib/libctru.a(rbtree_init.o)
 .debug_abbrev  0x0000499f      0x228 /opt/devkitpro/libctru/lib/libctru.a(rbtree_insert.o)
 .debug_abbrev  0x00004bc7      0x1bc /opt/devkitpro/libctru/lib/libctru.a(rbtree_rotate.o)
 .debug_abbrev  0x00004d83      0x275 /opt/devkitpro/libctru/lib/libctru.a(rbtree_remove.o)
 .debug_abbrev  0x00004ff8      0x107 /opt/devkitpro/libctru/lib/libctru.a(rbtree_find.o)
 .debug_abbrev  0x000050ff       0x93 /opt/devkitpro/libctru/lib/libctru.a(appInit.o)
 .debug_abbrev  0x00005192      0x4f5 /opt/devkitpro/libctru/lib/libctru.a(syscalls.o)
 .debug_abbrev  0x00005687      0x193 /opt/devkitpro/libctru/lib/libctru.a(allocateHeaps.o)
 .debug_abbrev  0x0000581a       0x9e /opt/devkitpro/libctru/lib/libctru.a(appExit.o)
 .debug_abbrev  0x000058b8      0x15a /opt/devkitpro/libctru/lib/libctru.a(ctru_exit.o)
 .debug_abbrev  0x00005a12      0x1bf /opt/devkitpro/libctru/lib/libctru.a(env.o)
 .debug_abbrev  0x00005bd1      0x656 /opt/devkitpro/libctru/lib/libctru.a(archive_dev.o)
 .debug_abbrev  0x00006227      0x625 /opt/devkitpro/libctru/lib/libctru.a(fs.o)
 .debug_abbrev  0x0000684c      0x1a6 /opt/devkitpro/libctru/lib/libctru.a(rbtree_iterator.o)
 .debug_abbrev  0x000069f2      0x104 /opt/devkitpro/libctru/lib/libctru.a(utf16_to_utf8.o)
 .debug_abbrev  0x00006af6       0x93 /opt/devkitpro/libctru/lib/libctru.a(decode_utf16.o)
 .debug_abbrev  0x00006b89       0x93 /opt/devkitpro/libctru/lib/libctru.a(decode_utf8.o)
 .debug_abbrev  0x00006c1c      0x104 /opt/devkitpro/libctru/lib/libctru.a(utf8_to_utf16.o)
 .debug_abbrev  0x00006d20       0x14 /opt/devkitpro/libctru/lib/libctru.a(readtp.o)
 .debug_abbrev  0x00006d34       0x6f /opt/devkitpro/libctru/lib/libctru.a(path_buf.o)
 .debug_abbrev  0x00006da3       0x74 /opt/devkitpro/libctru/lib/libctru.a(encode_utf16.o)
 .debug_abbrev  0x00006e17       0x74 /opt/devkitpro/libctru/lib/libctru.a(encode_utf8.o)

.debug_line     0x00000000    0x1cea3
 *(.debug_line)
 .debug_line    0x00000000      0x1be main.o
 .debug_line    0x000001be      0x8db /opt/devkitpro/libctru/lib/libctru.a(gfx.o)
 .debug_line    0x00000a99     0x34c9 /opt/devkitpro/libctru/lib/libctru.a(gspgpu.o)
 .debug_line    0x00003f62      0xea8 /opt/devkitpro/libctru/lib/libctru.a(ac.o)
 .debug_line    0x00004e0a     0x386a /opt/devkitpro/libctru/lib/libctru.a(apt.o)
 .debug_line    0x00008674      0xee9 /opt/devkitpro/libctru/lib/libctru.a(hid.o)
 .debug_line    0x0000955d      0x1b6 /opt/devkitpro/libctru/lib/libctru.a(ctru_init.o)
 .debug_line    0x00009713      0x3fd /opt/devkitpro/libctru/lib/libctru.a(initArgv.o)
 .debug_line    0x00009b10      0x78f /opt/devkitpro/libctru/lib/libctru.a(svc.o)
 .debug_line    0x0000a29f       0x6f /opt/devkitpro/libctru/lib/libctru.a(stack_adjust.o)
 .debug_line    0x0000a30e      0x895 /opt/devkitpro/libctru/lib/libctru.a(vram.o)
 .debug_line    0x0000aba3      0x67b /opt/devkitpro/libctru/lib/libctru.a(linear.o)
 .debug_line    0x0000b21e      0x7f1 /opt/devkitpro/libctru/lib/libctru.a(mem_pool.o)
 .debug_line    0x0000ba0f     0x16ee /opt/devkitpro/libctru/lib/libctru.a(synchronization.o)
 .debug_line    0x0000d0fd      0x482 /opt/devkitpro/libctru/lib/libctru.a(os.o)
 .debug_line    0x0000d57f      0x3f3 /opt/devkitpro/libctru/lib/libctru.a(3dslink.o)
 .debug_line    0x0000d972      0xfc5 /opt/devkitpro/libctru/lib/libctru.a(srv.o)
 .debug_line    0x0000e937      0x696 /opt/devkitpro/libctru/lib/libctru.a(thread.o)
 .debug_line    0x0000efcd      0x2d1 /opt/devkitpro/libctru/lib/libctru.a(mappable.o)
 .debug_line    0x0000f29e      0x8a9 /opt/devkitpro/libctru/lib/libctru.a(irrst.o)
 .debug_line    0x0000fb47      0x69a /opt/devkitpro/libctru/lib/libctru.a(srvpm.o)
 .debug_line    0x000101e1      0x98c /opt/devkitpro/libctru/lib/libctru.a(ptmsysm.o)
 .debug_line    0x00010b6d      0x1d7 /opt/devkitpro/libctru/lib/libctru.a(rbtree_init.o)
 .debug_line    0x00010d44      0x581 /opt/devkitpro/libctru/lib/libctru.a(rbtree_insert.o)
 .debug_line    0x000112c5      0x311 /opt/devkitpro/libctru/lib/libctru.a(rbtree_rotate.o)
 .debug_line    0x000115d6      0x7ee /opt/devkitpro/libctru/lib/libctru.a(rbtree_remove.o)
 .debug_line    0x00011dc4      0x236 /opt/devkitpro/libctru/lib/libctru.a(rbtree_find.o)
 .debug_line    0x00011ffa      0x216 /opt/devkitpro/libctru/lib/libctru.a(appInit.o)
 .debug_line    0x00012210      0x962 /opt/devkitpro/libctru/lib/libctru.a(syscalls.o)
 .debug_line    0x00012b72      0x32c /opt/devkitpro/libctru/lib/libctru.a(allocateHeaps.o)
 .debug_line    0x00012e9e      0x219 /opt/devkitpro/libctru/lib/libctru.a(appExit.o)
 .debug_line    0x000130b7      0x1ab /opt/devkitpro/libctru/lib/libctru.a(ctru_exit.o)
 .debug_line    0x00013262      0x253 /opt/devkitpro/libctru/lib/libctru.a(env.o)
 .debug_line    0x000134b5     0x1cfe /opt/devkitpro/libctru/lib/libctru.a(archive_dev.o)
 .debug_line    0x000151b3     0x6bd6 /opt/devkitpro/libctru/lib/libctru.a(fs.o)
 .debug_line    0x0001bd89      0x2ea /opt/devkitpro/libctru/lib/libctru.a(rbtree_iterator.o)
 .debug_line    0x0001c073      0x2b9 /opt/devkitpro/libctru/lib/libctru.a(utf16_to_utf8.o)
 .debug_line    0x0001c32c      0x192 /opt/devkitpro/libctru/lib/libctru.a(decode_utf16.o)
 .debug_line    0x0001c4be      0x271 /opt/devkitpro/libctru/lib/libctru.a(decode_utf8.o)
 .debug_line    0x0001c72f      0x28c /opt/devkitpro/libctru/lib/libctru.a(utf8_to_utf16.o)
 .debug_line    0x0001c9bb       0x49 /opt/devkitpro/libctru/lib/libctru.a(readtp.o)
 .debug_line    0x0001ca04      0x10d /opt/devkitpro/libctru/lib/libctru.a(path_buf.o)
 .debug_line    0x0001cb11      0x180 /opt/devkitpro/libctru/lib/libctru.a(encode_utf16.o)
 .debug_line    0x0001cc91      0x212 /opt/devkitpro/libctru/lib/libctru.a(encode_utf8.o)

.debug_frame    0x00000000     0x3ea8
 *(.debug_frame)
 .debug_frame   0x00000000       0x28 main.o
 .debug_frame   0x00000028      0x1d8 /opt/devkitpro/libctru/lib/libctru.a(gfx.o)
 .debug_frame   0x00000200      0x340 /opt/devkitpro/libctru/lib/libctru.a(gspgpu.o)
 .debug_frame   0x00000540      0x23c /opt/devkitpro/libctru/lib/libctru.a(ac.o)
 .debug_frame   0x0000077c      0x924 /opt/devkitpro/libctru/lib/libctru.a(apt.o)
 .debug_frame   0x000010a0      0x258 /opt/devkitpro/libctru/lib/libctru.a(hid.o)
 .debug_frame   0x000012f8       0x2c /opt/devkitpro/libctru/lib/libctru.a(ctru_init.o)
 .debug_frame   0x00001324       0x34 /opt/devkitpro/libctru/lib/libctru.a(initArgv.o)
 .debug_frame   0x00001358      0x640 /opt/devkitpro/libctru/lib/libctru.a(svc.o)
 .debug_frame   0x00001998       0x30 /opt/devkitpro/libctru/lib/libctru.a(stack_adjust.o)
 .debug_frame   0x000019c8      0x108 /opt/devkitpro/libctru/lib/libctru.a(vram.o)
 .debug_frame   0x00001ad0       0xd4 /opt/devkitpro/libctru/lib/libctru.a(linear.o)
 .debug_frame   0x00001ba4       0x98 /opt/devkitpro/libctru/lib/libctru.a(mem_pool.o)
 .debug_frame   0x00001c3c      0x2b4 /opt/devkitpro/libctru/lib/libctru.a(synchronization.o)
 .debug_frame   0x00001ef0       0xd0 /opt/devkitpro/libctru/lib/libctru.a(os.o)
 .debug_frame   0x00001fc0       0x34 /opt/devkitpro/libctru/lib/libctru.a(3dslink.o)
 .debug_frame   0x00001ff4      0x254 /opt/devkitpro/libctru/lib/libctru.a(srv.o)
 .debug_frame   0x00002248       0xf0 /opt/devkitpro/libctru/lib/libctru.a(thread.o)
 .debug_frame   0x00002338       0x70 /opt/devkitpro/libctru/lib/libctru.a(mappable.o)
 .debug_frame   0x000023a8      0x104 /opt/devkitpro/libctru/lib/libctru.a(irrst.o)
 .debug_frame   0x000024ac       0xb0 /opt/devkitpro/libctru/lib/libctru.a(srvpm.o)
 .debug_frame   0x0000255c      0x1a8 /opt/devkitpro/libctru/lib/libctru.a(ptmsysm.o)
 .debug_frame   0x00002704       0x20 /opt/devkitpro/libctru/lib/libctru.a(rbtree_init.o)
 .debug_frame   0x00002724       0x54 /opt/devkitpro/libctru/lib/libctru.a(rbtree_insert.o)
 .debug_frame   0x00002778       0x2c /opt/devkitpro/libctru/lib/libctru.a(rbtree_rotate.o)
 .debug_frame   0x000027a4       0x40 /opt/devkitpro/libctru/lib/libctru.a(rbtree_remove.o)
 .debug_frame   0x000027e4       0x30 /opt/devkitpro/libctru/lib/libctru.a(rbtree_find.o)
 .debug_frame   0x00002814       0x28 /opt/devkitpro/libctru/lib/libctru.a(appInit.o)
 .debug_frame   0x0000283c      0x224 /opt/devkitpro/libctru/lib/libctru.a(syscalls.o)
 .debug_frame   0x00002a60       0x38 /opt/devkitpro/libctru/lib/libctru.a(allocateHeaps.o)
 .debug_frame   0x00002a98       0x2c /opt/devkitpro/libctru/lib/libctru.a(appExit.o)
 .debug_frame   0x00002ac4       0x28 /opt/devkitpro/libctru/lib/libctru.a(ctru_exit.o)
 .debug_frame   0x00002aec       0x4c /opt/devkitpro/libctru/lib/libctru.a(env.o)
 .debug_frame   0x00002b38      0x52c /opt/devkitpro/libctru/lib/libctru.a(archive_dev.o)
 .debug_frame   0x00003064      0xce4 /opt/devkitpro/libctru/lib/libctru.a(fs.o)
 .debug_frame   0x00003d48       0x30 /opt/devkitpro/libctru/lib/libctru.a(rbtree_iterator.o)
 .debug_frame   0x00003d78       0x3c /opt/devkitpro/libctru/lib/libctru.a(utf16_to_utf8.o)
 .debug_frame   0x00003db4       0x28 /opt/devkitpro/libctru/lib/libctru.a(decode_utf16.o)
 .debug_frame   0x00003ddc       0x30 /opt/devkitpro/libctru/lib/libctru.a(decode_utf8.o)
 .debug_frame   0x00003e0c       0x3c /opt/devkitpro/libctru/lib/libctru.a(utf8_to_utf16.o)
 .debug_frame   0x00003e48       0x20 /opt/devkitpro/libctru/lib/libctru.a(readtp.o)
 .debug_frame   0x00003e68       0x20 /opt/devkitpro/libctru/lib/libctru.a(encode_utf16.o)
 .debug_frame   0x00003e88       0x20 /opt/devkitpro/libctru/lib/libctru.a(encode_utf8.o)

.debug_str      0x00000000     0x83c6
 *(.debug_str)
 .debug_str     0x00000000     0x83c6 main.o
                                0x37d (size before relaxing)
 .debug_str     0x000083c6      0x6bd /opt/devkitpro/libctru/lib/libctru.a(gfx.o)
 .debug_str     0x000083c6      0xc4d /opt/devkitpro/libctru/lib/libctru.a(gspgpu.o)
 .debug_str     0x000083c6      0x5f3 /opt/devkitpro/libctru/lib/libctru.a(ac.o)
 .debug_str     0x000083c6     0x1b70 /opt/devkitpro/libctru/lib/libctru.a(apt.o)
 .debug_str     0x000083c6      0x91e /opt/devkitpro/libctru/lib/libctru.a(hid.o)
 .debug_str     0x000083c6      0x295 /opt/devkitpro/libctru/lib/libctru.a(ctru_init.o)
 .debug_str     0x000083c6      0x2d8 /opt/devkitpro/libctru/lib/libctru.a(initArgv.o)
 .debug_str     0x000083c6       0xa7 /opt/devkitpro/libctru/lib/libctru.a(svc.o)
 .debug_str     0x000083c6       0xb7 /opt/devkitpro/libctru/lib/libctru.a(stack_adjust.o)
 .debug_str     0x000083c6     0x119c /opt/devkitpro/libctru/lib/libctru.a(vram.o)
 .debug_str     0x000083c6      0x795 /opt/devkitpro/libctru/lib/libctru.a(linear.o)
 .debug_str     0x000083c6      0x600 /opt/devkitpro/libctru/lib/libctru.a(mem_pool.o)
 .debug_str     0x000083c6      0x965 /opt/devkitpro/libctru/lib/libctru.a(synchronization.o)
 .debug_str     0x000083c6      0x57a /opt/devkitpro/libctru/lib/libctru.a(os.o)
 .debug_str     0x000083c6      0x669 /opt/devkitpro/libctru/lib/libctru.a(3dslink.o)
 .debug_str     0x000083c6      0xab9 /opt/devkitpro/libctru/lib/libctru.a(srv.o)
 .debug_str     0x000083c6      0x89a /opt/devkitpro/libctru/lib/libctru.a(thread.o)
 .debug_str     0x000083c6      0x3a4 /opt/devkitpro/libctru/lib/libctru.a(mappable.o)
 .debug_str     0x000083c6      0x577 /opt/devkitpro/libctru/lib/libctru.a(irrst.o)
 .debug_str     0x000083c6      0x562 /opt/devkitpro/libctru/lib/libctru.a(srvpm.o)
 .debug_str     0x000083c6      0x569 /opt/devkitpro/libctru/lib/libctru.a(ptmsysm.o)
 .debug_str     0x000083c6      0x275 /opt/devkitpro/libctru/lib/libctru.a(rbtree_init.o)
 .debug_str     0x000083c6      0x337 /opt/devkitpro/libctru/lib/libctru.a(rbtree_insert.o)
 .debug_str     0x000083c6      0x2cc /opt/devkitpro/libctru/lib/libctru.a(rbtree_rotate.o)
 .debug_str     0x000083c6      0x355 /opt/devkitpro/libctru/lib/libctru.a(rbtree_remove.o)
 .debug_str     0x000083c6      0x27f /opt/devkitpro/libctru/lib/libctru.a(rbtree_find.o)
 .debug_str     0x000083c6      0x24a /opt/devkitpro/libctru/lib/libctru.a(appInit.o)
 .debug_str     0x000083c6      0xc5d /opt/devkitpro/libctru/lib/libctru.a(syscalls.o)
 .debug_str     0x000083c6      0x5d6 /opt/devkitpro/libctru/lib/libctru.a(allocateHeaps.o)
 .debug_str     0x000083c6      0x24b /opt/devkitpro/libctru/lib/libctru.a(appExit.o)
 .debug_str     0x000083c6      0x3ec /opt/devkitpro/libctru/lib/libctru.a(ctru_exit.o)
 .debug_str     0x000083c6      0x286 /opt/devkitpro/libctru/lib/libctru.a(env.o)
 .debug_str     0x000083c6     0x1649 /opt/devkitpro/libctru/lib/libctru.a(archive_dev.o)
 .debug_str     0x000083c6     0x1cf5 /opt/devkitpro/libctru/lib/libctru.a(fs.o)
 .debug_str     0x000083c6      0x27f /opt/devkitpro/libctru/lib/libctru.a(rbtree_iterator.o)
 .debug_str     0x000083c6      0x279 /opt/devkitpro/libctru/lib/libctru.a(utf16_to_utf8.o)
 .debug_str     0x000083c6      0x231 /opt/devkitpro/libctru/lib/libctru.a(decode_utf16.o)
 .debug_str     0x000083c6      0x239 /opt/devkitpro/libctru/lib/libctru.a(decode_utf8.o)
 .debug_str     0x000083c6      0x279 /opt/devkitpro/libctru/lib/libctru.a(utf8_to_utf16.o)
 .debug_str     0x000083c6       0xb1 /opt/devkitpro/libctru/lib/libctru.a(readtp.o)
 .debug_str     0x000083c6      0x20f /opt/devkitpro/libctru/lib/libctru.a(path_buf.o)
 .debug_str     0x000083c6      0x225 /opt/devkitpro/libctru/lib/libctru.a(encode_utf16.o)
 .debug_str     0x000083c6      0x221 /opt/devkitpro/libctru/lib/libctru.a(encode_utf8.o)

.debug_loc
 *(.debug_loc)

.debug_macinfo
 *(.debug_macinfo)
LOAD /opt/devkitpro/devkitARM/bin/../lib/gcc/arm-none-eabi/14.2.0/../../../../arm-none-eabi/lib/armv6k/fpu/3dsx_crt0.o
LOAD /opt/devkitpro/devkitARM/bin/../lib/gcc/arm-none-eabi/14.2.0/armv6k/fpu/crti.o
LOAD /opt/devkitpro/devkitARM/bin/../lib/gcc/arm-none-eabi/14.2.0/armv6k/fpu/crtbegin.o
LOAD main.o
LOAD /opt/devkitpro/libctru/lib/libctru.a
LOAD /opt/devkitpro/devkitARM/bin/../lib/gcc/arm-none-eabi/14.2.0/../../../../arm-none-eabi/lib/libjpeg.a
LOAD /opt/devkitpro/portlibs/3ds/lib/libcurl.a
LOAD /opt/devkitpro/portlibs/3ds/lib/libmbedtls.a
LOAD /opt/devkitpro/portlibs/3ds/lib/libmbedx509.a
LOAD /opt/devkitpro/portlibs/3ds/lib/libmbedcrypto.a
LOAD /opt/devkitpro/devkitARM/bin/../lib/gcc/arm-none-eabi/14.2.0/../../../../arm-none-eabi/lib/armv6k/fpu/libstdc++.a